[    0.000000] Linux version 4.15.0-36-generic (buildd@lcy01-amd64-017) (gcc version 5.4.0 20160609 (Ubuntu 5.4.0-6ubuntu1~16.04.10)) #39~16.04.1-Ubuntu SMP Tue Sep 25 08:59:23 UTC 2018 (Ubuntu 4.15.0-36.39~16.04.1-generic 4.15.18)
[    0.000000] Command line: BOOT_IMAGE=/boot/vmlinuz-4.15.0-36-generic root=UUID=a7a7003e-a7f1-4bb4-bde8-61023c6283ad ro quiet splash vt.handoff=7
[    0.000000] KERNEL supported cpus:
[    0.000000]   Intel GenuineIntel
[    0.000000]   AMD AuthenticAMD
[    0.000000]   Centaur CentaurHauls
[    0.000000] x86/fpu: Supporting XSAVE feature 0x001: 'x87 floating point registers'
[    0.000000] x86/fpu: Supporting XSAVE feature 0x002: 'SSE registers'
[    0.000000] x86/fpu: Supporting XSAVE feature 0x004: 'AVX registers'
[    0.000000] x86/fpu: Supporting XSAVE feature 0x008: 'MPX bounds registers'
[    0.000000] x86/fpu: Supporting XSAVE feature 0x010: 'MPX CSR'
[    0.000000] x86/fpu: xstate_offset[2]:  576, xstate_sizes[2]:  256
[    0.000000] x86/fpu: xstate_offset[3]:  832, xstate_sizes[3]:   64
[    0.000000] x86/fpu: xstate_offset[4]:  896, xstate_sizes[4]:   64
[    0.000000] x86/fpu: Enabled xstate features 0x1f, context size is 960 bytes, using 'compacted' format.
[    0.000000] e820: BIOS-provided physical RAM map:
[    0.000000] BIOS-e820: [mem 0x0000000000000000-0x0000000000057fff] usable
[    0.000000] BIOS-e820: [mem 0x0000000000058000-0x0000000000058fff] reserved
[    0.000000] BIOS-e820: [mem 0x0000000000059000-0x000000000009dfff] usable
[    0.000000] BIOS-e820: [mem 0x000000000009e000-0x000000000009efff] reserved
[    0.000000] BIOS-e820: [mem 0x000000000009f000-0x000000000009ffff] usable
[    0.000000] BIOS-e820: [mem 0x00000000000a0000-0x00000000000fffff] reserved
[    0.000000] BIOS-e820: [mem 0x0000000000100000-0x00000000c9959fff] usable
[    0.000000] BIOS-e820: [mem 0x00000000c995a000-0x00000000c995afff] reserved
[    0.000000] BIOS-e820: [mem 0x00000000c995b000-0x00000000c9c56fff] usable
[    0.000000] BIOS-e820: [mem 0x00000000c9c57000-0x00000000c9c57fff] reserved
[    0.000000] BIOS-e820: [mem 0x00000000c9c58000-0x00000000d90fafff] usable
[    0.000000] BIOS-e820: [mem 0x00000000d90fb000-0x00000000d95fafff] type 20
[    0.000000] BIOS-e820: [mem 0x00000000d95fb000-0x00000000d9c7efff] reserved
[    0.000000] BIOS-e820: [mem 0x00000000d9c7f000-0x00000000d9e7efff] ACPI NVS
[    0.000000] BIOS-e820: [mem 0x00000000d9e7f000-0x00000000d9efefff] ACPI data
[    0.000000] BIOS-e820: [mem 0x00000000d9eff000-0x00000000d9efffff] usable
[    0.000000] BIOS-e820: [mem 0x00000000d9f00000-0x00000000de7fffff] reserved
[    0.000000] BIOS-e820: [mem 0x00000000f80fa000-0x00000000f80fafff] reserved
[    0.000000] BIOS-e820: [mem 0x00000000f80fd000-0x00000000f80fdfff] reserved
[    0.000000] BIOS-e820: [mem 0x00000000fe000000-0x00000000fe010fff] reserved
[    0.000000] BIOS-e820: [mem 0x0000000100000000-0x00000002207fffff] usable
[    0.000000] NX (Execute Disable) protection: active
[    0.000000] efi: EFI v2.40 by HP
[    0.000000] efi:  ACPI=0xd9efe000  ACPI 2.0=0xd9efe014  SMBIOS=0xd98db000  MPS=0xd99b5000  ESRT=0xd8fe5660 
[    0.000000] secureboot: Secure boot could not be determined (mode 0)
[    0.000000] SMBIOS 2.7 present.
[    0.000000] DMI: HP HP ProBook 450 G3/8101, BIOS N78 Ver. 01.33 07/18/2018
[    0.000000] e820: update [mem 0x00000000-0x00000fff] usable ==> reserved
[    0.000000] e820: remove [mem 0x000a0000-0x000fffff] usable
[    0.000000] e820: last_pfn = 0x220800 max_arch_pfn = 0x400000000
[    0.000000] MTRR default type: write-back
[    0.000000] MTRR fixed ranges enabled:
[    0.000000]   00000-9FFFF write-back
[    0.000000]   A0000-BFFFF uncachable
[    0.000000]   C0000-FFFFF write-protect
[    0.000000] MTRR variable ranges enabled:
[    0.000000]   0 base 00E0000000 mask 7FE0000000 uncachable
[    0.000000]   1 base 00DC000000 mask 7FFC000000 uncachable
[    0.000000]   2 disabled
[    0.000000]   3 disabled
[    0.000000]   4 disabled
[    0.000000]   5 disabled
[    0.000000]   6 disabled
[    0.000000]   7 disabled
[    0.000000]   8 disabled
[    0.000000]   9 disabled
[    0.000000] x86/PAT: Configuration [0-7]: WB  WC  UC- UC  WB  WP  UC- WT  
[    0.000000] e820: last_pfn = 0xd9f00 max_arch_pfn = 0x400000000
[    0.000000] esrt: ESRT header is not in the memory map.
[    0.000000] Scanning 1 areas for low memory corruption
[    0.000000] Base memory trampoline at [        (ptrval)] 97000 size 24576
[    0.000000] Using GB pages for direct mapping
[    0.000000] BRK [0x16e73f000, 0x16e73ffff] PGTABLE
[    0.000000] BRK [0x16e740000, 0x16e740fff] PGTABLE
[    0.000000] BRK [0x16e741000, 0x16e741fff] PGTABLE
[    0.000000] BRK [0x16e742000, 0x16e742fff] PGTABLE
[    0.000000] BRK [0x16e743000, 0x16e743fff] PGTABLE
[    0.000000] BRK [0x16e744000, 0x16e744fff] PGTABLE
[    0.000000] BRK [0x16e745000, 0x16e745fff] PGTABLE
[    0.000000] BRK [0x16e746000, 0x16e746fff] PGTABLE
[    0.000000] BRK [0x16e747000, 0x16e747fff] PGTABLE
[    0.000000] BRK [0x16e748000, 0x16e748fff] PGTABLE
[    0.000000] RAMDISK: [mem 0x317fe000-0x34bf6fff]
[    0.000000] ACPI: Early table checksum verification disabled
[    0.000000] ACPI: RSDP 0x00000000D9EFE014 000024 (v02 HPQOEM)
[    0.000000] ACPI: XSDT 0x00000000D9EC0188 0000DC (v01 HPQOEM SLIC-BPC 00000000      01000013)
[    0.000000] ACPI: FACP 0x00000000D9EEC000 0000F4 (v05 HPQOEM SLIC-BPC 00000000 HP   00000001)
[    0.000000] ACPI: DSDT 0x00000000D9EC6000 022AC5 (v02 HPQOEM 8101     00000000 INTL 20121018)
[    0.000000] ACPI: FACS 0x00000000D9E57000 000040
[    0.000000] ACPI: SSDT 0x00000000D9EFC000 000108 (v02 HP     ShmTable 00000001 INTL 20121018)
[    0.000000] ACPI: SSDT 0x00000000D9EFB000 00024F (v01 AcpiRe zpodd    00001000 INTL 20121018)
[    0.000000] ACPI: TCPA 0x00000000D9EF9000 000032 (v02 HPQOEM EDK2     00000002      01000013)
[    0.000000] ACPI: SSDT 0x00000000D9EF8000 00038A (v02 HPQOEM Tpm2Tabl 00001000 INTL 20121018)
[    0.000000] ACPI: TPM2 0x00000000D9EF7000 000034 (v03 HPQOEM EDK2     00000002      01000013)
[    0.000000] ACPI: UEFI 0x00000000D9E69000 000042 (v01 HPQOEM EDK2     00000002      01000013)
[    0.000000] ACPI: SSDT 0x00000000D9EF1000 0051FA (v02 SaSsdt SaSsdt   00003000 INTL 20121018)
[    0.000000] ACPI: SSDT 0x00000000D9EF0000 0005B1 (v01 Intel  PerfTune 00001000 INTL 20121018)
[    0.000000] ACPI: MSDM 0x00000000D9EEF000 000055 (v03 HPQOEM SLIC-BPC 00000000 HP   00000001)
[    0.000000] ACPI: SLIC 0x00000000D9EEE000 000176 (v01 HPQOEM SLIC-BPC 00000001 HP   00000001)
[    0.000000] ACPI: WSMT 0x00000000D9EED000 000028 (v01 HPQOEM 8101     00000001 HP   00000001)
[    0.000000] ACPI: HPET 0x00000000D9EEB000 000038 (v01 HPQOEM 8101     00000001 HP   00000001)
[    0.000000] ACPI: APIC 0x00000000D9EEA000 0000BC (v01 HPQOEM 8101     00000001 HP   00000001)
[    0.000000] ACPI: MCFG 0x00000000D9EE9000 00003C (v01 HPQOEM 8101     00000001 HP   00000001)
[    0.000000] ACPI: SSDT 0x00000000D9EC5000 00019A (v02 HPQOEM Sata0Ide 00001000 INTL 20121018)
[    0.000000] ACPI: SSDT 0x00000000D9EC4000 000729 (v01 HPQOEM PtidDevc 00001000 INTL 20121018)
[    0.000000] ACPI: SSDT 0x00000000D9EC3000 0003DC (v02 HPQOEM SDS_RTD3 00001000 INTL 20121018)
[    0.000000] ACPI: SSDT 0x00000000D9EC2000 000E73 (v02 CpuRef CpuSsdt  00003000 INTL 20121018)
[    0.000000] ACPI: NHLT 0x00000000D9EC1000 00002D (v00 INTEL  EDK2     00000002      01000013)
[    0.000000] ACPI: FPDT 0x00000000D9EFD000 000044 (v01 HPQOEM EDK2     00000002      01000013)
[    0.000000] ACPI: BGRT 0x00000000D9EBF000 000038 (v01 HPQOEM EDK2     00000002      01000013)
[    0.000000] ACPI: SSDT 0x00000000D9EFA000 000260 (v02 HP     PwrCtlEv 00000001 INTL 20121018)
[    0.000000] ACPI: Local APIC address 0xfee00000
[    0.000000] No NUMA configuration found
[    0.000000] Faking a node at [mem 0x0000000000000000-0x00000002207fffff]
[    0.000000] NODE_DATA(0) allocated [mem 0x2207d5000-0x2207fffff]
[    0.000000] Zone ranges:
[    0.000000]   DMA      [mem 0x0000000000001000-0x0000000000ffffff]
[    0.000000]   DMA32    [mem 0x0000000001000000-0x00000000ffffffff]
[    0.000000]   Normal   [mem 0x0000000100000000-0x00000002207fffff]
[    0.000000]   Device   empty
[    0.000000] Movable zone start for each node
[    0.000000] Early memory node ranges
[    0.000000]   node   0: [mem 0x0000000000001000-0x0000000000057fff]
[    0.000000]   node   0: [mem 0x0000000000059000-0x000000000009dfff]
[    0.000000]   node   0: [mem 0x000000000009f000-0x000000000009ffff]
[    0.000000]   node   0: [mem 0x0000000000100000-0x00000000c9959fff]
[    0.000000]   node   0: [mem 0x00000000c995b000-0x00000000c9c56fff]
[    0.000000]   node   0: [mem 0x00000000c9c58000-0x00000000d90fafff]
[    0.000000]   node   0: [mem 0x00000000d9eff000-0x00000000d9efffff]
[    0.000000]   node   0: [mem 0x0000000100000000-0x00000002207fffff]
[    0.000000] Initmem setup node 0 [mem 0x0000000000001000-0x00000002207fffff]
[    0.000000] On node 0 totalpages: 2070679
[    0.000000]   DMA zone: 64 pages used for memmap
[    0.000000]   DMA zone: 89 pages reserved
[    0.000000]   DMA zone: 3997 pages, LIFO batch:0
[    0.000000]   DMA32 zone: 13828 pages used for memmap
[    0.000000]   DMA32 zone: 884986 pages, LIFO batch:31
[    0.000000]   Normal zone: 18464 pages used for memmap
[    0.000000]   Normal zone: 1181696 pages, LIFO batch:31
[    0.000000] Reserved but unavailable: 98 pages
[    0.000000] Reserving Intel graphics memory at 0x00000000dc800000-0x00000000de7fffff
[    0.000000] ACPI: PM-Timer IO Port: 0x1808
[    0.000000] ACPI: Local APIC address 0xfee00000
[    0.000000] ACPI: LAPIC_NMI (acpi_id[0x01] high edge lint[0x1])
[    0.000000] ACPI: LAPIC_NMI (acpi_id[0x02] high edge lint[0x1])
[    0.000000] ACPI: LAPIC_NMI (acpi_id[0x03] high edge lint[0x1])
[    0.000000] ACPI: LAPIC_NMI (acpi_id[0x04] high edge lint[0x1])
[    0.000000] ACPI: LAPIC_NMI (acpi_id[0x05] high edge lint[0x1])
[    0.000000] ACPI: LAPIC_NMI (acpi_id[0x06] high edge lint[0x1])
[    0.000000] ACPI: LAPIC_NMI (acpi_id[0x07] high edge lint[0x1])
[    0.000000] ACPI: LAPIC_NMI (acpi_id[0x08] high edge lint[0x1])
[    0.000000] IOAPIC[0]: apic_id 2, version 32, address 0xfec00000, GSI 0-119
[    0.000000] ACPI: INT_SRC_OVR (bus 0 bus_irq 0 global_irq 2 dfl dfl)
[    0.000000] ACPI: INT_SRC_OVR (bus 0 bus_irq 9 global_irq 9 high level)
[    0.000000] ACPI: IRQ0 used by override.
[    0.000000] ACPI: IRQ9 used by override.
[    0.000000] Using ACPI (MADT) for SMP configuration information
[    0.000000] ACPI: HPET id: 0x8086a201 base: 0xfed00000
[    0.000000] smpboot: Allowing 4 CPUs, 0 hotplug CPUs
[    0.000000] PM: Registered nosave memory: [mem 0x00000000-0x00000fff]
[    0.000000] PM: Registered nosave memory: [mem 0x00058000-0x00058fff]
[    0.000000] PM: Registered nosave memory: [mem 0x0009e000-0x0009efff]
[    0.000000] PM: Registered nosave memory: [mem 0x000a0000-0x000fffff]
[    0.000000] PM: Registered nosave memory: [mem 0xc995a000-0xc995afff]
[    0.000000] PM: Registered nosave memory: [mem 0xc9c57000-0xc9c57fff]
[    0.000000] PM: Registered nosave memory: [mem 0xd90fb000-0xd95fafff]
[    0.000000] PM: Registered nosave memory: [mem 0xd95fb000-0xd9c7efff]
[    0.000000] PM: Registered nosave memory: [mem 0xd9c7f000-0xd9e7efff]
[    0.000000] PM: Registered nosave memory: [mem 0xd9e7f000-0xd9efefff]
[    0.000000] PM: Registered nosave memory: [mem 0xd9f00000-0xde7fffff]
[    0.000000] PM: Registered nosave memory: [mem 0xde800000-0xf80f9fff]
[    0.000000] PM: Registered nosave memory: [mem 0xf80fa000-0xf80fafff]
[    0.000000] PM: Registered nosave memory: [mem 0xf80fb000-0xf80fcfff]
[    0.000000] PM: Registered nosave memory: [mem 0xf80fd000-0xf80fdfff]
[    0.000000] PM: Registered nosave memory: [mem 0xf80fe000-0xfdffffff]
[    0.000000] PM: Registered nosave memory: [mem 0xfe000000-0xfe010fff]
[    0.000000] PM: Registered nosave memory: [mem 0xfe011000-0xffffffff]
[    0.000000] e820: [mem 0xde800000-0xf80f9fff] available for PCI devices
[    0.000000] Booting paravirtualized kernel on bare hardware
[    0.000000] clocksource: refined-jiffies: mask: 0xffffffff max_cycles: 0xffffffff, max_idle_ns: 7645519600211568 ns
[    0.000000] random: get_random_bytes called from start_kernel+0x99/0x51b with crng_init=0
[    0.000000] setup_percpu: NR_CPUS:8192 nr_cpumask_bits:4 nr_cpu_ids:4 nr_node_ids:1
[    0.000000] percpu: Embedded 46 pages/cpu @        (ptrval) s151552 r8192 d28672 u524288
[    0.000000] pcpu-alloc: s151552 r8192 d28672 u524288 alloc=1*2097152
[    0.000000] pcpu-alloc: [0] 0 1 2 3 
[    0.000000] Built 1 zonelists, mobility grouping on.  Total pages: 2038234
[    0.000000] Policy zone: Normal
[    0.000000] Kernel command line: BOOT_IMAGE=/boot/vmlinuz-4.15.0-36-generic root=UUID=a7a7003e-a7f1-4bb4-bde8-61023c6283ad ro quiet splash vt.handoff=7
[    0.000000] Calgary: detecting Calgary via BIOS EBDA area
[    0.000000] Calgary: Unable to locate Rio Grande table in EBDA - bailing!
[    0.000000] Memory: 7924208K/8282716K available (12300K kernel code, 2471K rwdata, 4260K rodata, 2408K init, 2416K bss, 358508K reserved, 0K cma-reserved)
[    0.000000] SLUB: HWalign=64, Order=0-3, MinObjects=0, CPUs=4, Nodes=1
[    0.000000] Kernel/User page tables isolation: enabled
[    0.000000] ftrace: allocating 39175 entries in 154 pages
[    0.000000] Hierarchical RCU implementation.
[    0.000000] 	RCU restricting CPUs from NR_CPUS=8192 to nr_cpu_ids=4.
[    0.000000] 	Tasks RCU enabled.
[    0.000000] RCU: Adjusting geometry for rcu_fanout_leaf=16, nr_cpu_ids=4
[    0.000000] NR_IRQS: 524544, nr_irqs: 1024, preallocated irqs: 16
[    0.000000] vt handoff: transparent VT on vt#7
[    0.000000] Console: colour dummy device 80x25
[    0.000000] console [tty0] enabled
[    0.000000] ACPI: Core revision 20170831
[    0.000000] ACPI Warning: Unsupported module-level executable opcode 0x70 at table offset 0xB859 (20170831/psloop-247)
[    0.000000] ACPI: 11 ACPI AML tables successfully acquired and loaded
[    0.000000] clocksource: hpet: mask: 0xffffffff max_cycles: 0xffffffff, max_idle_ns: 79635855245 ns
[    0.000000] hpet clockevent registered
[    0.004000] APIC: Switch to symmetric I/O mode setup
[    0.004000] x2apic: IRQ remapping doesn't support X2APIC mode
[    0.008000] ..TIMER: vector=0x30 apic1=0 pin1=2 apic2=-1 pin2=-1
[    0.028000] tsc: Detected 2600.000 MHz processor
[    0.028000] tsc: Detected 2592.000 MHz TSC
[    0.028000] Calibrating delay loop (skipped), value calculated using timer frequency.. 5184.00 BogoMIPS (lpj=10368000)
[    0.028000] pid_max: default: 32768 minimum: 301
[    0.028000] Security Framework initialized
[    0.028000] Yama: becoming mindful.
[    0.028000] AppArmor: AppArmor initialized
[    0.028000] Dentry cache hash table entries: 1048576 (order: 11, 8388608 bytes)
[    0.028000] Inode-cache hash table entries: 524288 (order: 10, 4194304 bytes)
[    0.028000] Mount-cache hash table entries: 16384 (order: 5, 131072 bytes)
[    0.028000] Mountpoint-cache hash table entries: 16384 (order: 5, 131072 bytes)
[    0.028000] ENERGY_PERF_BIAS: Set to 'normal', was 'performance'
[    0.028000] ENERGY_PERF_BIAS: View and update with x86_energy_perf_policy(8)
[    0.028000] mce: CPU supports 8 MCE banks
[    0.028000] CPU0: Thermal monitoring enabled (TM1)
[    0.028000] process: using mwait in idle threads
[    0.028000] Last level iTLB entries: 4KB 64, 2MB 8, 4MB 8
[    0.028000] Last level dTLB entries: 4KB 64, 2MB 0, 4MB 0, 1GB 4
[    0.028000] Spectre V2 : Mitigation: Full generic retpoline
[    0.028000] Spectre V2 : Spectre v2 / SpectreRSB mitigation: Filling RSB on context switch
[    0.028000] Spectre V2 : Spectre v2 mitigation: Enabling Indirect Branch Prediction Barrier
[    0.028000] Spectre V2 : Enabling Restricted Speculation for firmware calls
[    0.028000] Speculative Store Bypass: Mitigation: Speculative Store Bypass disabled via prctl and seccomp
[    0.037173] Freeing SMP alternatives memory: 36K
[    0.040503] TSC deadline timer enabled
[    0.040508] smpboot: CPU0: Intel(R) Core(TM) i7-6500U CPU @ 2.50GHz (family: 0x6, model: 0x4e, stepping: 0x3)
[    0.040558] Performance Events: PEBS fmt3+, Skylake events, 32-deep LBR, full-width counters, Intel PMU driver.
[    0.040584] ... version:                4
[    0.040585] ... bit width:              48
[    0.040585] ... generic registers:      4
[    0.040586] ... value mask:             0000ffffffffffff
[    0.040586] ... max period:             00007fffffffffff
[    0.040587] ... fixed-purpose events:   3
[    0.040587] ... event mask:             000000070000000f
[    0.040621] Hierarchical SRCU implementation.
[    0.041453] NMI watchdog: Enabled. Permanently consumes one hw-PMU counter.
[    0.041464] smp: Bringing up secondary CPUs ...
[    0.041521] x86: Booting SMP configuration:
[    0.041522] .... node  #0, CPUs:      #1 #2 #3
[    0.042180] smp: Brought up 1 node, 4 CPUs
[    0.042180] smpboot: Max logical packages: 1
[    0.042180] smpboot: Total of 4 processors activated (20736.00 BogoMIPS)
[    0.044255] devtmpfs: initialized
[    0.044255] x86/mm: Memory block size: 128MB
[    0.044617] evm: security.selinux
[    0.044617] evm: security.SMACK64
[    0.044618] evm: security.SMACK64EXEC
[    0.044618] evm: security.SMACK64TRANSMUTE
[    0.044618] evm: security.SMACK64MMAP
[    0.044619] evm: security.apparmor
[    0.044619] evm: security.ima
[    0.044620] evm: security.capability
[    0.044630] PM: Registering ACPI NVS region [mem 0xd9c7f000-0xd9e7efff] (2097152 bytes)
[    0.044630] clocksource: jiffies: mask: 0xffffffff max_cycles: 0xffffffff, max_idle_ns: 7645041785100000 ns
[    0.044630] futex hash table entries: 1024 (order: 4, 65536 bytes)
[    0.044630] pinctrl core: initialized pinctrl subsystem
[    0.044630] RTC time: 14:37:02, date: 10/22/18
[    0.044630] NET: Registered protocol family 16
[    0.044630] audit: initializing netlink subsys (disabled)
[    0.044630] audit: type=2000 audit(1540219022.044:1): state=initialized audit_enabled=0 res=1
[    0.044630] cpuidle: using governor ladder
[    0.044630] cpuidle: using governor menu
[    0.044630] ACPI FADT declares the system doesn't support PCIe ASPM, so disable it
[    0.044630] ACPI: bus type PCI registered
[    0.044630] acpiphp: ACPI Hot Plug PCI Controller Driver version: 0.5
[    0.044630] PCI: MMCONFIG for domain 0000 [bus 00-3f] at [mem 0xf8000000-0xfbffffff] (base 0xf8000000)
[    0.044630] PCI: not using MMCONFIG
[    0.044630] PCI: Using configuration type 1 for base access
[    0.044939] HugeTLB registered 1.00 GiB page size, pre-allocated 0 pages
[    0.044939] HugeTLB registered 2.00 MiB page size, pre-allocated 0 pages
[    0.044939] ACPI: Added _OSI(Module Device)
[    0.044939] ACPI: Added _OSI(Processor Device)
[    0.044939] ACPI: Added _OSI(3.0 _SCP Extensions)
[    0.044939] ACPI: Added _OSI(Processor Aggregator Device)
[    0.044939] ACPI: Added _OSI(Linux-Dell-Video)
[    0.044939] ACPI: Added _OSI(Linux-Lenovo-NV-HDMI-Audio)
[    0.044939] ACPI: Executed 4 blocks of module-level executable AML code
[    0.060006] ACPI: [Firmware Bug]: BIOS _OSI(Linux) query ignored
[    0.064258] ACPI: Dynamic OEM Table Load:
[    0.064268] ACPI: SSDT 0xFFFF9DD516476000 000660 (v02 PmRef  Cpu0Ist  00003000 INTL 20121018)
[    0.064329] ACPI: \_PR_.CPU0: _OSC native thermal LVT Acked
[    0.064945] ACPI: Dynamic OEM Table Load:
[    0.064951] ACPI: SSDT 0xFFFF9DD5165D5800 00037F (v02 PmRef  Cpu0Cst  00003001 INTL 20121018)
[    0.065313] ACPI: Dynamic OEM Table Load:
[    0.065318] ACPI: SSDT 0xFFFF9DD516BB1000 00008E (v02 PmRef  Cpu0Hwp  00003000 INTL 20121018)
[    0.065584] ACPI: Dynamic OEM Table Load:
[    0.065588] ACPI: SSDT 0xFFFF9DD5165D0E00 000130 (v02 PmRef  HwpLvt   00003000 INTL 20121018)
[    0.065804] ACPI: Dynamic OEM Table Load:
[    0.065804] ACPI: SSDT 0xFFFF9DD516476800 0005AA (v02 PmRef  ApIst    00003000 INTL 20121018)
[    0.068149] ACPI: Dynamic OEM Table Load:
[    0.068155] ACPI: SSDT 0xFFFF9DD5165CDE00 000119 (v02 PmRef  ApHwp    00003000 INTL 20121018)
[    0.068372] ACPI: Dynamic OEM Table Load:
[    0.068372] ACPI: SSDT 0xFFFF9DD5165D0800 000119 (v02 PmRef  ApCst    00003000 INTL 20121018)
[    0.069499] ACPI: EC: EC started
[    0.069499] ACPI: EC: interrupt blocked
[    2.392319] ACPI: \_SB_.PCI0.LPCB.EC0_: Used as first EC
[    2.392321] ACPI: \_SB_.PCI0.LPCB.EC0_: GPE=0x6e, EC_CMD/EC_SC=0x66, EC_DATA=0x62
[    2.392322] ACPI: \_SB_.PCI0.LPCB.EC0_: Used as boot DSDT EC to handle transactions
[    2.392322] ACPI: Interpreter enabled
[    2.392374] ACPI: (supports S0 S3 S4 S5)
[    2.392375] ACPI: Using IOAPIC for interrupt routing
[    2.392418] PCI: MMCONFIG for domain 0000 [bus 00-3f] at [mem 0xf8000000-0xfbffffff] (base 0xf8000000)
[    2.393630] PCI: MMCONFIG at [mem 0xf8000000-0xfbffffff] reserved in ACPI motherboard resources
[    2.393637] PCI: Using host bridge windows from ACPI; if necessary, use "pci=nocrs" and report a bug
[    2.394000] ACPI: Enabled 7 GPEs in block 00 to 7F
[    2.395987] ACPI: Power Resource [PG01] (on)
[    2.396429] ACPI: Power Resource [PG02] (on)
[    2.396882] ACPI: Power Resource [PG00] (on)
[    2.402441] ACPI: Power Resource [WRST] (on)
[    2.402891] ACPI: Power Resource [WRST] (on)
[    2.403317] ACPI: Power Resource [WRST] (on)
[    2.403746] ACPI: Power Resource [WRST] (on)
[    2.404186] ACPI: Power Resource [WRST] (on)
[    2.404711] ACPI: Power Resource [WRST] (on)
[    2.405133] ACPI: Power Resource [WRST] (on)
[    2.405557] ACPI: Power Resource [WRST] (on)
[    2.405801] ACPI: Power Resource [PXP] (on)
[    2.536708] ACPI: Power Resource [WRST] (on)
[    2.537221] ACPI: Power Resource [WRST] (on)
[    2.537727] ACPI: Power Resource [WRST] (on)
[    2.538230] ACPI: Power Resource [WRST] (on)
[    2.538699] ACPI: Power Resource [WRST] (on)
[    2.539174] ACPI: Power Resource [WRST] (on)
[    2.539655] ACPI: Power Resource [WRST] (on)
[    2.540134] ACPI: Power Resource [WRST] (on)
[    2.540604] ACPI: Power Resource [WRST] (on)
[    2.541076] ACPI: Power Resource [WRST] (on)
[    2.541545] ACPI: Power Resource [WRST] (on)
[    2.542018] ACPI: Power Resource [WRST] (on)
[    2.542688] ACPI: Power Resource [P1PR] (on)
[    3.264360] ACPI: PCI Root Bridge [PCI0] (domain 0000 [bus 00-3e])
[    3.264366] acpi PNP0A08:00: _OSC: OS supports [ExtendedConfig ASPM ClockPM Segments MSI]
[    3.266300] acpi PNP0A08:00: _OSC: OS now controls [PCIeHotplug PME AER PCIeCapability]
[    3.266301] acpi PNP0A08:00: FADT indicates ASPM is unsupported, using BIOS configuration
[    3.268214] PCI host bridge to bus 0000:00
[    3.268216] pci_bus 0000:00: root bus resource [io  0x0000-0x0cf7 window]
[    3.268217] pci_bus 0000:00: root bus resource [io  0x0d00-0xffff window]
[    3.268218] pci_bus 0000:00: root bus resource [mem 0x000a0000-0x000bffff window]
[    3.268219] pci_bus 0000:00: root bus resource [mem 0xde800000-0xf7ffffff window]
[    3.268220] pci_bus 0000:00: root bus resource [mem 0xfd000000-0xfe7fffff window]
[    3.268221] pci_bus 0000:00: root bus resource [bus 00-3e]
[    3.268229] pci 0000:00:00.0: [8086:1904] type 00 class 0x060000
[    3.268936] pci 0000:00:02.0: [8086:1916] type 00 class 0x030000
[    3.268947] pci 0000:00:02.0: reg 0x10: [mem 0xf0000000-0xf0ffffff 64bit]
[    3.268953] pci 0000:00:02.0: reg 0x18: [mem 0xe0000000-0xefffffff 64bit pref]
[    3.268957] pci 0000:00:02.0: reg 0x20: [io  0x4000-0x403f]
[    3.268970] pci 0000:00:02.0: BAR 2: assigned to efifb
[    3.269735] pci 0000:00:14.0: [8086:9d2f] type 00 class 0x0c0330
[    3.269754] pci 0000:00:14.0: reg 0x10: [mem 0xf1300000-0xf130ffff 64bit]
[    3.269811] pci 0000:00:14.0: PME# supported from D3hot D3cold
[    3.270578] pci 0000:00:14.2: [8086:9d31] type 00 class 0x118000
[    3.270597] pci 0000:00:14.2: reg 0x10: [mem 0xf132a000-0xf132afff 64bit]
[    3.271345] pci 0000:00:16.0: [8086:9d3a] type 00 class 0x078000
[    3.271363] pci 0000:00:16.0: reg 0x10: [mem 0xf132b000-0xf132bfff 64bit]
[    3.271425] pci 0000:00:16.0: PME# supported from D3hot
[    3.272156] pci 0000:00:17.0: [8086:9d03] type 00 class 0x010601
[    3.272173] pci 0000:00:17.0: reg 0x10: [mem 0xf1328000-0xf1329fff]
[    3.272180] pci 0000:00:17.0: reg 0x14: [mem 0xf132e000-0xf132e0ff]
[    3.272186] pci 0000:00:17.0: reg 0x18: [io  0x4080-0x4087]
[    3.272192] pci 0000:00:17.0: reg 0x1c: [io  0x4088-0x408b]
[    3.272199] pci 0000:00:17.0: reg 0x20: [io  0x4040-0x405f]
[    3.272206] pci 0000:00:17.0: reg 0x24: [mem 0xf132c000-0xf132c7ff]
[    3.272244] pci 0000:00:17.0: PME# supported from D3hot
[    3.272969] pci 0000:00:1c.0: [8086:9d14] type 01 class 0x060400
[    3.273034] pci 0000:00:1c.0: PME# supported from D0 D3hot D3cold
[    3.273799] pci 0000:00:1c.5: [8086:9d15] type 01 class 0x060400
[    3.273865] pci 0000:00:1c.5: PME# supported from D0 D3hot D3cold
[    3.274620] pci 0000:00:1d.0: [8086:9d18] type 01 class 0x060400
[    3.274688] pci 0000:00:1d.0: PME# supported from D0 D3hot D3cold
[    3.275458] pci 0000:00:1f.0: [8086:9d48] type 00 class 0x060100
[    3.276237] pci 0000:00:1f.2: [8086:9d21] type 00 class 0x058000
[    3.276251] pci 0000:00:1f.2: reg 0x10: [mem 0xf1320000-0xf1323fff]
[    3.276998] pci 0000:00:1f.3: [8086:9d70] type 00 class 0x040380
[    3.277023] pci 0000:00:1f.3: reg 0x10: [mem 0xf1324000-0xf1327fff 64bit]
[    3.277048] pci 0000:00:1f.3: reg 0x20: [mem 0xf1310000-0xf131ffff 64bit]
[    3.277095] pci 0000:00:1f.3: PME# supported from D3hot D3cold
[    3.277839] pci 0000:00:1f.4: [8086:9d23] type 00 class 0x0c0500
[    3.277892] pci 0000:00:1f.4: reg 0x10: [mem 0xf132d000-0xf132d0ff 64bit]
[    3.277942] pci 0000:00:1f.4: reg 0x20: [io  0xefa0-0xefbf]
[    3.278760] pci 0000:01:00.0: [10ec:8168] type 00 class 0x020000
[    3.278787] pci 0000:01:00.0: reg 0x10: [io  0x3000-0x30ff]
[    3.278813] pci 0000:01:00.0: reg 0x18: [mem 0xf1004000-0xf1004fff 64bit]
[    3.278829] pci 0000:01:00.0: reg 0x20: [mem 0xf1000000-0xf1003fff 64bit]
[    3.278921] pci 0000:01:00.0: supports D1 D2
[    3.278922] pci 0000:01:00.0: PME# supported from D0 D1 D2 D3hot D3cold
[    3.292028] pci 0000:00:1c.0: PCI bridge to [bus 01]
[    3.292031] pci 0000:00:1c.0:   bridge window [io  0x3000-0x3fff]
[    3.292033] pci 0000:00:1c.0:   bridge window [mem 0xf1000000-0xf10fffff]
[    3.292245] pci 0000:02:00.0: [8086:3165] type 00 class 0x028000
[    3.292340] pci 0000:02:00.0: reg 0x10: [mem 0xf1100000-0xf1101fff 64bit]
[    3.292561] pci 0000:02:00.0: PME# supported from D0 D3hot D3cold
[    3.304084] pci 0000:00:1c.5: PCI bridge to [bus 02]
[    3.304088] pci 0000:00:1c.5:   bridge window [mem 0xf1100000-0xf11fffff]
[    3.304170] pci 0000:03:00.0: [10ec:522a] type 00 class 0xff0000
[    3.304196] pci 0000:03:00.0: reg 0x10: [mem 0xf1200000-0xf1200fff]
[    3.304317] pci 0000:03:00.0: supports D1 D2
[    3.304318] pci 0000:03:00.0: PME# supported from D1 D2 D3hot D3cold
[    3.320042] pci 0000:00:1d.0: PCI bridge to [bus 03]
[    3.320047] pci 0000:00:1d.0:   bridge window [mem 0xf1200000-0xf12fffff]
[    3.321778] ACPI: PCI Interrupt Link [LNKA] (IRQs 3 4 5 6 10 *11 12 14 15)
[    3.321850] ACPI: PCI Interrupt Link [LNKB] (IRQs 3 4 5 6 *10 11 12 14 15)
[    3.321920] ACPI: PCI Interrupt Link [LNKC] (IRQs 3 4 5 6 10 *11 12 14 15)
[    3.321989] ACPI: PCI Interrupt Link [LNKD] (IRQs 3 4 5 6 10 *11 12 14 15)
[    3.322057] ACPI: PCI Interrupt Link [LNKE] (IRQs 3 4 5 6 10 *11 12 14 15)
[    3.322126] ACPI: PCI Interrupt Link [LNKF] (IRQs 3 4 5 6 10 *11 12 14 15)
[    3.322196] ACPI: PCI Interrupt Link [LNKG] (IRQs 3 4 5 6 10 *11 12 14 15)
[    3.322265] ACPI: PCI Interrupt Link [LNKH] (IRQs 3 4 5 6 10 *11 12 14 15)
[    3.324001] ACPI: EC: interrupt unblocked
[    3.324001] ACPI: EC: event unblocked
[    3.324001] ACPI: \_SB_.PCI0.LPCB.EC0_: GPE=0x6e, EC_CMD/EC_SC=0x66, EC_DATA=0x62
[    3.324001] ACPI: \_SB_.PCI0.LPCB.EC0_: Used as boot DSDT EC to handle transactions and events
[    3.324001] SCSI subsystem initialized
[    3.324013] libata version 3.00 loaded.
[    3.324021] pci 0000:00:02.0: vgaarb: setting as boot VGA device
[    3.324021] pci 0000:00:02.0: vgaarb: VGA device added: decodes=io+mem,owns=io+mem,locks=none
[    3.324021] pci 0000:00:02.0: vgaarb: bridge control possible
[    3.324021] vgaarb: loaded
[    3.324023] ACPI: bus type USB registered
[    3.324035] usbcore: registered new interface driver usbfs
[    3.324040] usbcore: registered new interface driver hub
[    3.324053] usbcore: registered new device driver usb
[    3.324082] EDAC MC: Ver: 3.0.0
[    3.324141] Registered efivars operations
[    3.361005] PCI: Using ACPI for IRQ routing
[    3.367727] PCI: pci_cache_line_size set to 64 bytes
[    3.367905] e820: reserve RAM buffer [mem 0x00058000-0x0005ffff]
[    3.367906] e820: reserve RAM buffer [mem 0x0009e000-0x0009ffff]
[    3.367907] e820: reserve RAM buffer [mem 0xc995a000-0xcbffffff]
[    3.367908] e820: reserve RAM buffer [mem 0xc9c57000-0xcbffffff]
[    3.367909] e820: reserve RAM buffer [mem 0xd90fb000-0xdbffffff]
[    3.367910] e820: reserve RAM buffer [mem 0xd9f00000-0xdbffffff]
[    3.367910] e820: reserve RAM buffer [mem 0x220800000-0x223ffffff]
[    3.368001] NetLabel: Initializing
[    3.368001] NetLabel:  domain hash size = 128
[    3.368001] NetLabel:  protocols = UNLABELED CIPSOv4 CALIPSO
[    3.368001] NetLabel:  unlabeled traffic allowed by default
[    3.368347] hpet0: at MMIO 0xfed00000, IRQs 2, 8, 0, 0, 0, 0, 0, 0
[    3.368351] hpet0: 8 comparators, 64-bit 24.000000 MHz counter
[    3.370390] clocksource: Switched to clocksource hpet
[    3.376949] VFS: Disk quotas dquot_6.6.0
[    3.376962] VFS: Dquot-cache hash table entries: 512 (order 0, 4096 bytes)
[    3.377072] AppArmor: AppArmor Filesystem Enabled
[    3.377092] pnp: PnP ACPI init
[    3.377272] system 00:00: [mem 0xfd000000-0xfdabffff] has been reserved
[    3.377273] system 00:00: [mem 0xfdad0000-0xfdadffff] has been reserved
[    3.377274] system 00:00: [mem 0xfdb00000-0xfdffffff] has been reserved
[    3.377276] system 00:00: [mem 0xfe000000-0xfe01ffff] could not be reserved
[    3.377277] system 00:00: [mem 0xfe03d000-0xfe3fffff] has been reserved
[    3.377281] system 00:00: Plug and Play ACPI device, IDs PNP0c02 (active)
[    3.377594] system 00:01: [io  0x2000-0x20fe] has been reserved
[    3.377597] system 00:01: Plug and Play ACPI device, IDs PNP0c02 (active)
[    3.377739] system 00:02: [io  0x0680-0x069f] has been reserved
[    3.377740] system 00:02: [io  0xffff] has been reserved
[    3.377741] system 00:02: [io  0xffff] has been reserved
[    3.377743] system 00:02: [io  0xffff] has been reserved
[    3.377744] system 00:02: [io  0x1800-0x18fe] has been reserved
[    3.377745] system 00:02: [io  0x164e-0x164f] has been reserved
[    3.377748] system 00:02: Plug and Play ACPI device, IDs PNP0c02 (active)
[    3.377841] pnp 00:03: Plug and Play ACPI device, IDs PNP0b00 (active)
[    3.377872] system 00:04: [io  0x1854-0x1857] has been reserved
[    3.377875] system 00:04: Plug and Play ACPI device, IDs INT3f0d PNP0c02 (active)
[    3.377892] pnp 00:05: Plug and Play ACPI device, IDs HPQ8002 PNP0303 (active)
[    3.377907] pnp 00:06: Plug and Play ACPI device, IDs SYN302b SYN0100 SYN0002 PNP0f13 (active)
[    3.377972] system 00:07: [io  0x0200-0x023f] has been reserved
[    3.377974] system 00:07: [mem 0xfedf0000-0xfedfffff] has been reserved
[    3.377976] system 00:07: Plug and Play ACPI device, IDs PNP0c02 (active)
[    3.378335] system 00:08: [mem 0xfed10000-0xfed17fff] has been reserved
[    3.378336] system 00:08: [mem 0xfed18000-0xfed18fff] has been reserved
[    3.378337] system 00:08: [mem 0xfed19000-0xfed19fff] has been reserved
[    3.378339] system 00:08: [mem 0xf8000000-0xfbffffff] could not be reserved
[    3.378340] system 00:08: [mem 0xfed20000-0xfed3ffff] has been reserved
[    3.378341] system 00:08: [mem 0xfed90000-0xfed93fff] has been reserved
[    3.378342] system 00:08: [mem 0xfed45000-0xfed8ffff] has been reserved
[    3.378343] system 00:08: [mem 0xff000000-0xffffffff] has been reserved
[    3.378344] system 00:08: [mem 0xfee00000-0xfeefffff] has been reserved
[    3.378346] system 00:08: [mem 0xde800000-0xde81ffff] has been reserved
[    3.378348] system 00:08: Plug and Play ACPI device, IDs PNP0c02 (active)
[    3.378674] pnp: PnP ACPI: found 9 devices
[    3.386412] clocksource: acpi_pm: mask: 0xffffff max_cycles: 0xffffff, max_idle_ns: 2085701024 ns
[    3.386432] pci 0000:00:1d.0: bridge window [io  0x1000-0x0fff] to [bus 03] add_size 1000
[    3.386434] pci 0000:00:1d.0: bridge window [mem 0x00100000-0x000fffff 64bit pref] to [bus 03] add_size 200000 add_align 100000
[    3.386440] pci 0000:00:1d.0: BAR 15: assigned [mem 0xde900000-0xdeafffff 64bit pref]
[    3.386442] pci 0000:00:1d.0: BAR 13: assigned [io  0x5000-0x5fff]
[    3.386445] pci 0000:00:1c.0: PCI bridge to [bus 01]
[    3.386447] pci 0000:00:1c.0:   bridge window [io  0x3000-0x3fff]
[    3.386450] pci 0000:00:1c.0:   bridge window [mem 0xf1000000-0xf10fffff]
[    3.386455] pci 0000:00:1c.5: PCI bridge to [bus 02]
[    3.386458] pci 0000:00:1c.5:   bridge window [mem 0xf1100000-0xf11fffff]
[    3.386463] pci 0000:00:1d.0: PCI bridge to [bus 03]
[    3.386465] pci 0000:00:1d.0:   bridge window [io  0x5000-0x5fff]
[    3.386468] pci 0000:00:1d.0:   bridge window [mem 0xf1200000-0xf12fffff]
[    3.386470] pci 0000:00:1d.0:   bridge window [mem 0xde900000-0xdeafffff 64bit pref]
[    3.386475] pci_bus 0000:00: resource 4 [io  0x0000-0x0cf7 window]
[    3.386476] pci_bus 0000:00: resource 5 [io  0x0d00-0xffff window]
[    3.386478] pci_bus 0000:00: resource 6 [mem 0x000a0000-0x000bffff window]
[    3.386479] pci_bus 0000:00: resource 7 [mem 0xde800000-0xf7ffffff window]
[    3.386480] pci_bus 0000:00: resource 8 [mem 0xfd000000-0xfe7fffff window]
[    3.386481] pci_bus 0000:01: resource 0 [io  0x3000-0x3fff]
[    3.386482] pci_bus 0000:01: resource 1 [mem 0xf1000000-0xf10fffff]
[    3.386483] pci_bus 0000:02: resource 1 [mem 0xf1100000-0xf11fffff]
[    3.386484] pci_bus 0000:03: resource 0 [io  0x5000-0x5fff]
[    3.386485] pci_bus 0000:03: resource 1 [mem 0xf1200000-0xf12fffff]
[    3.386486] pci_bus 0000:03: resource 2 [mem 0xde900000-0xdeafffff 64bit pref]
[    3.386604] NET: Registered protocol family 2
[    3.386799] TCP established hash table entries: 65536 (order: 7, 524288 bytes)
[    3.386924] TCP bind hash table entries: 65536 (order: 8, 1048576 bytes)
[    3.387159] TCP: Hash tables configured (established 65536 bind 65536)
[    3.387192] UDP hash table entries: 4096 (order: 5, 131072 bytes)
[    3.387222] UDP-Lite hash table entries: 4096 (order: 5, 131072 bytes)
[    3.387280] NET: Registered protocol family 1
[    3.387290] pci 0000:00:02.0: Video device with shadowed ROM at [mem 0x000c0000-0x000dffff]
[    3.387598] PCI: CLS 0 bytes, default 64
[    3.387624] Unpacking initramfs...
[    4.013435] Freeing initrd memory: 53220K
[    4.013500] PCI-DMA: Using software bounce buffering for IO (SWIOTLB)
[    4.013503] software IO TLB [mem 0xd4beb000-0xd8beb000] (64MB) mapped at [        (ptrval)-        (ptrval)]
[    4.013720] clocksource: tsc: mask: 0xffffffffffffffff max_cycles: 0x255cb6cc5db, max_idle_ns: 440795203504 ns
[    4.013830] Scanning for low memory corruption every 60 seconds
[    4.014439] Initialise system trusted keyrings
[    4.014446] Key type blacklist registered
[    4.014517] workingset: timestamp_bits=36 max_order=21 bucket_order=0
[    4.015441] zbud: loaded
[    4.015873] squashfs: version 4.0 (2009/01/31) Phillip Lougher
[    4.016067] fuse init (API version 7.26)
[    4.018534] Key type asymmetric registered
[    4.018535] Asymmetric key parser 'x509' registered
[    4.018557] Block layer SCSI generic (bsg) driver version 0.4 loaded (major 246)
[    4.018608] io scheduler noop registered
[    4.018609] io scheduler deadline registered
[    4.018644] io scheduler cfq registered (default)
[    4.019356] pcieport 0000:00:1c.0: AER enabled with IRQ 120
[    4.019379] pcieport 0000:00:1c.5: AER enabled with IRQ 121
[    4.019398] pcieport 0000:00:1d.0: AER enabled with IRQ 122
[    4.019407] pcieport 0000:00:1c.0: Signaling PME with IRQ 120
[    4.019415] pcieport 0000:00:1c.5: Signaling PME with IRQ 121
[    4.019423] pcieport 0000:00:1d.0: Signaling PME with IRQ 122
[    4.019440] pciehp 0000:00:1d.0:pcie004: Slot #8 AttnBtn- PwrCtrl- MRL- AttnInd- PwrInd- HotPlug+ Surprise+ Interlock- NoCompl+ LLActRep+
[    4.019500] efifb: probing for efifb
[    4.019507] efifb: framebuffer at 0xe0000000, using 3072k, total 3072k
[    4.019508] efifb: mode is 1024x768x32, linelength=4096, pages=1
[    4.019508] efifb: scrolling: redraw
[    4.019509] efifb: Truecolor: size=8:8:8:8, shift=24:16:8:0
[    4.019579] Console: switching to colour frame buffer device 128x48
[    4.019590] fb0: EFI VGA frame buffer device
[    4.019596] intel_idle: MWAIT substates: 0x11142120
[    4.019597] intel_idle: v0.4.1 model 0x4E
[    4.019788] intel_idle: lapic_timer_reliable_states 0xffffffff
[    4.019985] ACPI: AC Adapter [AC] (on-line)
[    4.020060] input: Sleep Button as /devices/LNXSYSTM:00/LNXSYBUS:00/PNP0C0E:00/input/input0
[    4.020069] ACPI: Sleep Button [SLPB]
[    4.020092] input: Lid Switch as /devices/LNXSYSTM:00/LNXSYBUS:00/PNP0C0D:00/input/input1
[    4.020099] ACPI: Lid Switch [LID]
[    4.020122] input: Power Button as /devices/LNXSYSTM:00/LNXPWRBN:00/input/input2
[    4.020174] ACPI: Power Button [PWRF]
[    4.023289] (NULL device *): hwmon_device_register() is deprecated. Please convert the driver to use hwmon_device_register_with_info().
[    4.023799] thermal LNXTHERM:00: registered as thermal_zone0
[    4.023800] ACPI: Thermal Zone [CPUZ] (8 C)
[    4.031149] thermal LNXTHERM:01: registered as thermal_zone1
[    4.031150] ACPI: Thermal Zone [GFXZ] (0 C)
[    4.034290] thermal LNXTHERM:02: registered as thermal_zone2
[    4.034291] ACPI: Thermal Zone [EXTZ] (40 C)
[    4.037502] thermal LNXTHERM:03: registered as thermal_zone3
[    4.037503] ACPI: Thermal Zone [LOCZ] (42 C)
[    4.041536] thermal LNXTHERM:04: registered as thermal_zone4
[    4.041537] ACPI: Thermal Zone [BATZ] (31 C)
[    4.041875] thermal LNXTHERM:05: registered as thermal_zone5
[    4.041876] ACPI: Thermal Zone [PCHZ] (127 C)
[    4.042065] Serial: 8250/16550 driver, 32 ports, IRQ sharing enabled
[    4.045079] Linux agpgart interface v0.103
[    4.049988] ACPI: Battery Slot [BAT0] (battery present)
[    4.061420] tpm_tis MSFT0101:00: 2.0 TPM (device-id 0x1B, rev-id 16)
[    4.153709] loop: module loaded
[    4.153852] libphy: Fixed MDIO Bus: probed
[    4.153853] tun: Universal TUN/TAP device driver, 1.6
[    4.153902] PPP generic driver version 2.4.2
[    4.153958] ehci_hcd: USB 2.0 'Enhanced' Host Controller (EHCI) Driver
[    4.153960] ehci-pci: EHCI PCI platform driver
[    4.153968] ehci-platform: EHCI generic platform driver
[    4.153976] ohci_hcd: USB 1.1 'Open' Host Controller (OHCI) Driver
[    4.153978] ohci-pci: OHCI PCI platform driver
[    4.153984] ohci-platform: OHCI generic platform driver
[    4.153989] uhci_hcd: USB Universal Host Controller Interface driver
[    4.154173] xhci_hcd 0000:00:14.0: xHCI Host Controller
[    4.154178] xhci_hcd 0000:00:14.0: new USB bus registered, assigned bus number 1
[    4.155259] xhci_hcd 0000:00:14.0: hcc params 0x200077c1 hci version 0x100 quirks 0x00109810
[    4.155264] xhci_hcd 0000:00:14.0: cache line size of 64 is not supported
[    4.155406] usb usb1: New USB device found, idVendor=1d6b, idProduct=0002
[    4.155408] usb usb1: New USB device strings: Mfr=3, Product=2, SerialNumber=1
[    4.155409] usb usb1: Product: xHCI Host Controller
[    4.155410] usb usb1: Manufacturer: Linux 4.15.0-36-generic xhci-hcd
[    4.155411] usb usb1: SerialNumber: 0000:00:14.0
[    4.155558] hub 1-0:1.0: USB hub found
[    4.155572] hub 1-0:1.0: 12 ports detected
[    4.158286] xhci_hcd 0000:00:14.0: xHCI Host Controller
[    4.158290] xhci_hcd 0000:00:14.0: new USB bus registered, assigned bus number 2
[    4.158293] xhci_hcd 0000:00:14.0: Host supports USB 3.0  SuperSpeed
[    4.158319] usb usb2: New USB device found, idVendor=1d6b, idProduct=0003
[    4.158321] usb usb2: New USB device strings: Mfr=3, Product=2, SerialNumber=1
[    4.158322] usb usb2: Product: xHCI Host Controller
[    4.158323] usb usb2: Manufacturer: Linux 4.15.0-36-generic xhci-hcd
[    4.158324] usb usb2: SerialNumber: 0000:00:14.0
[    4.158465] hub 2-0:1.0: USB hub found
[    4.158475] hub 2-0:1.0: 6 ports detected
[    4.158599] usb: port power management may be unreliable
[    4.158952] i8042: PNP: PS/2 Controller [PNP0303:PS2K,PNP0f13:PS2M] at 0x60,0x64 irq 1,12
[    4.160476] i8042: Detected active multiplexing controller, rev 1.1
[    4.161350] serio: i8042 KBD port at 0x60,0x64 irq 1
[    4.161353] serio: i8042 AUX0 port at 0x60,0x64 irq 12
[    4.161373] serio: i8042 AUX1 port at 0x60,0x64 irq 12
[    4.161389] serio: i8042 AUX2 port at 0x60,0x64 irq 12
[    4.161404] serio: i8042 AUX3 port at 0x60,0x64 irq 12
[    4.161617] mousedev: PS/2 mouse device common for all mice
[    4.161985] rtc_cmos 00:03: RTC can wake from S4
[    4.162414] rtc_cmos 00:03: rtc core: registered rtc_cmos as rtc0
[    4.162495] rtc_cmos 00:03: alarms up to one month, y3k, 242 bytes nvram, hpet irqs
[    4.162501] i2c /dev entries driver
[    4.162505] pcie_mp2_amd: AMD(R) PCI-E MP2 Communication Driver Version: 1.0
[    4.162571] device-mapper: uevent: version 1.0.3
[    4.162663] device-mapper: ioctl: 4.37.0-ioctl (2017-09-20) initialised: dm-devel@redhat.com
[    4.162666] intel_pstate: Intel P-state driver initializing
[    4.163109] intel_pstate: HWP enabled
[    4.163307] ledtrig-cpu: registered to indicate activity on CPUs
[    4.163308] EFI Variables Facility v0.08 2004-May-17
[    4.186856] input: AT Translated Set 2 keyboard as /devices/platform/i8042/serio0/input/input3
[    4.203816] intel_pmc_core:  initialized
[    4.203991] NET: Registered protocol family 10
[    4.207540] Segment Routing with IPv6
[    4.207555] NET: Registered protocol family 17
[    4.207622] Key type dns_resolver registered
[    4.207908] RAS: Correctable Errors collector initialized.
[    4.207956] microcode: sig=0x406e3, pf=0x80, revision=0xc6
[    4.208083] microcode: Microcode Update Driver: v2.2.
[    4.208089] sched_clock: Marking stable (4208080243, 0)->(4192177553, 15902690)
[    4.208413] registered taskstats version 1
[    4.208421] Loading compiled-in X.509 certificates
[    4.210282] Loaded X.509 cert 'Build time autogenerated kernel key: 5fd1c39db3adf7bafe36fc7613e1f53b7a1a61bd'
[    4.210787] Loaded UEFI:db cert 'Hewlett-Packard Company: HP UEFI Secure Boot 2013 DB key: 1d7cf2c2b92673f69c8ee1ec7063967ab9b62bec' linked to secondary sys keyring
[    4.210804] Loaded UEFI:db cert 'Microsoft Windows Production PCA 2011: a92902398e16c49778cd90f99e4f9ae17c55af53' linked to secondary sys keyring
[    4.210836] Loaded UEFI:db cert 'Microsoft Corporation UEFI CA 2011: 13adbf4309bd82709c8cd54f316ed522988a1bd4' linked to secondary sys keyring
[    4.211035] Couldn't get size: 0x800000000000000e
[    4.211037] MODSIGN: Couldn't get UEFI MokListRT
[    4.211632] zswap: loaded using pool lzo/zbud
[    4.215162] Key type big_key registered
[    4.215165] Key type trusted registered
[    4.216616] Key type encrypted registered
[    4.216618] AppArmor: AppArmor sha1 policy hashing enabled
[    4.233226] ima: Allocated hash algorithm: sha1
[    4.432307] evm: HMAC attrs: 0x1
[    4.433326]   Magic number: 6:743:637
[    4.433549] rtc_cmos 00:03: setting system clock to 2018-10-22 14:37:07 UTC (1540219027)
[    4.433818] BIOS EDD facility v0.16 2004-Jun-25, 0 devices found
[    4.433819] EDD information not available.
[    4.492036] usb 1-5: new low-speed USB device number 2 using xhci_hcd
[    4.643442] usb 1-5: New USB device found, idVendor=093a, idProduct=2510
[    4.643443] usb 1-5: New USB device strings: Mfr=1, Product=2, SerialNumber=0
[    4.643445] usb 1-5: Product: USB Optical Mouse
[    4.643446] usb 1-5: Manufacturer: PixArt
[    4.768020] usb 1-6: new high-speed USB device number 3 using xhci_hcd
[    4.794261] Freeing unused kernel memory: 2408K
[    4.800338] Write protecting the kernel read-only data: 20480k
[    4.801470] Freeing unused kernel memory: 2008K
[    4.804445] Freeing unused kernel memory: 1884K
[    4.809746] x86/mm: Checked W+X mappings: passed, no W+X pages found.
[    4.809746] x86/mm: Checking user space page tables
[    4.814874] x86/mm: Checked W+X mappings: passed, no W+X pages found.
[    4.824777] random: systemd-udevd: uninitialized urandom read (16 bytes read)
[    4.824840] random: systemd-udevd: uninitialized urandom read (16 bytes read)
[    4.824848] random: systemd-udevd: uninitialized urandom read (16 bytes read)
[    4.884271] acpi PNP0C14:01: duplicate WMI GUID 05901221-D566-11D1-B2F0-00A0C9062910 (first instance was on PNP0C14:00)
[    4.889376] rtsx_pci 0000:03:00.0: enabling device (0000 -> 0002)
[    4.892156] ahci 0000:00:17.0: version 3.0
[    4.892407] ahci 0000:00:17.0: SSS flag set, parallel bus scan disabled
[    4.900838] r8169 Gigabit Ethernet driver 2.3LK-NAPI loaded
[    4.900847] r8169 0000:01:00.0: can't disable ASPM; OS doesn't have ASPM control
[    4.902538] ahci 0000:00:17.0: AHCI 0001.0301 32 slots 3 ports 6 Gbps 0x7 impl SATA mode
[    4.902541] ahci 0000:00:17.0: flags: 64bit ncq stag pm led clo only pio slum part deso sadm sds apst 
[    4.912409] scsi host0: ahci
[    4.915045] scsi host1: ahci
[    4.915153] scsi host2: ahci
[    4.915192] ata1: SATA max UDMA/133 abar m2048@0xf132c000 port 0xf132c100 irq 125
[    4.915196] ata2: SATA max UDMA/133 abar m2048@0xf132c000 port 0xf132c180 irq 125
[    4.915200] ata3: SATA max UDMA/133 abar m2048@0xf132c000 port 0xf132c200 irq 125
[    4.918242] r8169 0000:01:00.0 eth0: RTL8168h/8111h at 0x        (ptrval), 80:ce:62:30:eb:30, XID 14100800 IRQ 126
[    4.918244] r8169 0000:01:00.0 eth0: jumbo features [frames: 9200 bytes, tx checksumming: ko]
[    4.926479] [drm] Memory usable by graphics device = 4096M
[    4.926481] checking generic (e0000000 300000) vs hw (e0000000 10000000)
[    4.926482] fb: switching to inteldrmfb from EFI VGA
[    4.926501] Console: switching to colour dummy device 80x25
[    4.926697] [drm] Replacing VGA console driver
[    4.929067] r8169 0000:01:00.0 enp1s0: renamed from eth0
[    4.932118] [drm] Supports vblank timestamp caching Rev 2 (21.10.2013).
[    4.932118] [drm] Driver supports precise vblank timestamp query.
[    4.934291] i915 0000:00:02.0: vgaarb: changed VGA decodes: olddecodes=io+mem,decodes=io+mem:owns=io+mem
[    4.935216] [drm] Finished loading DMC firmware i915/skl_dmc_ver1_26.bin (v1.26)
[    4.943270] [drm] Initialized i915 1.6.0 20171023 for 0000:00:02.0 on minor 0
[    4.945218] usb 1-6: New USB device found, idVendor=04ca, idProduct=7053
[    4.945219] usb 1-6: New USB device strings: Mfr=3, Product=1, SerialNumber=2
[    4.945221] usb 1-6: Product: HP HD Camera
[    4.945222] usb 1-6: Manufacturer: DETNQ019I93I4Y
[    4.945223] usb 1-6: SerialNumber: 200901010001
[    4.945658] ACPI: Video Device [GFX0] (multi-head: yes  rom: no  post: no)
[    4.946256] input: Video Bus as /devices/LNXSYSTM:00/LNXSYBUS:00/PNP0A08:00/LNXVIDEO:00/input/input11
[    4.991611] fbcon: inteldrmfb (fb0) is primary device
[    4.991693] Console: switching to colour frame buffer device 240x67
[    4.991714] i915 0000:00:02.0: fb0: inteldrmfb frame buffer device
[    5.024564] clocksource: Switched to clocksource tsc
[    5.072226] usb 1-7: new full-speed USB device number 4 using xhci_hcd
[    5.221511] usb 1-7: New USB device found, idVendor=8087, idProduct=0a2a
[    5.221513] usb 1-7: New USB device strings: Mfr=0, Product=0, SerialNumber=0
[    5.229430] ata1: SATA link up 6.0 Gbps (SStatus 133 SControl 300)
[    5.230121] ata1.00: ACPI cmd f5/00:00:00:00:00:e0 (SECURITY FREEZE LOCK) filtered out
[    5.230123] ata1.00: ACPI cmd b1/c1:00:00:00:00:e0 (DEVICE CONFIGURATION OVERLAY) filtered out
[    5.230264] ata1.00: ATA-9: WDC WD10JPVX-60JC3T1, 02.01A02, max UDMA/133
[    5.230265] ata1.00: 1953525168 sectors, multi 0: LBA48 NCQ (depth 31/32), AA
[    5.231064] ata1.00: ACPI cmd f5/00:00:00:00:00:e0 (SECURITY FREEZE LOCK) filtered out
[    5.231066] ata1.00: ACPI cmd b1/c1:00:00:00:00:e0 (DEVICE CONFIGURATION OVERLAY) filtered out
[    5.231206] ata1.00: configured for UDMA/133
[    5.231528] scsi 0:0:0:0: Direct-Access     ATA      WDC WD10JPVX-60J 1A02 PQ: 0 ANSI: 5
[    5.231940] sd 0:0:0:0: [sda] 1953525168 512-byte logical blocks: (1.00 TB/932 GiB)
[    5.231942] sd 0:0:0:0: [sda] 4096-byte physical blocks
[    5.231952] sd 0:0:0:0: Attached scsi generic sg0 type 0
[    5.231954] sd 0:0:0:0: [sda] Write Protect is off
[    5.231955] sd 0:0:0:0: [sda] Mode Sense: 00 3a 00 00
[    5.231968] sd 0:0:0:0: [sda] Write cache: enabled, read cache: enabled, doesn't support DPO or FUA
[    5.319268]  sda: sda1 sda2 sda3 sda4 sda5 sda6 sda7 sda8
[    5.319971] sd 0:0:0:0: [sda] Attached SCSI disk
[    5.348020] usb 1-8: new full-speed USB device number 5 using xhci_hcd
[    5.497099] usb 1-8: New USB device found, idVendor=138a, idProduct=003f
[    5.497100] usb 1-8: New USB device strings: Mfr=0, Product=0, SerialNumber=1
[    5.497102] usb 1-8: SerialNumber: 00b0884342a1
[    5.500806] hidraw: raw HID events driver (C) Jiri Kosina
[    5.503261] usbcore: registered new interface driver usbhid
[    5.503262] usbhid: USB HID core driver
[    5.504383] input: PixArt USB Optical Mouse as /devices/pci0000:00/0000:00:14.0/usb1/1-5/1-5:1.0/0003:093A:2510.0001/input/input12
[    5.504472] hid-generic 0003:093A:2510.0001: input,hidraw0: USB HID v1.11 Mouse [PixArt USB Optical Mouse] on usb-0000:00:14.0-5/input0
[    5.547486] ata2: SATA link up 1.5 Gbps (SStatus 113 SControl 300)
[    5.548849] ata2.00: ATAPI: hp       DVDRW GUD1N, MD00, max UDMA/133
[    5.550566] ata2.00: configured for UDMA/133
[    5.557683] scsi 1:0:0:0: CD-ROM            hp       DVDRW GUD1N      MD00 PQ: 0 ANSI: 5
[    5.592151] sr 1:0:0:0: [sr0] scsi3-mmc drive: 31x/62x writer dvd-ram cd/rw xa/form2 cdda tray
[    5.592153] cdrom: Uniform CD-ROM driver Revision: 3.20
[    5.592377] sr 1:0:0:0: Attached scsi CD-ROM sr0
[    5.592487] sr 1:0:0:0: Attached scsi generic sg1 type 5
[    5.601542] random: fast init done
[    5.617627] psmouse serio3: synaptics: queried max coordinates: x [..5716], y [..4886]
[    5.649952] psmouse serio3: synaptics: queried min coordinates: x [1220..], y [986..]
[    5.709904] psmouse serio3: synaptics: Touchpad model: 1, fw: 7.5, id: 0x1e0b1, caps: 0xf00173/0x640000/0xa2400/0x0, board id: 2654, fw id: 1323623
[    5.755566] input: SynPS/2 Synaptics TouchPad as /devices/platform/i8042/serio3/input/input10
[    5.905537] ata3: SATA link down (SStatus 4 SControl 300)
[    6.784352] [drm] RC6 on
[    7.443263] EXT4-fs (sda8): mounted filesystem with ordered data mode. Opts: (null)
[    8.193114] random: crng init done
[    8.193116] random: 7 urandom warning(s) missed due to ratelimiting
[    8.884654] systemd[1]: systemd 229 running in system mode. (+PAM +AUDIT +SELINUX +IMA +APPARMOR +SMACK +SYSVINIT +UTMP +LIBCRYPTSETUP +GCRYPT +GNUTLS +ACL +XZ -LZ4 +SECCOMP +BLKID +ELFUTILS +KMOD -IDN)
[    8.904206] systemd[1]: Detected architecture x86-64.
[    8.904393] systemd[1]: Set hostname to <hidehisa>.
[   11.308330] systemd[1]: Created slice User and Session Slice.
[   11.308412] systemd[1]: Listening on /dev/initctl Compatibility Named Pipe.
[   11.308445] systemd[1]: Listening on udev Control Socket.
[   11.308452] systemd[1]: Reached target User and Group Name Lookups.
[   11.308468] systemd[1]: Listening on udev Kernel Socket.
[   11.308491] systemd[1]: Listening on Journal Socket (/dev/log).
[   11.308520] systemd[1]: Listening on Journal Socket.
[   12.232093] lp: driver loaded but no devices found
[   12.334524] ppdev: user-space parallel port driver
[   13.853854] EXT4-fs (sda8): re-mounted. Opts: errors=remount-ro
[   14.458742] systemd-journald[259]: Received request to flush runtime journal from PID 1
[   16.641260] (NULL device *): hwmon_device_register() is deprecated. Please convert the driver to use hwmon_device_register_with_info().
[   16.938906] input: HP Wireless hotkeys as /devices/virtual/input/input14
[   17.078049] shpchp: Standard Hot Plug PCI Controller Driver version: 0.4
[   17.386947] mei_me 0000:00:16.0: enabling device (0000 -> 0002)
[   17.793902] hp_accel: laptop model unknown, using default axes configuration
[   17.933407] lis3lv02d: 8 bits 3DC sensor found
[   18.351033] cfg80211: Loading compiled-in X.509 certificates for regulatory database
[   18.353084] cfg80211: Loaded X.509 cert 'sforshee: 00b28ddf47aef9cea7'
[   18.468715] Bluetooth: Core ver 2.22
[   18.468731] NET: Registered protocol family 31
[   18.468731] Bluetooth: HCI device and connection manager initialized
[   18.468733] Bluetooth: HCI socket layer initialized
[   18.468736] Bluetooth: L2CAP socket layer initialized
[   18.468741] Bluetooth: SCO socket layer initialized
[   18.750769] Intel(R) Wireless WiFi driver for Linux
[   18.750770] Copyright(c) 2003- 2015 Intel Corporation
[   18.750863] iwlwifi 0000:02:00.0: enabling device (0000 -> 0002)
[   18.868421] iwlwifi 0000:02:00.0: loaded firmware version 29.1044073957.0 op_mode iwlmvm
[   18.966706] iwlwifi 0000:02:00.0: Detected Intel(R) Dual Band Wireless AC 3165, REV=0x210
[   18.984386] iwlwifi 0000:02:00.0: base HW address: 98:54:1b:cb:19:c5
[   19.177751] ieee80211 phy0: Selected rate control algorithm 'iwl-mvm-rs'
[   19.178208] (NULL device *): hwmon_device_register() is deprecated. Please convert the driver to use hwmon_device_register_with_info().
[   19.178220] thermal thermal_zone7: failed to read out thermal zone (-61)
[   19.235514] usbcore: registered new interface driver btusb
[   19.236048] input: ST LIS3LV02DL Accelerometer as /devices/platform/lis3lv02d/input/input15
[   19.250296] Bluetooth: hci0: read Intel version: 370810011003110e00
[   19.375945] Bluetooth: hci0: Intel Bluetooth firmware file: intel/ibt-hw-37.8.10-fw-1.10.3.11.e.bseq
[   19.433640] hp_wmi: query 0x4 returned error 0x5
[   19.435730] hp_wmi: query 0x4 returned error 0x5
[   19.437844] hp_wmi: query 0xd returned error 0x5
[   19.437879] input: HP WMI hotkeys as /devices/virtual/input/input16
[   19.612290] Bluetooth: hci0: Intel firmware patch completed and activated
[   20.218696] RAPL PMU: API unit is 2^-32 Joules, 5 fixed counters, 655360 ms ovfl timer
[   20.218697] RAPL PMU: hw unit of domain pp0-core 2^-14 Joules
[   20.218698] RAPL PMU: hw unit of domain package 2^-14 Joules
[   20.218699] RAPL PMU: hw unit of domain dram 2^-14 Joules
[   20.218700] RAPL PMU: hw unit of domain pp1-gpu 2^-14 Joules
[   20.218700] RAPL PMU: hw unit of domain psys 2^-14 Joules
[   20.598148] media: Linux media interface: v0.10
[   20.731235] Linux video capture interface: v2.00
[   21.040043] AVX2 version of gcm_enc/dec engaged.
[   21.040044] AES CTR mode by8 optimization enabled
[   21.162551] uvcvideo: Found UVC 1.00 device HP HD Camera (04ca:7053)
[   21.165231] uvcvideo 1-6:1.0: Entity type for entity Extension 4 was not initialized!
[   21.165233] uvcvideo 1-6:1.0: Entity type for entity Processing 2 was not initialized!
[   21.165234] uvcvideo 1-6:1.0: Entity type for entity Camera 1 was not initialized!
[   21.165292] input: HP HD Camera: HP HD Camera as /devices/pci0000:00/0000:00:14.0/usb1/1-6/1-6:1.0/input/input17
[   21.165348] usbcore: registered new interface driver uvcvideo
[   21.165348] USB Video Class driver (1.1.1)
[   21.410103] iwlwifi 0000:02:00.0 wlp2s0: renamed from wlan0
[   21.551576] snd_hda_intel 0000:00:1f.3: enabling device (0000 -> 0002)
[   21.551759] snd_hda_intel 0000:00:1f.3: bound 0000:00:02.0 (ops i915_audio_component_bind_ops [i915])
[   21.965725] snd_hda_codec_conexant hdaudioC0D0: CX20724: BIOS auto-probing.
[   21.966224] snd_hda_codec_conexant hdaudioC0D0: autoconfig for CX20724: line_outs=1 (0x17/0x0/0x0/0x0/0x0) type:speaker
[   21.966226] snd_hda_codec_conexant hdaudioC0D0:    speaker_outs=0 (0x0/0x0/0x0/0x0/0x0)
[   21.966227] snd_hda_codec_conexant hdaudioC0D0:    hp_outs=1 (0x16/0x0/0x0/0x0/0x0)
[   21.966228] snd_hda_codec_conexant hdaudioC0D0:    mono: mono_out=0x0
[   21.966229] snd_hda_codec_conexant hdaudioC0D0:    inputs:
[   21.966230] snd_hda_codec_conexant hdaudioC0D0:      Internal Mic=0x1a
[   21.966231] snd_hda_codec_conexant hdaudioC0D0:      Mic=0x19
[   21.967162] snd_hda_codec_conexant hdaudioC0D0: Enable sync_write for stable communication
[   22.117596] input: HDA Intel PCH Mic as /devices/pci0000:00/0000:00:1f.3/sound/card0/input18
[   22.117668] input: HDA Intel PCH Headphone as /devices/pci0000:00/0000:00:1f.3/sound/card0/input19
[   22.117700] input: HDA Intel PCH HDMI/DP,pcm=3 as /devices/pci0000:00/0000:00:1f.3/sound/card0/input20
[   22.117735] input: HDA Intel PCH HDMI/DP,pcm=7 as /devices/pci0000:00/0000:00:1f.3/sound/card0/input21
[   22.117767] input: HDA Intel PCH HDMI/DP,pcm=8 as /devices/pci0000:00/0000:00:1f.3/sound/card0/input22
[   22.117798] input: HDA Intel PCH HDMI/DP,pcm=9 as /devices/pci0000:00/0000:00:1f.3/sound/card0/input23
[   22.117829] input: HDA Intel PCH HDMI/DP,pcm=10 as /devices/pci0000:00/0000:00:1f.3/sound/card0/input24
[   22.480288] intel_rapl: Found RAPL domain package
[   22.480289] intel_rapl: Found RAPL domain core
[   22.480290] intel_rapl: Found RAPL domain uncore
[   22.480291] intel_rapl: Found RAPL domain dram
[   27.729024] Adding 7812092k swap on /dev/sda7.  Priority:-2 extents:1 across:7812092k FS
[   31.015272] audit: type=1400 audit(1540219054.075:2): apparmor="STATUS" operation="profile_load" profile="unconfined" name="/snap/core/4917/usr/lib/snapd/snap-confine" pid=950 comm="apparmor_parser"
[   31.015277] audit: type=1400 audit(1540219054.075:3): apparmor="STATUS" operation="profile_load" profile="unconfined" name="/snap/core/4917/usr/lib/snapd/snap-confine//mount-namespace-capture-helper" pid=950 comm="apparmor_parser"
[   31.019868] audit: type=1400 audit(1540219054.079:4): apparmor="STATUS" operation="profile_load" profile="unconfined" name="/sbin/dhclient" pid=949 comm="apparmor_parser"
[   31.019871] audit: type=1400 audit(1540219054.079:5): apparmor="STATUS" operation="profile_load" profile="unconfined" name="/usr/lib/NetworkManager/nm-dhcp-client.action" pid=949 comm="apparmor_parser"
[   31.019886] audit: type=1400 audit(1540219054.079:6): apparmor="STATUS" operation="profile_load" profile="unconfined" name="/usr/lib/NetworkManager/nm-dhcp-helper" pid=949 comm="apparmor_parser"
[   31.019888] audit: type=1400 audit(1540219054.079:7): apparmor="STATUS" operation="profile_load" profile="unconfined" name="/usr/lib/connman/scripts/dhclient-script" pid=949 comm="apparmor_parser"
[   31.034804] audit: type=1400 audit(1540219054.095:8): apparmor="STATUS" operation="profile_load" profile="unconfined" name="/usr/lib/lightdm/lightdm-guest-session" pid=948 comm="apparmor_parser"
[   31.034807] audit: type=1400 audit(1540219054.095:9): apparmor="STATUS" operation="profile_load" profile="unconfined" name="/usr/lib/lightdm/lightdm-guest-session//chromium" pid=948 comm="apparmor_parser"
[   31.221852] audit: type=1400 audit(1540219054.283:10): apparmor="STATUS" operation="profile_load" profile="unconfined" name="/usr/lib/ipsec/stroke" pid=955 comm="apparmor_parser"
[   31.245674] audit: type=1400 audit(1540219054.307:11): apparmor="STATUS" operation="profile_load" profile="unconfined" name="/usr/bin/evince" pid=951 comm="apparmor_parser"
[   35.031911] new mount options do not match the existing superblock, will be ignored
[   37.032686] Bluetooth: BNEP (Ethernet Emulation) ver 1.3
[   37.032687] Bluetooth: BNEP filters: protocol multicast
[   37.032690] Bluetooth: BNEP socket layer initialized
[   49.068753] kauditd_printk_skb: 28 callbacks suppressed
[   49.068754] audit: type=1400 audit(1540219072.131:40): apparmor="DENIED" operation="open" profile="/usr/sbin/mysqld" name="/proc/1743/status" pid=1743 comm="mysqld" requested_mask="r" denied_mask="r" fsuid=121 ouid=121
[   49.068757] audit: type=1400 audit(1540219072.131:41): apparmor="DENIED" operation="open" profile="/usr/sbin/mysqld" name="/sys/devices/system/node/" pid=1743 comm="mysqld" requested_mask="r" denied_mask="r" fsuid=121 ouid=0
[   49.068842] audit: type=1400 audit(1540219072.131:42): apparmor="DENIED" operation="open" profile="/usr/sbin/mysqld" name="/proc/1743/status" pid=1743 comm="mysqld" requested_mask="r" denied_mask="r" fsuid=121 ouid=121
[   50.079564] IPv6: ADDRCONF(NETDEV_UP): wlp2s0: link is not ready
[   50.093019] pcieport 0000:00:1c.5: AER: Corrected error received: id=00e5
[   50.093024] pcieport 0000:00:1c.5: PCIe Bus Error: severity=Corrected, type=Physical Layer, id=00e5(Receiver ID)
[   50.093027] pcieport 0000:00:1c.5:   device [8086:9d15] error status/mask=00000001/00002000
[   50.093029] pcieport 0000:00:1c.5:    [ 0] Receiver Error         (First)
[   50.179634] IPv6: ADDRCONF(NETDEV_UP): wlp2s0: link is not ready
[   50.183147] IPv6: ADDRCONF(NETDEV_UP): enp1s0: link is not ready
[   50.454593] r8169 0000:01:00.0 enp1s0: link down
[   50.454680] IPv6: ADDRCONF(NETDEV_UP): enp1s0: link is not ready
[   52.415923] IPv6: ADDRCONF(NETDEV_UP): wlp2s0: link is not ready
[   58.567936] NET: Registered protocol family 15
[   59.780627] Initializing XFRM netlink socket
[   60.040950] ip_tables: (C) 2000-2006 Netfilter Core Team
[   60.812090] ip6_tables: (C) 2000-2006 Netfilter Core Team
[   61.907159] Ebtables v2.0 registered
[   73.743406] aufs 4.15-20180219
[   74.269447] audit: type=1400 audit(1540219097.331:43): apparmor="STATUS" operation="profile_load" profile="unconfined" name="docker-default" pid=2411 comm="apparmor_parser"
[   79.852166] pcieport 0000:00:1c.5: AER: Corrected error received: id=00e5
[   79.852172] pcieport 0000:00:1c.5: PCIe Bus Error: severity=Corrected, type=Physical Layer, id=00e5(Receiver ID)
[   79.852177] pcieport 0000:00:1c.5:   device [8086:9d15] error status/mask=00000001/00002000
[   79.852180] pcieport 0000:00:1c.5:    [ 0] Receiver Error         (First)
[   80.111064] L1TF CPU bug present and SMT on, data leak possible. See CVE-2018-3646 and https://www.kernel.org/doc/html/latest/admin-guide/l1tf.html for details.
[   83.920791] Bluetooth: RFCOMM TTY layer initialized
[   83.920796] Bluetooth: RFCOMM socket layer initialized
[   83.920802] Bluetooth: RFCOMM ver 1.11
[   92.604288] bridge: filtering via arp/ip/ip6tables is no longer available by default. Update your scripts to load br_netfilter if you need this.
[   92.617240] Bridge firewalling registered
[   92.657013] nf_conntrack version 0.5.0 (65536 buckets, 262144 max)
[   93.174945] Netfilter messages via NETLINK v0.30.
[   93.196325] ctnetlink v0.93: registering with nfnetlink.
[   93.477063] IPv6: ADDRCONF(NETDEV_UP): br-82737a092120: link is not ready
[   93.514725] IPv6: ADDRCONF(NETDEV_UP): br-e6e2e95c23e3: link is not ready
[   93.534445] IPv6: ADDRCONF(NETDEV_UP): br-ea12a118fd62: link is not ready
[   93.552053] IPv6: ADDRCONF(NETDEV_UP): br-ec3093cc2b59: link is not ready
[   93.571563] IPv6: ADDRCONF(NETDEV_UP): br-1bd870f4f925: link is not ready
[   93.591209] IPv6: ADDRCONF(NETDEV_UP): docker0: link is not ready
[   95.597078] br-ea12a118fd62: port 1(vetha2afeab) entered blocking state
[   95.597080] br-ea12a118fd62: port 1(vetha2afeab) entered disabled state
[   95.597151] device vetha2afeab entered promiscuous mode
[   95.597326] IPv6: ADDRCONF(NETDEV_UP): vetha2afeab: link is not ready
[   96.172498] br-ea12a118fd62: port 1(vetha2afeab) entered disabled state
[   96.174613] device vetha2afeab left promiscuous mode
[   96.174618] br-ea12a118fd62: port 1(vetha2afeab) entered disabled state
[   99.880430] virbr0: port 1(virbr0-nic) entered blocking state
[   99.880432] virbr0: port 1(virbr0-nic) entered disabled state
[   99.880512] device virbr0-nic entered promiscuous mode
[  104.582843] virbr0: port 1(virbr0-nic) entered blocking state
[  104.582849] virbr0: port 1(virbr0-nic) entered listening state
[  106.008043] virbr0: port 1(virbr0-nic) entered disabled state
[  106.010239] device virbr0-nic left promiscuous mode
[  106.010262] virbr0: port 1(virbr0-nic) entered disabled state
[  154.201626] wlp2s0: authenticate with 70:8a:09:b5:05:ac
[  154.205878] wlp2s0: send auth to 70:8a:09:b5:05:ac (try 1/3)
[  154.208217] wlp2s0: authenticated
[  154.216024] wlp2s0: associate with 70:8a:09:b5:05:ac (try 1/3)
[  154.221436] wlp2s0: RX AssocResp from 70:8a:09:b5:05:ac (capab=0x1411 status=0 aid=2)
[  154.222680] wlp2s0: associated
[  154.288275] IPv6: ADDRCONF(NETDEV_CHANGE): wlp2s0: link becomes ready
[  181.558657] ISO 9660 Extensions: Microsoft Joliet Level 1
[  181.618241] ISOFS: changing to secondary root
[  185.752908] pcieport 0000:00:1c.5: AER: Corrected error received: id=00e5
[  185.752920] pcieport 0000:00:1c.5: PCIe Bus Error: severity=Corrected, type=Physical Layer, id=00e5(Receiver ID)
[  185.752932] pcieport 0000:00:1c.5:   device [8086:9d15] error status/mask=00000001/00002000
[  185.752940] pcieport 0000:00:1c.5:    [ 0] Receiver Error         (First)
[  188.582821] pcieport 0000:00:1c.5: AER: Corrected error received: id=00e5
[  188.582836] pcieport 0000:00:1c.5: PCIe Bus Error: severity=Corrected, type=Physical Layer, id=00e5(Receiver ID)
[  188.582850] pcieport 0000:00:1c.5:   device [8086:9d15] error status/mask=00000001/00002000
[  188.582859] pcieport 0000:00:1c.5:    [ 0] Receiver Error         (First)
[  191.885416] pcieport 0000:00:1c.5: AER: Corrected error received: id=00e5
[  191.885428] pcieport 0000:00:1c.5: PCIe Bus Error: severity=Corrected, type=Physical Layer, id=00e5(Receiver ID)
[  191.885439] pcieport 0000:00:1c.5:   device [8086:9d15] error status/mask=00000001/00002000
[  191.885446] pcieport 0000:00:1c.5:    [ 0] Receiver Error         (First)
[  208.322301] pcieport 0000:00:1c.5: AER: Corrected error received: id=00e5
[  208.322318] pcieport 0000:00:1c.5: PCIe Bus Error: severity=Corrected, type=Physical Layer, id=00e5(Receiver ID)
[  208.322334] pcieport 0000:00:1c.5:   device [8086:9d15] error status/mask=00000001/00002000
[  208.322345] pcieport 0000:00:1c.5:    [ 0] Receiver Error         (First)
[  214.708781] pcieport 0000:00:1c.5: AER: Corrected error received: id=00e5
[  214.708791] pcieport 0000:00:1c.5: PCIe Bus Error: severity=Corrected, type=Physical Layer, id=00e5(Receiver ID)
[  214.708800] pcieport 0000:00:1c.5:   device [8086:9d15] error status/mask=00000001/00002000
[  214.708806] pcieport 0000:00:1c.5:    [ 0] Receiver Error         (First)
[  219.619049] pcieport 0000:00:1c.5: AER: Corrected error received: id=00e5
[  219.619067] pcieport 0000:00:1c.5: PCIe Bus Error: severity=Corrected, type=Physical Layer, id=00e5(Receiver ID)
[  219.619084] pcieport 0000:00:1c.5:   device [8086:9d15] error status/mask=00000001/00002000
[  219.619095] pcieport 0000:00:1c.5:    [ 0] Receiver Error         (First)
[  220.846812] pcieport 0000:00:1c.5: AER: Corrected error received: id=00e5
[  220.846829] pcieport 0000:00:1c.5: PCIe Bus Error: severity=Corrected, type=Physical Layer, id=00e5(Receiver ID)
[  220.846846] pcieport 0000:00:1c.5:   device [8086:9d15] error status/mask=00000001/00002000
[  220.846857] pcieport 0000:00:1c.5:    [ 0] Receiver Error         (First)
[  236.202255] pcieport 0000:00:1c.5: AER: Corrected error received: id=00e5
[  236.202267] pcieport 0000:00:1c.5: PCIe Bus Error: severity=Corrected, type=Physical Layer, id=00e5(Receiver ID)
[  236.202279] pcieport 0000:00:1c.5:   device [8086:9d15] error status/mask=00000001/00002000
[  236.202287] pcieport 0000:00:1c.5:    [ 0] Receiver Error         (First)
[  239.137754] pcieport 0000:00:1c.5: AER: Corrected error received: id=00e5
[  239.137767] pcieport 0000:00:1c.5: PCIe Bus Error: severity=Corrected, type=Physical Layer, id=00e5(Receiver ID)
[  239.137778] pcieport 0000:00:1c.5:   device [8086:9d15] error status/mask=00000001/00002000
[  239.137786] pcieport 0000:00:1c.5:    [ 0] Receiver Error         (First)
[  239.489736] pcieport 0000:00:1c.5: AER: Corrected error received: id=00e5
[  239.489751] pcieport 0000:00:1c.5: PCIe Bus Error: severity=Corrected, type=Physical Layer, id=00e5(Receiver ID)
[  239.489765] pcieport 0000:00:1c.5:   device [8086:9d15] error status/mask=00000001/00002000
[  239.489775] pcieport 0000:00:1c.5:    [ 0] Receiver Error         (First)
[  240.439769] pcieport 0000:00:1c.5: AER: Corrected error received: id=00e5
[  240.439788] pcieport 0000:00:1c.5: PCIe Bus Error: severity=Corrected, type=Physical Layer, id=00e5(Receiver ID)
[  240.439807] pcieport 0000:00:1c.5:   device [8086:9d15] error status/mask=00000001/00002000
[  240.439819] pcieport 0000:00:1c.5:    [ 0] Receiver Error         (First)
[  240.590178] pcieport 0000:00:1c.5: AER: Corrected error received: id=00e5
[  240.590184] pcieport 0000:00:1c.5: PCIe Bus Error: severity=Corrected, type=Physical Layer, id=00e5(Receiver ID)
[  240.590187] pcieport 0000:00:1c.5:   device [8086:9d15] error status/mask=00000001/00002000
[  240.590189] pcieport 0000:00:1c.5:    [ 0] Receiver Error         (First)
[  251.312499] pcieport 0000:00:1c.5: AER: Corrected error received: id=00e5
[  251.312516] pcieport 0000:00:1c.5: PCIe Bus Error: severity=Corrected, type=Physical Layer, id=00e5(Receiver ID)
[  251.312532] pcieport 0000:00:1c.5:   device [8086:9d15] error status/mask=00000001/00002000
[  251.312543] pcieport 0000:00:1c.5:    [ 0] Receiver Error         (First)
[  257.651784] pcieport 0000:00:1c.5: AER: Corrected error received: id=00e5
[  257.651791] pcieport 0000:00:1c.5: PCIe Bus Error: severity=Corrected, type=Physical Layer, id=00e5(Receiver ID)
[  257.651795] pcieport 0000:00:1c.5:   device [8086:9d15] error status/mask=00000001/00002000
[  257.651799] pcieport 0000:00:1c.5:    [ 0] Receiver Error         (First)
[  261.545706] pcieport 0000:00:1c.5: AER: Corrected error received: id=00e5
[  261.545723] pcieport 0000:00:1c.5: PCIe Bus Error: severity=Corrected, type=Physical Layer, id=00e5(Receiver ID)
[  261.545738] pcieport 0000:00:1c.5:   device [8086:9d15] error status/mask=00000001/00002000
[  261.545750] pcieport 0000:00:1c.5:    [ 0] Receiver Error         (First)
[  261.842411] pcieport 0000:00:1c.5: AER: Corrected error received: id=00e5
[  261.842427] pcieport 0000:00:1c.5: PCIe Bus Error: severity=Corrected, type=Physical Layer, id=00e5(Receiver ID)
[  261.842442] pcieport 0000:00:1c.5:   device [8086:9d15] error status/mask=00000001/00002000
[  261.842453] pcieport 0000:00:1c.5:    [ 0] Receiver Error         (First)
[  262.385386] pcieport 0000:00:1c.5: AER: Corrected error received: id=00e5
[  262.385393] pcieport 0000:00:1c.5: PCIe Bus Error: severity=Corrected, type=Physical Layer, id=00e5(Receiver ID)
[  262.385397] pcieport 0000:00:1c.5:   device [8086:9d15] error status/mask=00000001/00002000
[  262.385400] pcieport 0000:00:1c.5:    [ 0] Receiver Error         (First)
[  264.336699] pcieport 0000:00:1c.5: AER: Corrected error received: id=00e5
[  264.336706] pcieport 0000:00:1c.5: PCIe Bus Error: severity=Corrected, type=Physical Layer, id=00e5(Receiver ID)
[  264.336711] pcieport 0000:00:1c.5:   device [8086:9d15] error status/mask=00000001/00002000
[  264.336714] pcieport 0000:00:1c.5:    [ 0] Receiver Error         (First)
[  279.267095] pcieport 0000:00:1c.5: AER: Corrected error received: id=00e5
[  279.267110] pcieport 0000:00:1c.5: PCIe Bus Error: severity=Corrected, type=Physical Layer, id=00e5(Receiver ID)
[  279.267124] pcieport 0000:00:1c.5:   device [8086:9d15] error status/mask=00000001/00002000
[  279.267133] pcieport 0000:00:1c.5:    [ 0] Receiver Error         (First)
[  283.794738] pcieport 0000:00:1c.5: AER: Corrected error received: id=00e5
[  283.794751] pcieport 0000:00:1c.5: PCIe Bus Error: severity=Corrected, type=Physical Layer, id=00e5(Receiver ID)
[  283.794766] pcieport 0000:00:1c.5:   device [8086:9d15] error status/mask=00000001/00002000
[  283.794776] pcieport 0000:00:1c.5:    [ 0] Receiver Error         (First)
[  289.667895] pcieport 0000:00:1c.5: AER: Corrected error received: id=00e5
[  289.667906] pcieport 0000:00:1c.5: PCIe Bus Error: severity=Corrected, type=Physical Layer, id=00e5(Receiver ID)
[  289.667917] pcieport 0000:00:1c.5:   device [8086:9d15] error status/mask=00000001/00002000
[  289.667924] pcieport 0000:00:1c.5:    [ 0] Receiver Error         (First)
[  291.358787] audit: type=1400 audit(1540219313.977:44): apparmor="DENIED" operation="open" profile="/usr/bin/evince" name="/var/lib/snapd/desktop/applications/mimeinfo.cache" pid=5337 comm="evince" requested_mask="r" denied_mask="r" fsuid=1000 ouid=0
[  291.358856] audit: type=1400 audit(1540219313.977:45): apparmor="DENIED" operation="open" profile="/usr/bin/evince" name="/var/lib/snapd/desktop/applications/mimeinfo.cache" pid=5337 comm="evince" requested_mask="r" denied_mask="r" fsuid=1000 ouid=0
[  291.746368] audit: type=1400 audit(1540219314.361:46): apparmor="DENIED" operation="open" profile="/usr/bin/evince" name="/var/lib/snapd/desktop/applications/mimeinfo.cache" pid=5358 comm="evince" requested_mask="r" denied_mask="r" fsuid=1000 ouid=0
[  291.746407] audit: type=1400 audit(1540219314.361:47): apparmor="DENIED" operation="open" profile="/usr/bin/evince" name="/var/lib/snapd/desktop/applications/mimeinfo.cache" pid=5358 comm="evince" requested_mask="r" denied_mask="r" fsuid=1000 ouid=0
[  303.210706] pcieport 0000:00:1c.5: AER: Corrected error received: id=00e5
[  303.210724] pcieport 0000:00:1c.5: PCIe Bus Error: severity=Corrected, type=Physical Layer, id=00e5(Receiver ID)
[  303.210741] pcieport 0000:00:1c.5:   device [8086:9d15] error status/mask=00000001/00002000
[  303.210752] pcieport 0000:00:1c.5:    [ 0] Receiver Error         (First)
[  305.180288] pcieport 0000:00:1c.5: AER: Corrected error received: id=00e5
[  305.180301] pcieport 0000:00:1c.5: PCIe Bus Error: severity=Corrected, type=Physical Layer, id=00e5(Receiver ID)
[  305.180313] pcieport 0000:00:1c.5:   device [8086:9d15] error status/mask=00000001/00002000
[  305.180322] pcieport 0000:00:1c.5:    [ 0] Receiver Error         (First)
[  308.992418] pcieport 0000:00:1c.5: AER: Corrected error received: id=00e5
[  308.992439] pcieport 0000:00:1c.5: PCIe Bus Error: severity=Corrected, type=Physical Layer, id=00e5(Receiver ID)
[  308.992469] pcieport 0000:00:1c.5:   device [8086:9d15] error status/mask=00000001/00002000
[  308.992484] pcieport 0000:00:1c.5:    [ 0] Receiver Error         (First)
[  354.898412] pcieport 0000:00:1c.5: AER: Corrected error received: id=00e5
[  354.898430] pcieport 0000:00:1c.5: PCIe Bus Error: severity=Corrected, type=Physical Layer, id=00e5(Receiver ID)
[  354.898451] pcieport 0000:00:1c.5:   device [8086:9d15] error status/mask=00000001/00002000
[  354.898465] pcieport 0000:00:1c.5:    [ 0] Receiver Error         (First)
[  355.026509] pcieport 0000:00:1c.5: AER: Corrected error received: id=00e5
[  355.026535] pcieport 0000:00:1c.5: PCIe Bus Error: severity=Corrected, type=Physical Layer, id=00e5(Receiver ID)
[  355.026578] pcieport 0000:00:1c.5:   device [8086:9d15] error status/mask=00000001/00002000
[  355.026594] pcieport 0000:00:1c.5:    [ 0] Receiver Error         (First)
[  357.075466] pcieport 0000:00:1c.5: AER: Corrected error received: id=00e5
[  357.075489] pcieport 0000:00:1c.5: PCIe Bus Error: severity=Corrected, type=Physical Layer, id=00e5(Receiver ID)
[  357.075511] pcieport 0000:00:1c.5:   device [8086:9d15] error status/mask=00000001/00002000
[  357.075526] pcieport 0000:00:1c.5:    [ 0] Receiver Error         (First)
[  363.639315] slab: loading out-of-tree module taints kernel.
[  363.639451] slab: module verification failed: signature and/or required key missing - tainting kernel
[  363.640417] [SLAB_TEST]Entering module.
[  363.640437] [SLAB_TEST]ptr1 = {42, 42} ; ptr2 = {43, 43}
[  367.265987] pcieport 0000:00:1c.5: AER: Corrected error received: id=00e5
[  367.265993] pcieport 0000:00:1c.5: PCIe Bus Error: severity=Corrected, type=Physical Layer, id=00e5(Receiver ID)
[  367.265997] pcieport 0000:00:1c.5:   device [8086:9d15] error status/mask=00000001/00002000
[  367.265999] pcieport 0000:00:1c.5:    [ 0] Receiver Error         (First)
[  370.964798] pcieport 0000:00:1c.5: AER: Corrected error received: id=00e5
[  370.964839] pcieport 0000:00:1c.5: PCIe Bus Error: severity=Corrected, type=Physical Layer, id=00e5(Receiver ID)
[  370.964855] pcieport 0000:00:1c.5:   device [8086:9d15] error status/mask=00000001/00002000
[  370.964867] pcieport 0000:00:1c.5:    [ 0] Receiver Error         (First)
[  382.552175] pcieport 0000:00:1c.5: AER: Corrected error received: id=00e5
[  382.552225] pcieport 0000:00:1c.5: PCIe Bus Error: severity=Corrected, type=Physical Layer, id=00e5(Receiver ID)
[  382.552262] pcieport 0000:00:1c.5:   device [8086:9d15] error status/mask=00000001/00002000
[  382.552274] pcieport 0000:00:1c.5:    [ 0] Receiver Error         (First)
[  383.367483] Exiting module.
[  385.887188] pcieport 0000:00:1c.5: AER: Corrected error received: id=00e5
[  385.887197] pcieport 0000:00:1c.5: PCIe Bus Error: severity=Corrected, type=Physical Layer, id=00e5(Receiver ID)
[  385.887202] pcieport 0000:00:1c.5:   device [8086:9d15] error status/mask=00000001/00002000
[  385.887206] pcieport 0000:00:1c.5:    [ 0] Receiver Error         (First)
[  397.057199] pcieport 0000:00:1c.5: AER: Corrected error received: id=00e5
[  397.057222] pcieport 0000:00:1c.5: PCIe Bus Error: severity=Corrected, type=Physical Layer, id=00e5(Receiver ID)
[  397.057243] pcieport 0000:00:1c.5:   device [8086:9d15] error status/mask=00000001/00002000
[  397.057257] pcieport 0000:00:1c.5:    [ 0] Receiver Error         (First)
[  399.614497] pcieport 0000:00:1c.5: AER: Corrected error received: id=00e5
[  399.614516] pcieport 0000:00:1c.5: PCIe Bus Error: severity=Corrected, type=Physical Layer, id=00e5(Receiver ID)
[  399.614530] pcieport 0000:00:1c.5:   device [8086:9d15] error status/mask=00000001/00002000
[  399.614539] pcieport 0000:00:1c.5:    [ 0] Receiver Error         (First)
[  411.849426] pcieport 0000:00:1c.5: AER: Corrected error received: id=00e5
[  411.849441] pcieport 0000:00:1c.5: PCIe Bus Error: severity=Corrected, type=Data Link Layer, id=00e5(Receiver ID)
[  411.849455] pcieport 0000:00:1c.5:   device [8086:9d15] error status/mask=00000080/00002000
[  411.849464] pcieport 0000:00:1c.5:    [ 7] Bad DLLP              
[  412.865592] pcieport 0000:00:1c.5: AER: Corrected error received: id=00e5
[  412.865613] pcieport 0000:00:1c.5: PCIe Bus Error: severity=Corrected, type=Physical Layer, id=00e5(Receiver ID)
[  412.865634] pcieport 0000:00:1c.5:   device [8086:9d15] error status/mask=00000001/00002000
[  412.865650] pcieport 0000:00:1c.5:    [ 0] Receiver Error         (First)
[  419.782433] pcieport 0000:00:1c.5: AER: Corrected error received: id=00e5
[  419.782445] pcieport 0000:00:1c.5: PCIe Bus Error: severity=Corrected, type=Physical Layer, id=00e5(Receiver ID)
[  419.782456] pcieport 0000:00:1c.5:   device [8086:9d15] error status/mask=00000001/00002000
[  419.782463] pcieport 0000:00:1c.5:    [ 0] Receiver Error         (First)
[  424.085371] pcieport 0000:00:1c.5: AER: Corrected error received: id=00e5
[  424.085388] pcieport 0000:00:1c.5: PCIe Bus Error: severity=Corrected, type=Physical Layer, id=00e5(Receiver ID)
[  424.085402] pcieport 0000:00:1c.5:   device [8086:9d15] error status/mask=00000001/00002000
[  424.085412] pcieport 0000:00:1c.5:    [ 0] Receiver Error         (First)
[  425.751834] pcieport 0000:00:1c.5: AER: Corrected error received: id=00e5
[  425.751847] pcieport 0000:00:1c.5: PCIe Bus Error: severity=Corrected, type=Physical Layer, id=00e5(Receiver ID)
[  425.751859] pcieport 0000:00:1c.5:   device [8086:9d15] error status/mask=00000001/00002000
[  425.751867] pcieport 0000:00:1c.5:    [ 0] Receiver Error         (First)
[  427.320856] pcieport 0000:00:1c.5: AER: Corrected error received: id=00e5
[  427.320873] pcieport 0000:00:1c.5: PCIe Bus Error: severity=Corrected, type=Physical Layer, id=00e5(Receiver ID)
[  427.320890] pcieport 0000:00:1c.5:   device [8086:9d15] error status/mask=00000001/00002000
[  427.320901] pcieport 0000:00:1c.5:    [ 0] Receiver Error         (First)
[  430.089284] pcieport 0000:00:1c.5: AER: Corrected error received: id=00e5
[  430.089301] pcieport 0000:00:1c.5: PCIe Bus Error: severity=Corrected, type=Physical Layer, id=00e5(Receiver ID)
[  430.089318] pcieport 0000:00:1c.5:   device [8086:9d15] error status/mask=00000001/00002000
[  430.089330] pcieport 0000:00:1c.5:    [ 0] Receiver Error         (First)
[  430.813206] pcieport 0000:00:1c.5: AER: Corrected error received: id=00e5
[  430.813222] pcieport 0000:00:1c.5: PCIe Bus Error: severity=Corrected, type=Physical Layer, id=00e5(Receiver ID)
[  430.813236] pcieport 0000:00:1c.5:   device [8086:9d15] error status/mask=00000001/00002000
[  430.813249] pcieport 0000:00:1c.5:    [ 0] Receiver Error         (First)
[  431.754860] pcieport 0000:00:1c.5: AER: Corrected error received: id=00e5
[  431.754876] pcieport 0000:00:1c.5: PCIe Bus Error: severity=Corrected, type=Physical Layer, id=00e5(Receiver ID)
[  431.754891] pcieport 0000:00:1c.5:   device [8086:9d15] error status/mask=00000001/00002000
[  431.754901] pcieport 0000:00:1c.5:    [ 0] Receiver Error         (First)
[  436.487066] pcieport 0000:00:1c.5: AER: Corrected error received: id=00e5
[  436.487081] pcieport 0000:00:1c.5: PCIe Bus Error: severity=Corrected, type=Physical Layer, id=00e5(Receiver ID)
[  436.487096] pcieport 0000:00:1c.5:   device [8086:9d15] error status/mask=00000001/00002000
[  436.487107] pcieport 0000:00:1c.5:    [ 0] Receiver Error         (First)
[  437.449572] pcieport 0000:00:1c.5: AER: Corrected error received: id=00e5
[  437.449587] pcieport 0000:00:1c.5: PCIe Bus Error: severity=Corrected, type=Physical Layer, id=00e5(Receiver ID)
[  437.449601] pcieport 0000:00:1c.5:   device [8086:9d15] error status/mask=00000001/00002000
[  437.449611] pcieport 0000:00:1c.5:    [ 0] Receiver Error         (First)
[  447.063543] pcieport 0000:00:1c.5: AER: Corrected error received: id=00e5
[  447.063591] pcieport 0000:00:1c.5: PCIe Bus Error: severity=Corrected, type=Physical Layer, id=00e5(Receiver ID)
[  447.063618] pcieport 0000:00:1c.5:   device [8086:9d15] error status/mask=00000001/00002000
[  447.063640] pcieport 0000:00:1c.5:    [ 0] Receiver Error         (First)
[  457.322487] pcieport 0000:00:1c.5: AER: Corrected error received: id=00e5
[  457.322499] pcieport 0000:00:1c.5: PCIe Bus Error: severity=Corrected, type=Physical Layer, id=00e5(Receiver ID)
[  457.322511] pcieport 0000:00:1c.5:   device [8086:9d15] error status/mask=00000001/00002000
[  457.322519] pcieport 0000:00:1c.5:    [ 0] Receiver Error         (First)
[  476.159728] pcieport 0000:00:1c.5: AER: Corrected error received: id=00e5
[  476.159747] pcieport 0000:00:1c.5: PCIe Bus Error: severity=Corrected, type=Physical Layer, id=00e5(Receiver ID)
[  476.159763] pcieport 0000:00:1c.5:   device [8086:9d15] error status/mask=00000001/00002000
[  476.159774] pcieport 0000:00:1c.5:    [ 0] Receiver Error         (First)
[  487.312009] pcieport 0000:00:1c.5: AER: Corrected error received: id=00e5
[  487.312024] pcieport 0000:00:1c.5: PCIe Bus Error: severity=Corrected, type=Physical Layer, id=00e5(Receiver ID)
[  487.312038] pcieport 0000:00:1c.5:   device [8086:9d15] error status/mask=00000001/00002000
[  487.312048] pcieport 0000:00:1c.5:    [ 0] Receiver Error         (First)
[  495.431951] pcieport 0000:00:1c.5: AER: Corrected error received: id=00e5
[  495.431965] pcieport 0000:00:1c.5: PCIe Bus Error: severity=Corrected, type=Physical Layer, id=00e5(Receiver ID)
[  495.431977] pcieport 0000:00:1c.5:   device [8086:9d15] error status/mask=00000001/00002000
[  495.431986] pcieport 0000:00:1c.5:    [ 0] Receiver Error         (First)
[  500.758705] pcieport 0000:00:1c.5: AER: Corrected error received: id=00e5
[  500.758727] pcieport 0000:00:1c.5: PCIe Bus Error: severity=Corrected, type=Data Link Layer, id=00e5(Receiver ID)
[  500.758748] pcieport 0000:00:1c.5:   device [8086:9d15] error status/mask=00000040/00002000
[  500.758765] pcieport 0000:00:1c.5:    [ 6] Bad TLP               
[  513.842257] pcieport 0000:00:1c.5: AER: Corrected error received: id=00e5
[  513.842275] pcieport 0000:00:1c.5: PCIe Bus Error: severity=Corrected, type=Physical Layer, id=00e5(Receiver ID)
[  513.842292] pcieport 0000:00:1c.5:   device [8086:9d15] error status/mask=00000001/00002000
[  513.842304] pcieport 0000:00:1c.5:    [ 0] Receiver Error         (First)
[  527.635269] pcieport 0000:00:1c.5: AER: Corrected error received: id=00e5
[  527.635286] pcieport 0000:00:1c.5: PCIe Bus Error: severity=Corrected, type=Physical Layer, id=00e5(Receiver ID)
[  527.635302] pcieport 0000:00:1c.5:   device [8086:9d15] error status/mask=00000001/00002000
[  527.635314] pcieport 0000:00:1c.5:    [ 0] Receiver Error         (First)
[  544.081384] pcieport 0000:00:1c.5: AER: Corrected error received: id=00e5
[  544.081393] pcieport 0000:00:1c.5: PCIe Bus Error: severity=Corrected, type=Physical Layer, id=00e5(Receiver ID)
[  544.081399] pcieport 0000:00:1c.5:   device [8086:9d15] error status/mask=00000001/00002000
[  544.081402] pcieport 0000:00:1c.5:    [ 0] Receiver Error         (First)
[  627.404030] pcieport 0000:00:1c.5: AER: Corrected error received: id=00e5
[  627.404052] pcieport 0000:00:1c.5: PCIe Bus Error: severity=Corrected, type=Physical Layer, id=00e5(Receiver ID)
[  627.404075] pcieport 0000:00:1c.5:   device [8086:9d15] error status/mask=00000001/00002000
[  627.404090] pcieport 0000:00:1c.5:    [ 0] Receiver Error         (First)
[  637.442533] pcieport 0000:00:1c.5: AER: Corrected error received: id=00e5
[  637.442538] pcieport 0000:00:1c.5: PCIe Bus Error: severity=Corrected, type=Physical Layer, id=00e5(Receiver ID)
[  637.442542] pcieport 0000:00:1c.5:   device [8086:9d15] error status/mask=00000001/00002000
[  637.442544] pcieport 0000:00:1c.5:    [ 0] Receiver Error         (First)
[  640.028771] pcieport 0000:00:1c.5: AER: Corrected error received: id=00e5
[  640.028814] pcieport 0000:00:1c.5: PCIe Bus Error: severity=Corrected, type=Physical Layer, id=00e5(Receiver ID)
[  640.028840] pcieport 0000:00:1c.5:   device [8086:9d15] error status/mask=00000001/00002000
[  640.028860] pcieport 0000:00:1c.5:    [ 0] Receiver Error         (First)
[  648.577149] pcieport 0000:00:1c.5: AER: Corrected error received: id=00e5
[  648.577158] pcieport 0000:00:1c.5: PCIe Bus Error: severity=Corrected, type=Physical Layer, id=00e5(Receiver ID)
[  648.577165] pcieport 0000:00:1c.5:   device [8086:9d15] error status/mask=00000001/00002000
[  648.577170] pcieport 0000:00:1c.5:    [ 0] Receiver Error         (First)
[  661.549652] pcieport 0000:00:1c.5: AER: Corrected error received: id=00e5
[  661.549672] pcieport 0000:00:1c.5: PCIe Bus Error: severity=Corrected, type=Physical Layer, id=00e5(Receiver ID)
[  661.549691] pcieport 0000:00:1c.5:   device [8086:9d15] error status/mask=00000001/00002000
[  661.549702] pcieport 0000:00:1c.5:    [ 0] Receiver Error         (First)
[  667.459538] pcieport 0000:00:1c.5: AER: Corrected error received: id=00e5
[  667.459553] pcieport 0000:00:1c.5: PCIe Bus Error: severity=Corrected, type=Physical Layer, id=00e5(Receiver ID)
[  667.459566] pcieport 0000:00:1c.5:   device [8086:9d15] error status/mask=00000001/00002000
[  667.459576] pcieport 0000:00:1c.5:    [ 0] Receiver Error         (First)
[  667.830742] pcieport 0000:00:1c.5: AER: Corrected error received: id=00e5
[  667.830761] pcieport 0000:00:1c.5: PCIe Bus Error: severity=Corrected, type=Physical Layer, id=00e5(Receiver ID)
[  667.830780] pcieport 0000:00:1c.5:   device [8086:9d15] error status/mask=00000001/00002000
[  667.830793] pcieport 0000:00:1c.5:    [ 0] Receiver Error         (First)
[  680.131859] pcieport 0000:00:1c.5: AER: Corrected error received: id=00e5
[  680.131874] pcieport 0000:00:1c.5: PCIe Bus Error: severity=Corrected, type=Physical Layer, id=00e5(Receiver ID)
[  680.131888] pcieport 0000:00:1c.5:   device [8086:9d15] error status/mask=00000001/00002000
[  680.131897] pcieport 0000:00:1c.5:    [ 0] Receiver Error         (First)
[  712.736625] pcieport 0000:00:1c.5: AER: Multiple Corrected error received: id=00e5
[  712.736701] pcieport 0000:00:1c.5: PCIe Bus Error: severity=Corrected, type=Physical Layer, id=00e5(Receiver ID)
[  712.736716] pcieport 0000:00:1c.5:   device [8086:9d15] error status/mask=00000001/00002000
[  712.736725] pcieport 0000:00:1c.5:    [ 0] Receiver Error         (First)
[  727.510244] pcieport 0000:00:1c.5: AER: Corrected error received: id=00e5
[  727.510249] pcieport 0000:00:1c.5: PCIe Bus Error: severity=Corrected, type=Physical Layer, id=00e5(Receiver ID)
[  727.510253] pcieport 0000:00:1c.5:   device [8086:9d15] error status/mask=00000001/00002000
[  727.510255] pcieport 0000:00:1c.5:    [ 0] Receiver Error         (First)
[  757.539169] pcieport 0000:00:1c.5: AER: Corrected error received: id=00e5
[  757.539179] pcieport 0000:00:1c.5: PCIe Bus Error: severity=Corrected, type=Physical Layer, id=00e5(Receiver ID)
[  757.539189] pcieport 0000:00:1c.5:   device [8086:9d15] error status/mask=00000001/00002000
[  757.539196] pcieport 0000:00:1c.5:    [ 0] Receiver Error         (First)
[  758.385257] pcieport 0000:00:1c.5: AER: Corrected error received: id=00e5
[  758.385271] pcieport 0000:00:1c.5: PCIe Bus Error: severity=Corrected, type=Physical Layer, id=00e5(Receiver ID)
[  758.385285] pcieport 0000:00:1c.5:   device [8086:9d15] error status/mask=00000001/00002000
[  758.385295] pcieport 0000:00:1c.5:    [ 0] Receiver Error         (First)
[  769.867196] pcieport 0000:00:1c.5: AER: Corrected error received: id=00e5
[  769.867212] pcieport 0000:00:1c.5: PCIe Bus Error: severity=Corrected, type=Data Link Layer, id=00e5(Receiver ID)
[  769.867226] pcieport 0000:00:1c.5:   device [8086:9d15] error status/mask=00000080/00002000
[  769.867249] pcieport 0000:00:1c.5:    [ 7] Bad DLLP              
[  773.489012] pcieport 0000:00:1c.5: AER: Corrected error received: id=00e5
[  773.489033] pcieport 0000:00:1c.5: PCIe Bus Error: severity=Corrected, type=Physical Layer, id=00e5(Receiver ID)
[  773.489048] pcieport 0000:00:1c.5:   device [8086:9d15] error status/mask=00000001/00002000
[  773.489057] pcieport 0000:00:1c.5:    [ 0] Receiver Error         (First)
[  777.408598] pcieport 0000:00:1c.5: AER: Corrected error received: id=00e5
[  777.408609] pcieport 0000:00:1c.5: PCIe Bus Error: severity=Corrected, type=Physical Layer, id=00e5(Receiver ID)
[  777.408619] pcieport 0000:00:1c.5:   device [8086:9d15] error status/mask=00000001/00002000
[  777.408625] pcieport 0000:00:1c.5:    [ 0] Receiver Error         (First)
[  787.587429] pcieport 0000:00:1c.5: AER: Corrected error received: id=00e5
[  787.587437] pcieport 0000:00:1c.5: PCIe Bus Error: severity=Corrected, type=Physical Layer, id=00e5(Receiver ID)
[  787.587445] pcieport 0000:00:1c.5:   device [8086:9d15] error status/mask=00000001/00002000
[  787.587449] pcieport 0000:00:1c.5:    [ 0] Receiver Error         (First)
[  812.441461] pcieport 0000:00:1c.5: AER: Corrected error received: id=00e5
[  812.441479] pcieport 0000:00:1c.5: PCIe Bus Error: severity=Corrected, type=Data Link Layer, id=00e5(Receiver ID)
[  812.441495] pcieport 0000:00:1c.5:   device [8086:9d15] error status/mask=00000040/00002000
[  812.441506] pcieport 0000:00:1c.5:    [ 6] Bad TLP               
[  820.525163] pcieport 0000:00:1c.5: AER: Corrected error received: id=00e5
[  820.525181] pcieport 0000:00:1c.5: PCIe Bus Error: severity=Corrected, type=Data Link Layer, id=00e5(Receiver ID)
[  820.525197] pcieport 0000:00:1c.5:   device [8086:9d15] error status/mask=00000080/00002000
[  820.525209] pcieport 0000:00:1c.5:    [ 7] Bad DLLP              
[  841.973228] pcieport 0000:00:1c.5: AER: Corrected error received: id=00e5
[  841.973243] pcieport 0000:00:1c.5: PCIe Bus Error: severity=Corrected, type=Physical Layer, id=00e5(Receiver ID)
[  841.973257] pcieport 0000:00:1c.5:   device [8086:9d15] error status/mask=00000001/00002000
[  841.973267] pcieport 0000:00:1c.5:    [ 0] Receiver Error         (First)
[  843.630868] pcieport 0000:00:1c.5: AER: Corrected error received: id=00e5
[  843.630878] pcieport 0000:00:1c.5: PCIe Bus Error: severity=Corrected, type=Physical Layer, id=00e5(Receiver ID)
[  843.630885] pcieport 0000:00:1c.5:   device [8086:9d15] error status/mask=00000001/00002000
[  843.630888] pcieport 0000:00:1c.5:    [ 0] Receiver Error         (First)
[  844.236809] pcieport 0000:00:1c.5: AER: Corrected error received: id=00e5
[  844.236826] pcieport 0000:00:1c.5: PCIe Bus Error: severity=Corrected, type=Physical Layer, id=00e5(Receiver ID)
[  844.236842] pcieport 0000:00:1c.5:   device [8086:9d15] error status/mask=00000001/00002000
[  844.236853] pcieport 0000:00:1c.5:    [ 0] Receiver Error         (First)
[  876.514565] pcieport 0000:00:1c.5: AER: Multiple Corrected error received: id=00e5
[  876.514636] pcieport 0000:00:1c.5: PCIe Bus Error: severity=Corrected, type=Physical Layer, id=00e5(Receiver ID)
[  876.514653] pcieport 0000:00:1c.5:   device [8086:9d15] error status/mask=00000001/00002000
[  876.514664] pcieport 0000:00:1c.5:    [ 0] Receiver Error         (First)
[  891.561567] pcieport 0000:00:1c.5: AER: Corrected error received: id=00e5
[  891.561582] pcieport 0000:00:1c.5: PCIe Bus Error: severity=Corrected, type=Physical Layer, id=00e5(Receiver ID)
[  891.561595] pcieport 0000:00:1c.5:   device [8086:9d15] error status/mask=00000001/00002000
[  891.561605] pcieport 0000:00:1c.5:    [ 0] Receiver Error         (First)
[  893.236234] pcieport 0000:00:1c.5: AER: Corrected error received: id=00e5
[  893.236264] pcieport 0000:00:1c.5: PCIe Bus Error: severity=Corrected, type=Physical Layer, id=00e5(Receiver ID)
[  893.236291] pcieport 0000:00:1c.5:   device [8086:9d15] error status/mask=00000001/00002000
[  893.236306] pcieport 0000:00:1c.5:    [ 0] Receiver Error         (First)
[  894.252796] pcieport 0000:00:1c.5: AER: Corrected error received: id=00e5
[  894.252810] pcieport 0000:00:1c.5: PCIe Bus Error: severity=Corrected, type=Physical Layer, id=00e5(Receiver ID)
[  894.252818] pcieport 0000:00:1c.5:   device [8086:9d15] error status/mask=00000001/00002000
[  894.252823] pcieport 0000:00:1c.5:    [ 0] Receiver Error         (First)
[  907.393611] pcieport 0000:00:1c.5: AER: Corrected error received: id=00e5
[  907.393617] pcieport 0000:00:1c.5: PCIe Bus Error: severity=Corrected, type=Physical Layer, id=00e5(Receiver ID)
[  907.393621] pcieport 0000:00:1c.5:   device [8086:9d15] error status/mask=00000001/00002000
[  907.393624] pcieport 0000:00:1c.5:    [ 0] Receiver Error         (First)
[  924.702680] pcieport 0000:00:1c.5: AER: Corrected error received: id=00e5
[  924.702701] pcieport 0000:00:1c.5: PCIe Bus Error: severity=Corrected, type=Physical Layer, id=00e5(Receiver ID)
[  924.702722] pcieport 0000:00:1c.5:   device [8086:9d15] error status/mask=00000001/00002000
[  924.702737] pcieport 0000:00:1c.5:    [ 0] Receiver Error         (First)
[  937.732880] pcieport 0000:00:1c.5: AER: Corrected error received: id=00e5
[  937.732898] pcieport 0000:00:1c.5: PCIe Bus Error: severity=Corrected, type=Physical Layer, id=00e5(Receiver ID)
[  937.732916] pcieport 0000:00:1c.5:   device [8086:9d15] error status/mask=00000001/00002000
[  937.732930] pcieport 0000:00:1c.5:    [ 0] Receiver Error         (First)
[  938.923709] pcieport 0000:00:1c.5: AER: Corrected error received: id=00e5
[  938.923729] pcieport 0000:00:1c.5: PCIe Bus Error: severity=Corrected, type=Physical Layer, id=00e5(Receiver ID)
[  938.923748] pcieport 0000:00:1c.5:   device [8086:9d15] error status/mask=00000001/00002000
[  938.923762] pcieport 0000:00:1c.5:    [ 0] Receiver Error         (First)
[  940.291191] pcieport 0000:00:1c.5: AER: Corrected error received: id=00e5
[  940.291200] pcieport 0000:00:1c.5: PCIe Bus Error: severity=Corrected, type=Physical Layer, id=00e5(Receiver ID)
[  940.291207] pcieport 0000:00:1c.5:   device [8086:9d15] error status/mask=00000001/00002000
[  940.291212] pcieport 0000:00:1c.5:    [ 0] Receiver Error         (First)
[  954.027412] pcieport 0000:00:1c.5: AER: Corrected error received: id=00e5
[  954.027431] pcieport 0000:00:1c.5: PCIe Bus Error: severity=Corrected, type=Physical Layer, id=00e5(Receiver ID)
[  954.027448] pcieport 0000:00:1c.5:   device [8086:9d15] error status/mask=00000001/00002000
[  954.027458] pcieport 0000:00:1c.5:    [ 0] Receiver Error         (First)
[  974.199715] pcieport 0000:00:1c.5: AER: Corrected error received: id=00e5
[  974.199734] pcieport 0000:00:1c.5: PCIe Bus Error: severity=Corrected, type=Physical Layer, id=00e5(Receiver ID)
[  974.199750] pcieport 0000:00:1c.5:   device [8086:9d15] error status/mask=00000001/00002000
[  974.199761] pcieport 0000:00:1c.5:    [ 0] Receiver Error         (First)
[  997.789945] pcieport 0000:00:1c.5: AER: Corrected error received: id=00e5
[  997.789955] pcieport 0000:00:1c.5: PCIe Bus Error: severity=Corrected, type=Physical Layer, id=00e5(Receiver ID)
[  997.789965] pcieport 0000:00:1c.5:   device [8086:9d15] error status/mask=00000001/00002000
[  997.789971] pcieport 0000:00:1c.5:    [ 0] Receiver Error         (First)
[ 1010.428863] pcieport 0000:00:1c.5: AER: Corrected error received: id=00e5
[ 1010.428882] pcieport 0000:00:1c.5: PCIe Bus Error: severity=Corrected, type=Physical Layer, id=00e5(Receiver ID)
[ 1010.428922] pcieport 0000:00:1c.5:   device [8086:9d15] error status/mask=00000001/00002000
[ 1010.428935] pcieport 0000:00:1c.5:    [ 0] Receiver Error         (First)
[ 1027.812089] pcieport 0000:00:1c.5: AER: Corrected error received: id=00e5
[ 1027.812095] pcieport 0000:00:1c.5: PCIe Bus Error: severity=Corrected, type=Physical Layer, id=00e5(Receiver ID)
[ 1027.812100] pcieport 0000:00:1c.5:   device [8086:9d15] error status/mask=00000001/00002000
[ 1027.812103] pcieport 0000:00:1c.5:    [ 0] Receiver Error         (First)
[ 1062.320587] pcieport 0000:00:1c.5: AER: Corrected error received: id=00e5
[ 1062.320611] pcieport 0000:00:1c.5: PCIe Bus Error: severity=Corrected, type=Physical Layer, id=00e5(Receiver ID)
[ 1062.320632] pcieport 0000:00:1c.5:   device [8086:9d15] error status/mask=00000001/00002000
[ 1062.320649] pcieport 0000:00:1c.5:    [ 0] Receiver Error         (First)
[ 1078.117891] pcieport 0000:00:1c.5: AER: Corrected error received: id=00e5
[ 1078.117908] pcieport 0000:00:1c.5: PCIe Bus Error: severity=Corrected, type=Physical Layer, id=00e5(Receiver ID)
[ 1078.117926] pcieport 0000:00:1c.5:   device [8086:9d15] error status/mask=00000001/00002000
[ 1078.117937] pcieport 0000:00:1c.5:    [ 0] Receiver Error         (First)
[ 1082.174105] pcieport 0000:00:1c.5: AER: Corrected error received: id=00e5
[ 1082.174119] pcieport 0000:00:1c.5: PCIe Bus Error: severity=Corrected, type=Physical Layer, id=00e5(Receiver ID)
[ 1082.174132] pcieport 0000:00:1c.5:   device [8086:9d15] error status/mask=00000001/00002000
[ 1082.174141] pcieport 0000:00:1c.5:    [ 0] Receiver Error         (First)
[ 1087.875672] pcieport 0000:00:1c.5: AER: Corrected error received: id=00e5
[ 1087.875690] pcieport 0000:00:1c.5: PCIe Bus Error: severity=Corrected, type=Physical Layer, id=00e5(Receiver ID)
[ 1087.875707] pcieport 0000:00:1c.5:   device [8086:9d15] error status/mask=00000001/00002000
[ 1087.875718] pcieport 0000:00:1c.5:    [ 0] Receiver Error         (First)
[ 1089.112011] pcieport 0000:00:1c.5: AER: Corrected error received: id=00e5
