[    0.000000] Linux version 4.15.0-36-generic (buildd@lcy01-amd64-017) (gcc version 5.4.0 20160609 (Ubuntu 5.4.0-6ubuntu1~16.04.10)) #39~16.04.1-Ubuntu SMP Tue Sep 25 08:59:23 UTC 2018 (Ubuntu 4.15.0-36.39~16.04.1-generic 4.15.18)
[    0.000000] Command line: BOOT_IMAGE=/boot/vmlinuz-4.15.0-36-generic root=UUID=a7a7003e-a7f1-4bb4-bde8-61023c6283ad ro quiet splash vt.handoff=7
[    0.000000] KERNEL supported cpus:
[    0.000000]   Intel GenuineIntel
[    0.000000]   AMD AuthenticAMD
[    0.000000]   Centaur CentaurHauls
[    0.000000] x86/fpu: Supporting XSAVE feature 0x001: 'x87 floating point registers'
[    0.000000] x86/fpu: Supporting XSAVE feature 0x002: 'SSE registers'
[    0.000000] x86/fpu: Supporting XSAVE feature 0x004: 'AVX registers'
[    0.000000] x86/fpu: Supporting XSAVE feature 0x008: 'MPX bounds registers'
[    0.000000] x86/fpu: Supporting XSAVE feature 0x010: 'MPX CSR'
[    0.000000] x86/fpu: xstate_offset[2]:  576, xstate_sizes[2]:  256
[    0.000000] x86/fpu: xstate_offset[3]:  832, xstate_sizes[3]:   64
[    0.000000] x86/fpu: xstate_offset[4]:  896, xstate_sizes[4]:   64
[    0.000000] x86/fpu: Enabled xstate features 0x1f, context size is 960 bytes, using 'compacted' format.
[    0.000000] e820: BIOS-provided physical RAM map:
[    0.000000] BIOS-e820: [mem 0x0000000000000000-0x0000000000057fff] usable
[    0.000000] BIOS-e820: [mem 0x0000000000058000-0x0000000000058fff] reserved
[    0.000000] BIOS-e820: [mem 0x0000000000059000-0x000000000009dfff] usable
[    0.000000] BIOS-e820: [mem 0x000000000009e000-0x000000000009efff] reserved
[    0.000000] BIOS-e820: [mem 0x000000000009f000-0x000000000009ffff] usable
[    0.000000] BIOS-e820: [mem 0x00000000000a0000-0x00000000000fffff] reserved
[    0.000000] BIOS-e820: [mem 0x0000000000100000-0x00000000c9959fff] usable
[    0.000000] BIOS-e820: [mem 0x00000000c995a000-0x00000000c995afff] reserved
[    0.000000] BIOS-e820: [mem 0x00000000c995b000-0x00000000c9c56fff] usable
[    0.000000] BIOS-e820: [mem 0x00000000c9c57000-0x00000000c9c57fff] reserved
[    0.000000] BIOS-e820: [mem 0x00000000c9c58000-0x00000000d90fafff] usable
[    0.000000] BIOS-e820: [mem 0x00000000d90fb000-0x00000000d95fafff] type 20
[    0.000000] BIOS-e820: [mem 0x00000000d95fb000-0x00000000d9c7efff] reserved
[    0.000000] BIOS-e820: [mem 0x00000000d9c7f000-0x00000000d9e7efff] ACPI NVS
[    0.000000] BIOS-e820: [mem 0x00000000d9e7f000-0x00000000d9efefff] ACPI data
[    0.000000] BIOS-e820: [mem 0x00000000d9eff000-0x00000000d9efffff] usable
[    0.000000] BIOS-e820: [mem 0x00000000d9f00000-0x00000000de7fffff] reserved
[    0.000000] BIOS-e820: [mem 0x00000000f80fa000-0x00000000f80fafff] reserved
[    0.000000] BIOS-e820: [mem 0x00000000f80fd000-0x00000000f80fdfff] reserved
[    0.000000] BIOS-e820: [mem 0x00000000fe000000-0x00000000fe010fff] reserved
[    0.000000] BIOS-e820: [mem 0x0000000100000000-0x00000002207fffff] usable
[    0.000000] NX (Execute Disable) protection: active
[    0.000000] efi: EFI v2.40 by HP
[    0.000000] efi:  ACPI=0xd9efe000  ACPI 2.0=0xd9efe014  SMBIOS=0xd98db000  MPS=0xd99b5000  ESRT=0xd8fe5660 
[    0.000000] secureboot: Secure boot could not be determined (mode 0)
[    0.000000] SMBIOS 2.7 present.
[    0.000000] DMI: HP HP ProBook 450 G3/8101, BIOS N78 Ver. 01.33 07/18/2018
[    0.000000] e820: update [mem 0x00000000-0x00000fff] usable ==> reserved
[    0.000000] e820: remove [mem 0x000a0000-0x000fffff] usable
[    0.000000] e820: last_pfn = 0x220800 max_arch_pfn = 0x400000000
[    0.000000] MTRR default type: write-back
[    0.000000] MTRR fixed ranges enabled:
[    0.000000]   00000-9FFFF write-back
[    0.000000]   A0000-BFFFF uncachable
[    0.000000]   C0000-FFFFF write-protect
[    0.000000] MTRR variable ranges enabled:
[    0.000000]   0 base 00E0000000 mask 7FE0000000 uncachable
[    0.000000]   1 base 00DC000000 mask 7FFC000000 uncachable
[    0.000000]   2 disabled
[    0.000000]   3 disabled
[    0.000000]   4 disabled
[    0.000000]   5 disabled
[    0.000000]   6 disabled
[    0.000000]   7 disabled
[    0.000000]   8 disabled
[    0.000000]   9 disabled
[    0.000000] x86/PAT: Configuration [0-7]: WB  WC  UC- UC  WB  WP  UC- WT  
[    0.000000] e820: last_pfn = 0xd9f00 max_arch_pfn = 0x400000000
[    0.000000] esrt: ESRT header is not in the memory map.
[    0.000000] Scanning 1 areas for low memory corruption
[    0.000000] Base memory trampoline at [        (ptrval)] 97000 size 24576
[    0.000000] Using GB pages for direct mapping
[    0.000000] BRK [0x1d913f000, 0x1d913ffff] PGTABLE
[    0.000000] BRK [0x1d9140000, 0x1d9140fff] PGTABLE
[    0.000000] BRK [0x1d9141000, 0x1d9141fff] PGTABLE
[    0.000000] BRK [0x1d9142000, 0x1d9142fff] PGTABLE
[    0.000000] BRK [0x1d9143000, 0x1d9143fff] PGTABLE
[    0.000000] BRK [0x1d9144000, 0x1d9144fff] PGTABLE
[    0.000000] BRK [0x1d9145000, 0x1d9145fff] PGTABLE
[    0.000000] BRK [0x1d9146000, 0x1d9146fff] PGTABLE
[    0.000000] BRK [0x1d9147000, 0x1d9147fff] PGTABLE
[    0.000000] BRK [0x1d9148000, 0x1d9148fff] PGTABLE
[    0.000000] RAMDISK: [mem 0x317fe000-0x34bf6fff]
[    0.000000] ACPI: Early table checksum verification disabled
[    0.000000] ACPI: RSDP 0x00000000D9EFE014 000024 (v02 HPQOEM)
[    0.000000] ACPI: XSDT 0x00000000D9EC0188 0000DC (v01 HPQOEM SLIC-BPC 00000000      01000013)
[    0.000000] ACPI: FACP 0x00000000D9EEC000 0000F4 (v05 HPQOEM SLIC-BPC 00000000 HP   00000001)
[    0.000000] ACPI: DSDT 0x00000000D9EC6000 022AC5 (v02 HPQOEM 8101     00000000 INTL 20121018)
[    0.000000] ACPI: FACS 0x00000000D9E57000 000040
[    0.000000] ACPI: SSDT 0x00000000D9EFC000 000108 (v02 HP     ShmTable 00000001 INTL 20121018)
[    0.000000] ACPI: SSDT 0x00000000D9EFB000 00024F (v01 AcpiRe zpodd    00001000 INTL 20121018)
[    0.000000] ACPI: TCPA 0x00000000D9EF9000 000032 (v02 HPQOEM EDK2     00000002      01000013)
[    0.000000] ACPI: SSDT 0x00000000D9EF8000 00038A (v02 HPQOEM Tpm2Tabl 00001000 INTL 20121018)
[    0.000000] ACPI: TPM2 0x00000000D9EF7000 000034 (v03 HPQOEM EDK2     00000002      01000013)
[    0.000000] ACPI: UEFI 0x00000000D9E69000 000042 (v01 HPQOEM EDK2     00000002      01000013)
[    0.000000] ACPI: SSDT 0x00000000D9EF1000 0051FA (v02 SaSsdt SaSsdt   00003000 INTL 20121018)
[    0.000000] ACPI: SSDT 0x00000000D9EF0000 0005B1 (v01 Intel  PerfTune 00001000 INTL 20121018)
[    0.000000] ACPI: MSDM 0x00000000D9EEF000 000055 (v03 HPQOEM SLIC-BPC 00000000 HP   00000001)
[    0.000000] ACPI: SLIC 0x00000000D9EEE000 000176 (v01 HPQOEM SLIC-BPC 00000001 HP   00000001)
[    0.000000] ACPI: WSMT 0x00000000D9EED000 000028 (v01 HPQOEM 8101     00000001 HP   00000001)
[    0.000000] ACPI: HPET 0x00000000D9EEB000 000038 (v01 HPQOEM 8101     00000001 HP   00000001)
[    0.000000] ACPI: APIC 0x00000000D9EEA000 0000BC (v01 HPQOEM 8101     00000001 HP   00000001)
[    0.000000] ACPI: MCFG 0x00000000D9EE9000 00003C (v01 HPQOEM 8101     00000001 HP   00000001)
[    0.000000] ACPI: SSDT 0x00000000D9EC5000 00019A (v02 HPQOEM Sata0Ide 00001000 INTL 20121018)
[    0.000000] ACPI: SSDT 0x00000000D9EC4000 000729 (v01 HPQOEM PtidDevc 00001000 INTL 20121018)
[    0.000000] ACPI: SSDT 0x00000000D9EC3000 0003DC (v02 HPQOEM SDS_RTD3 00001000 INTL 20121018)
[    0.000000] ACPI: SSDT 0x00000000D9EC2000 000E73 (v02 CpuRef CpuSsdt  00003000 INTL 20121018)
[    0.000000] ACPI: NHLT 0x00000000D9EC1000 00002D (v00 INTEL  EDK2     00000002      01000013)
[    0.000000] ACPI: FPDT 0x00000000D9EFD000 000044 (v01 HPQOEM EDK2     00000002      01000013)
[    0.000000] ACPI: BGRT 0x00000000D9EBF000 000038 (v01 HPQOEM EDK2     00000002      01000013)
[    0.000000] ACPI: SSDT 0x00000000D9EFA000 000260 (v02 HP     PwrCtlEv 00000001 INTL 20121018)
[    0.000000] ACPI: Local APIC address 0xfee00000
[    0.000000] No NUMA configuration found
[    0.000000] Faking a node at [mem 0x0000000000000000-0x00000002207fffff]
[    0.000000] NODE_DATA(0) allocated [mem 0x2207d5000-0x2207fffff]
[    0.000000] Zone ranges:
[    0.000000]   DMA      [mem 0x0000000000001000-0x0000000000ffffff]
[    0.000000]   DMA32    [mem 0x0000000001000000-0x00000000ffffffff]
[    0.000000]   Normal   [mem 0x0000000100000000-0x00000002207fffff]
[    0.000000]   Device   empty
[    0.000000] Movable zone start for each node
[    0.000000] Early memory node ranges
[    0.000000]   node   0: [mem 0x0000000000001000-0x0000000000057fff]
[    0.000000]   node   0: [mem 0x0000000000059000-0x000000000009dfff]
[    0.000000]   node   0: [mem 0x000000000009f000-0x000000000009ffff]
[    0.000000]   node   0: [mem 0x0000000000100000-0x00000000c9959fff]
[    0.000000]   node   0: [mem 0x00000000c995b000-0x00000000c9c56fff]
[    0.000000]   node   0: [mem 0x00000000c9c58000-0x00000000d90fafff]
[    0.000000]   node   0: [mem 0x00000000d9eff000-0x00000000d9efffff]
[    0.000000]   node   0: [mem 0x0000000100000000-0x00000002207fffff]
[    0.000000] Initmem setup node 0 [mem 0x0000000000001000-0x00000002207fffff]
[    0.000000] On node 0 totalpages: 2070679
[    0.000000]   DMA zone: 64 pages used for memmap
[    0.000000]   DMA zone: 89 pages reserved
[    0.000000]   DMA zone: 3997 pages, LIFO batch:0
[    0.000000]   DMA32 zone: 13828 pages used for memmap
[    0.000000]   DMA32 zone: 884986 pages, LIFO batch:31
[    0.000000]   Normal zone: 18464 pages used for memmap
[    0.000000]   Normal zone: 1181696 pages, LIFO batch:31
[    0.000000] Reserved but unavailable: 98 pages
[    0.000000] Reserving Intel graphics memory at 0x00000000dc800000-0x00000000de7fffff
[    0.000000] ACPI: PM-Timer IO Port: 0x1808
[    0.000000] ACPI: Local APIC address 0xfee00000
[    0.000000] ACPI: LAPIC_NMI (acpi_id[0x01] high edge lint[0x1])
[    0.000000] ACPI: LAPIC_NMI (acpi_id[0x02] high edge lint[0x1])
[    0.000000] ACPI: LAPIC_NMI (acpi_id[0x03] high edge lint[0x1])
[    0.000000] ACPI: LAPIC_NMI (acpi_id[0x04] high edge lint[0x1])
[    0.000000] ACPI: LAPIC_NMI (acpi_id[0x05] high edge lint[0x1])
[    0.000000] ACPI: LAPIC_NMI (acpi_id[0x06] high edge lint[0x1])
[    0.000000] ACPI: LAPIC_NMI (acpi_id[0x07] high edge lint[0x1])
[    0.000000] ACPI: LAPIC_NMI (acpi_id[0x08] high edge lint[0x1])
[    0.000000] IOAPIC[0]: apic_id 2, version 32, address 0xfec00000, GSI 0-119
[    0.000000] ACPI: INT_SRC_OVR (bus 0 bus_irq 0 global_irq 2 dfl dfl)
[    0.000000] ACPI: INT_SRC_OVR (bus 0 bus_irq 9 global_irq 9 high level)
[    0.000000] ACPI: IRQ0 used by override.
[    0.000000] ACPI: IRQ9 used by override.
[    0.000000] Using ACPI (MADT) for SMP configuration information
[    0.000000] ACPI: HPET id: 0x8086a201 base: 0xfed00000
[    0.000000] smpboot: Allowing 4 CPUs, 0 hotplug CPUs
[    0.000000] PM: Registered nosave memory: [mem 0x00000000-0x00000fff]
[    0.000000] PM: Registered nosave memory: [mem 0x00058000-0x00058fff]
[    0.000000] PM: Registered nosave memory: [mem 0x0009e000-0x0009efff]
[    0.000000] PM: Registered nosave memory: [mem 0x000a0000-0x000fffff]
[    0.000000] PM: Registered nosave memory: [mem 0xc995a000-0xc995afff]
[    0.000000] PM: Registered nosave memory: [mem 0xc9c57000-0xc9c57fff]
[    0.000000] PM: Registered nosave memory: [mem 0xd90fb000-0xd95fafff]
[    0.000000] PM: Registered nosave memory: [mem 0xd95fb000-0xd9c7efff]
[    0.000000] PM: Registered nosave memory: [mem 0xd9c7f000-0xd9e7efff]
[    0.000000] PM: Registered nosave memory: [mem 0xd9e7f000-0xd9efefff]
[    0.000000] PM: Registered nosave memory: [mem 0xd9f00000-0xde7fffff]
[    0.000000] PM: Registered nosave memory: [mem 0xde800000-0xf80f9fff]
[    0.000000] PM: Registered nosave memory: [mem 0xf80fa000-0xf80fafff]
[    0.000000] PM: Registered nosave memory: [mem 0xf80fb000-0xf80fcfff]
[    0.000000] PM: Registered nosave memory: [mem 0xf80fd000-0xf80fdfff]
[    0.000000] PM: Registered nosave memory: [mem 0xf80fe000-0xfdffffff]
[    0.000000] PM: Registered nosave memory: [mem 0xfe000000-0xfe010fff]
[    0.000000] PM: Registered nosave memory: [mem 0xfe011000-0xffffffff]
[    0.000000] e820: [mem 0xde800000-0xf80f9fff] available for PCI devices
[    0.000000] Booting paravirtualized kernel on bare hardware
[    0.000000] clocksource: refined-jiffies: mask: 0xffffffff max_cycles: 0xffffffff, max_idle_ns: 7645519600211568 ns
[    0.000000] random: get_random_bytes called from start_kernel+0x99/0x51b with crng_init=0
[    0.000000] setup_percpu: NR_CPUS:8192 nr_cpumask_bits:4 nr_cpu_ids:4 nr_node_ids:1
[    0.000000] percpu: Embedded 46 pages/cpu @        (ptrval) s151552 r8192 d28672 u524288
[    0.000000] pcpu-alloc: s151552 r8192 d28672 u524288 alloc=1*2097152
[    0.000000] pcpu-alloc: [0] 0 1 2 3 
[    0.000000] Built 1 zonelists, mobility grouping on.  Total pages: 2038234
[    0.000000] Policy zone: Normal
[    0.000000] Kernel command line: BOOT_IMAGE=/boot/vmlinuz-4.15.0-36-generic root=UUID=a7a7003e-a7f1-4bb4-bde8-61023c6283ad ro quiet splash vt.handoff=7
[    0.000000] Calgary: detecting Calgary via BIOS EBDA area
[    0.000000] Calgary: Unable to locate Rio Grande table in EBDA - bailing!
[    0.000000] Memory: 7924216K/8282716K available (12300K kernel code, 2471K rwdata, 4260K rodata, 2408K init, 2416K bss, 358500K reserved, 0K cma-reserved)
[    0.000000] SLUB: HWalign=64, Order=0-3, MinObjects=0, CPUs=4, Nodes=1
[    0.000000] Kernel/User page tables isolation: enabled
[    0.000000] ftrace: allocating 39175 entries in 154 pages
[    0.000000] Hierarchical RCU implementation.
[    0.000000] 	RCU restricting CPUs from NR_CPUS=8192 to nr_cpu_ids=4.
[    0.000000] 	Tasks RCU enabled.
[    0.000000] RCU: Adjusting geometry for rcu_fanout_leaf=16, nr_cpu_ids=4
[    0.000000] NR_IRQS: 524544, nr_irqs: 1024, preallocated irqs: 16
[    0.000000] vt handoff: transparent VT on vt#7
[    0.000000] Console: colour dummy device 80x25
[    0.000000] console [tty0] enabled
[    0.000000] ACPI: Core revision 20170831
[    0.000000] ACPI Warning: Unsupported module-level executable opcode 0x70 at table offset 0xB859 (20170831/psloop-247)
[    0.000000] ACPI: 11 ACPI AML tables successfully acquired and loaded
[    0.000000] clocksource: hpet: mask: 0xffffffff max_cycles: 0xffffffff, max_idle_ns: 79635855245 ns
[    0.000000] hpet clockevent registered
[    0.004000] APIC: Switch to symmetric I/O mode setup
[    0.004000] x2apic: IRQ remapping doesn't support X2APIC mode
[    0.008000] ..TIMER: vector=0x30 apic1=0 pin1=2 apic2=-1 pin2=-1
[    0.028000] tsc: Detected 2600.000 MHz processor
[    0.028000] tsc: Detected 2592.000 MHz TSC
[    0.028000] Calibrating delay loop (skipped), value calculated using timer frequency.. 5184.00 BogoMIPS (lpj=10368000)
[    0.028000] pid_max: default: 32768 minimum: 301
[    0.028000] Security Framework initialized
[    0.028000] Yama: becoming mindful.
[    0.028000] AppArmor: AppArmor initialized
[    0.028000] Dentry cache hash table entries: 1048576 (order: 11, 8388608 bytes)
[    0.028000] Inode-cache hash table entries: 524288 (order: 10, 4194304 bytes)
[    0.028000] Mount-cache hash table entries: 16384 (order: 5, 131072 bytes)
[    0.028000] Mountpoint-cache hash table entries: 16384 (order: 5, 131072 bytes)
[    0.028000] ENERGY_PERF_BIAS: Set to 'normal', was 'performance'
[    0.028000] ENERGY_PERF_BIAS: View and update with x86_energy_perf_policy(8)
[    0.028000] mce: CPU supports 8 MCE banks
[    0.028000] CPU0: Thermal monitoring enabled (TM1)
[    0.028000] process: using mwait in idle threads
[    0.028000] Last level iTLB entries: 4KB 64, 2MB 8, 4MB 8
[    0.028000] Last level dTLB entries: 4KB 64, 2MB 0, 4MB 0, 1GB 4
[    0.028000] Spectre V2 : Mitigation: Full generic retpoline
[    0.028000] Spectre V2 : Spectre v2 / SpectreRSB mitigation: Filling RSB on context switch
[    0.028000] Spectre V2 : Spectre v2 mitigation: Enabling Indirect Branch Prediction Barrier
[    0.028000] Spectre V2 : Enabling Restricted Speculation for firmware calls
[    0.028000] Speculative Store Bypass: Mitigation: Speculative Store Bypass disabled via prctl and seccomp
[    0.038194] Freeing SMP alternatives memory: 36K
[    0.041815] TSC deadline timer enabled
[    0.041820] smpboot: CPU0: Intel(R) Core(TM) i7-6500U CPU @ 2.50GHz (family: 0x6, model: 0x4e, stepping: 0x3)
[    0.041878] Performance Events: PEBS fmt3+, Skylake events, 32-deep LBR, full-width counters, Intel PMU driver.
[    0.041911] ... version:                4
[    0.041912] ... bit width:              48
[    0.041912] ... generic registers:      4
[    0.041913] ... value mask:             0000ffffffffffff
[    0.041913] ... max period:             00007fffffffffff
[    0.041914] ... fixed-purpose events:   3
[    0.041915] ... event mask:             000000070000000f
[    0.041956] Hierarchical SRCU implementation.
[    0.042932] NMI watchdog: Enabled. Permanently consumes one hw-PMU counter.
[    0.042943] smp: Bringing up secondary CPUs ...
[    0.043009] x86: Booting SMP configuration:
[    0.043010] .... node  #0, CPUs:      #1 #2 #3
[    0.043775] smp: Brought up 1 node, 4 CPUs
[    0.043775] smpboot: Max logical packages: 1
[    0.043775] smpboot: Total of 4 processors activated (20736.00 BogoMIPS)
[    0.044265] devtmpfs: initialized
[    0.044265] x86/mm: Memory block size: 128MB
[    0.044696] evm: security.selinux
[    0.044697] evm: security.SMACK64
[    0.044697] evm: security.SMACK64EXEC
[    0.044698] evm: security.SMACK64TRANSMUTE
[    0.044698] evm: security.SMACK64MMAP
[    0.044699] evm: security.apparmor
[    0.044699] evm: security.ima
[    0.044700] evm: security.capability
[    0.044712] PM: Registering ACPI NVS region [mem 0xd9c7f000-0xd9e7efff] (2097152 bytes)
[    0.044712] clocksource: jiffies: mask: 0xffffffff max_cycles: 0xffffffff, max_idle_ns: 7645041785100000 ns
[    0.044712] futex hash table entries: 1024 (order: 4, 65536 bytes)
[    0.044712] pinctrl core: initialized pinctrl subsystem
[    0.044712] RTC time:  4:23:37, date: 10/19/18
[    0.044712] NET: Registered protocol family 16
[    0.044712] audit: initializing netlink subsys (disabled)
[    0.044712] audit: type=2000 audit(1539923017.044:1): state=initialized audit_enabled=0 res=1
[    0.044712] cpuidle: using governor ladder
[    0.044712] cpuidle: using governor menu
[    0.044712] ACPI FADT declares the system doesn't support PCIe ASPM, so disable it
[    0.044712] ACPI: bus type PCI registered
[    0.044712] acpiphp: ACPI Hot Plug PCI Controller Driver version: 0.5
[    0.044712] PCI: MMCONFIG for domain 0000 [bus 00-3f] at [mem 0xf8000000-0xfbffffff] (base 0xf8000000)
[    0.044712] PCI: not using MMCONFIG
[    0.044712] PCI: Using configuration type 1 for base access
[    0.045119] HugeTLB registered 1.00 GiB page size, pre-allocated 0 pages
[    0.045119] HugeTLB registered 2.00 MiB page size, pre-allocated 0 pages
[    0.045119] ACPI: Added _OSI(Module Device)
[    0.045119] ACPI: Added _OSI(Processor Device)
[    0.045119] ACPI: Added _OSI(3.0 _SCP Extensions)
[    0.045119] ACPI: Added _OSI(Processor Aggregator Device)
[    0.045119] ACPI: Added _OSI(Linux-Dell-Video)
[    0.045119] ACPI: Added _OSI(Linux-Lenovo-NV-HDMI-Audio)
[    0.048387] ACPI: Executed 4 blocks of module-level executable AML code
[    0.060021] ACPI: [Firmware Bug]: BIOS _OSI(Linux) query ignored
[    0.067742] ACPI: Dynamic OEM Table Load:
[    0.067761] ACPI: SSDT 0xFFFF95709654A000 000660 (v02 PmRef  Cpu0Ist  00003000 INTL 20121018)
[    0.068135] ACPI: \_PR_.CPU0: _OSC native thermal LVT Acked
[    0.069169] ACPI: Dynamic OEM Table Load:
[    0.069176] ACPI: SSDT 0xFFFF9570965ABC00 00037F (v02 PmRef  Cpu0Cst  00003001 INTL 20121018)
[    0.069599] ACPI: Dynamic OEM Table Load:
[    0.069604] ACPI: SSDT 0xFFFF9570965C2D80 00008E (v02 PmRef  Cpu0Hwp  00003000 INTL 20121018)
[    0.069898] ACPI: Dynamic OEM Table Load:
[    0.069903] ACPI: SSDT 0xFFFF9570965CC800 000130 (v02 PmRef  HwpLvt   00003000 INTL 20121018)
[    0.070757] ACPI: Dynamic OEM Table Load:
[    0.070764] ACPI: SSDT 0xFFFF95709654D800 0005AA (v02 PmRef  ApIst    00003000 INTL 20121018)
[    0.071481] ACPI: Dynamic OEM Table Load:
[    0.071486] ACPI: SSDT 0xFFFF9570965CDA00 000119 (v02 PmRef  ApHwp    00003000 INTL 20121018)
[    0.071885] ACPI: Dynamic OEM Table Load:
[    0.071889] ACPI: SSDT 0xFFFF9570965CC200 000119 (v02 PmRef  ApCst    00003000 INTL 20121018)
[    0.073679] ACPI: EC: EC started
[    0.073680] ACPI: EC: interrupt blocked
[    2.300328] ACPI: \_SB_.PCI0.LPCB.EC0_: Used as first EC
[    2.300329] ACPI: \_SB_.PCI0.LPCB.EC0_: GPE=0x6e, EC_CMD/EC_SC=0x66, EC_DATA=0x62
[    2.300331] ACPI: \_SB_.PCI0.LPCB.EC0_: Used as boot DSDT EC to handle transactions
[    2.300331] ACPI: Interpreter enabled
[    2.300382] ACPI: (supports S0 S3 S4 S5)
[    2.300383] ACPI: Using IOAPIC for interrupt routing
[    2.300425] PCI: MMCONFIG for domain 0000 [bus 00-3f] at [mem 0xf8000000-0xfbffffff] (base 0xf8000000)
[    2.301621] PCI: MMCONFIG at [mem 0xf8000000-0xfbffffff] reserved in ACPI motherboard resources
[    2.301628] PCI: Using host bridge windows from ACPI; if necessary, use "pci=nocrs" and report a bug
[    2.301986] ACPI: Enabled 7 GPEs in block 00 to 7F
[    2.303971] ACPI: Power Resource [PG01] (on)
[    2.304407] ACPI: Power Resource [PG02] (on)
[    2.304855] ACPI: Power Resource [PG00] (on)
[    2.311283] ACPI: Power Resource [WRST] (on)
[    2.311811] ACPI: Power Resource [WRST] (on)
[    2.312313] ACPI: Power Resource [WRST] (on)
[    2.312810] ACPI: Power Resource [WRST] (on)
[    2.313324] ACPI: Power Resource [WRST] (on)
[    2.313924] ACPI: Power Resource [WRST] (on)
[    2.314427] ACPI: Power Resource [WRST] (on)
[    2.314923] ACPI: Power Resource [WRST] (on)
[    2.315213] ACPI: Power Resource [PXP] (on)
[    2.444703] ACPI: Power Resource [WRST] (on)
[    2.445213] ACPI: Power Resource [WRST] (on)
[    2.445712] ACPI: Power Resource [WRST] (on)
[    2.446227] ACPI: Power Resource [WRST] (on)
[    2.446695] ACPI: Power Resource [WRST] (on)
[    2.447162] ACPI: Power Resource [WRST] (on)
[    2.447628] ACPI: Power Resource [WRST] (on)
[    2.448100] ACPI: Power Resource [WRST] (on)
[    2.448567] ACPI: Power Resource [WRST] (on)
[    2.449041] ACPI: Power Resource [WRST] (on)
[    2.449519] ACPI: Power Resource [WRST] (on)
[    2.449995] ACPI: Power Resource [WRST] (on)
[    2.450643] ACPI: Power Resource [P1PR] (on)
[    3.172328] ACPI: PCI Root Bridge [PCI0] (domain 0000 [bus 00-3e])
[    3.172334] acpi PNP0A08:00: _OSC: OS supports [ExtendedConfig ASPM ClockPM Segments MSI]
[    3.174449] acpi PNP0A08:00: _OSC: OS now controls [PCIeHotplug PME AER PCIeCapability]
[    3.174450] acpi PNP0A08:00: FADT indicates ASPM is unsupported, using BIOS configuration
[    3.176650] PCI host bridge to bus 0000:00
[    3.176652] pci_bus 0000:00: root bus resource [io  0x0000-0x0cf7 window]
[    3.176654] pci_bus 0000:00: root bus resource [io  0x0d00-0xffff window]
[    3.176655] pci_bus 0000:00: root bus resource [mem 0x000a0000-0x000bffff window]
[    3.176656] pci_bus 0000:00: root bus resource [mem 0xde800000-0xf7ffffff window]
[    3.176658] pci_bus 0000:00: root bus resource [mem 0xfd000000-0xfe7fffff window]
[    3.176659] pci_bus 0000:00: root bus resource [bus 00-3e]
[    3.176667] pci 0000:00:00.0: [8086:1904] type 00 class 0x060000
[    3.177474] pci 0000:00:02.0: [8086:1916] type 00 class 0x030000
[    3.177486] pci 0000:00:02.0: reg 0x10: [mem 0xf0000000-0xf0ffffff 64bit]
[    3.177492] pci 0000:00:02.0: reg 0x18: [mem 0xe0000000-0xefffffff 64bit pref]
[    3.177496] pci 0000:00:02.0: reg 0x20: [io  0x4000-0x403f]
[    3.177512] pci 0000:00:02.0: BAR 2: assigned to efifb
[    3.178376] pci 0000:00:14.0: [8086:9d2f] type 00 class 0x0c0330
[    3.178397] pci 0000:00:14.0: reg 0x10: [mem 0xf1300000-0xf130ffff 64bit]
[    3.178459] pci 0000:00:14.0: PME# supported from D3hot D3cold
[    3.179333] pci 0000:00:14.2: [8086:9d31] type 00 class 0x118000
[    3.179352] pci 0000:00:14.2: reg 0x10: [mem 0xf132a000-0xf132afff 64bit]
[    3.180210] pci 0000:00:16.0: [8086:9d3a] type 00 class 0x078000
[    3.180236] pci 0000:00:16.0: reg 0x10: [mem 0xf132b000-0xf132bfff 64bit]
[    3.180293] pci 0000:00:16.0: PME# supported from D3hot
[    3.181122] pci 0000:00:17.0: [8086:9d03] type 00 class 0x010601
[    3.181140] pci 0000:00:17.0: reg 0x10: [mem 0xf1328000-0xf1329fff]
[    3.181146] pci 0000:00:17.0: reg 0x14: [mem 0xf132e000-0xf132e0ff]
[    3.181153] pci 0000:00:17.0: reg 0x18: [io  0x4080-0x4087]
[    3.181160] pci 0000:00:17.0: reg 0x1c: [io  0x4088-0x408b]
[    3.181168] pci 0000:00:17.0: reg 0x20: [io  0x4040-0x405f]
[    3.181175] pci 0000:00:17.0: reg 0x24: [mem 0xf132c000-0xf132c7ff]
[    3.181217] pci 0000:00:17.0: PME# supported from D3hot
[    3.182047] pci 0000:00:1c.0: [8086:9d14] type 01 class 0x060400
[    3.182115] pci 0000:00:1c.0: PME# supported from D0 D3hot D3cold
[    3.182982] pci 0000:00:1c.5: [8086:9d15] type 01 class 0x060400
[    3.183050] pci 0000:00:1c.5: PME# supported from D0 D3hot D3cold
[    3.183913] pci 0000:00:1d.0: [8086:9d18] type 01 class 0x060400
[    3.183985] pci 0000:00:1d.0: PME# supported from D0 D3hot D3cold
[    3.184864] pci 0000:00:1f.0: [8086:9d48] type 00 class 0x060100
[    3.185741] pci 0000:00:1f.2: [8086:9d21] type 00 class 0x058000
[    3.185755] pci 0000:00:1f.2: reg 0x10: [mem 0xf1320000-0xf1323fff]
[    3.186601] pci 0000:00:1f.3: [8086:9d70] type 00 class 0x040380
[    3.186627] pci 0000:00:1f.3: reg 0x10: [mem 0xf1324000-0xf1327fff 64bit]
[    3.186652] pci 0000:00:1f.3: reg 0x20: [mem 0xf1310000-0xf131ffff 64bit]
[    3.186700] pci 0000:00:1f.3: PME# supported from D3hot D3cold
[    3.187551] pci 0000:00:1f.4: [8086:9d23] type 00 class 0x0c0500
[    3.187604] pci 0000:00:1f.4: reg 0x10: [mem 0xf132d000-0xf132d0ff 64bit]
[    3.187654] pci 0000:00:1f.4: reg 0x20: [io  0xefa0-0xefbf]
[    3.188575] pci 0000:01:00.0: [10ec:8168] type 00 class 0x020000
[    3.188605] pci 0000:01:00.0: reg 0x10: [io  0x3000-0x30ff]
[    3.188631] pci 0000:01:00.0: reg 0x18: [mem 0xf1004000-0xf1004fff 64bit]
[    3.188647] pci 0000:01:00.0: reg 0x20: [mem 0xf1000000-0xf1003fff 64bit]
[    3.188745] pci 0000:01:00.0: supports D1 D2
[    3.188747] pci 0000:01:00.0: PME# supported from D0 D1 D2 D3hot D3cold
[    3.200027] pci 0000:00:1c.0: PCI bridge to [bus 01]
[    3.200030] pci 0000:00:1c.0:   bridge window [io  0x3000-0x3fff]
[    3.200033] pci 0000:00:1c.0:   bridge window [mem 0xf1000000-0xf10fffff]
[    3.200198] pci 0000:02:00.0: [8086:3165] type 00 class 0x028000
[    3.200293] pci 0000:02:00.0: reg 0x10: [mem 0xf1100000-0xf1101fff 64bit]
[    3.200514] pci 0000:02:00.0: PME# supported from D0 D3hot D3cold
[    3.212083] pci 0000:00:1c.5: PCI bridge to [bus 02]
[    3.212087] pci 0000:00:1c.5:   bridge window [mem 0xf1100000-0xf11fffff]
[    3.212166] pci 0000:03:00.0: [10ec:522a] type 00 class 0xff0000
[    3.212192] pci 0000:03:00.0: reg 0x10: [mem 0xf1200000-0xf1200fff]
[    3.212311] pci 0000:03:00.0: supports D1 D2
[    3.212313] pci 0000:03:00.0: PME# supported from D1 D2 D3hot D3cold
[    3.224042] pci 0000:00:1d.0: PCI bridge to [bus 03]
[    3.224046] pci 0000:00:1d.0:   bridge window [mem 0xf1200000-0xf12fffff]
[    3.225757] ACPI: PCI Interrupt Link [LNKA] (IRQs 3 4 5 6 10 *11 12 14 15)
[    3.225828] ACPI: PCI Interrupt Link [LNKB] (IRQs 3 4 5 6 *10 11 12 14 15)
[    3.225897] ACPI: PCI Interrupt Link [LNKC] (IRQs 3 4 5 6 10 *11 12 14 15)
[    3.225965] ACPI: PCI Interrupt Link [LNKD] (IRQs 3 4 5 6 10 *11 12 14 15)
[    3.226033] ACPI: PCI Interrupt Link [LNKE] (IRQs 3 4 5 6 10 *11 12 14 15)
[    3.226101] ACPI: PCI Interrupt Link [LNKF] (IRQs 3 4 5 6 10 *11 12 14 15)
[    3.226169] ACPI: PCI Interrupt Link [LNKG] (IRQs 3 4 5 6 10 *11 12 14 15)
[    3.226238] ACPI: PCI Interrupt Link [LNKH] (IRQs 3 4 5 6 10 *11 12 14 15)
[    3.226667] ACPI: EC: interrupt unblocked
[    3.226673] ACPI: EC: event unblocked
[    3.226695] ACPI: \_SB_.PCI0.LPCB.EC0_: GPE=0x6e, EC_CMD/EC_SC=0x66, EC_DATA=0x62
[    3.226697] ACPI: \_SB_.PCI0.LPCB.EC0_: Used as boot DSDT EC to handle transactions and events
[    3.227005] SCSI subsystem initialized
[    3.227017] libata version 3.00 loaded.
[    3.227017] pci 0000:00:02.0: vgaarb: setting as boot VGA device
[    3.227017] pci 0000:00:02.0: vgaarb: VGA device added: decodes=io+mem,owns=io+mem,locks=none
[    3.227017] pci 0000:00:02.0: vgaarb: bridge control possible
[    3.227017] vgaarb: loaded
[    3.227017] ACPI: bus type USB registered
[    3.227017] usbcore: registered new interface driver usbfs
[    3.227017] usbcore: registered new interface driver hub
[    3.227017] usbcore: registered new device driver usb
[    3.227017] EDAC MC: Ver: 3.0.0
[    3.227017] Registered efivars operations
[    3.261510] PCI: Using ACPI for IRQ routing
[    3.264392] PCI: pci_cache_line_size set to 64 bytes
[    3.264570] e820: reserve RAM buffer [mem 0x00058000-0x0005ffff]
[    3.264571] e820: reserve RAM buffer [mem 0x0009e000-0x0009ffff]
[    3.264572] e820: reserve RAM buffer [mem 0xc995a000-0xcbffffff]
[    3.264573] e820: reserve RAM buffer [mem 0xc9c57000-0xcbffffff]
[    3.264573] e820: reserve RAM buffer [mem 0xd90fb000-0xdbffffff]
[    3.264574] e820: reserve RAM buffer [mem 0xd9f00000-0xdbffffff]
[    3.264575] e820: reserve RAM buffer [mem 0x220800000-0x223ffffff]
[    3.264646] NetLabel: Initializing
[    3.264647] NetLabel:  domain hash size = 128
[    3.264647] NetLabel:  protocols = UNLABELED CIPSOv4 CALIPSO
[    3.264658] NetLabel:  unlabeled traffic allowed by default
[    3.268410] hpet0: at MMIO 0xfed00000, IRQs 2, 8, 0, 0, 0, 0, 0, 0
[    3.268415] hpet0: 8 comparators, 64-bit 24.000000 MHz counter
[    3.270454] clocksource: Switched to clocksource hpet
[    3.277065] VFS: Disk quotas dquot_6.6.0
[    3.277079] VFS: Dquot-cache hash table entries: 512 (order 0, 4096 bytes)
[    3.277198] AppArmor: AppArmor Filesystem Enabled
[    3.277220] pnp: PnP ACPI init
[    3.277431] system 00:00: [mem 0xfd000000-0xfdabffff] has been reserved
[    3.277433] system 00:00: [mem 0xfdad0000-0xfdadffff] has been reserved
[    3.277434] system 00:00: [mem 0xfdb00000-0xfdffffff] has been reserved
[    3.277436] system 00:00: [mem 0xfe000000-0xfe01ffff] could not be reserved
[    3.277437] system 00:00: [mem 0xfe03d000-0xfe3fffff] has been reserved
[    3.277442] system 00:00: Plug and Play ACPI device, IDs PNP0c02 (active)
[    3.277797] system 00:01: [io  0x2000-0x20fe] has been reserved
[    3.277801] system 00:01: Plug and Play ACPI device, IDs PNP0c02 (active)
[    3.277968] system 00:02: [io  0x0680-0x069f] has been reserved
[    3.277969] system 00:02: [io  0xffff] has been reserved
[    3.277971] system 00:02: [io  0xffff] has been reserved
[    3.277972] system 00:02: [io  0xffff] has been reserved
[    3.277974] system 00:02: [io  0x1800-0x18fe] has been reserved
[    3.277975] system 00:02: [io  0x164e-0x164f] has been reserved
[    3.277978] system 00:02: Plug and Play ACPI device, IDs PNP0c02 (active)
[    3.278089] pnp 00:03: Plug and Play ACPI device, IDs PNP0b00 (active)
[    3.278125] system 00:04: [io  0x1854-0x1857] has been reserved
[    3.278128] system 00:04: Plug and Play ACPI device, IDs INT3f0d PNP0c02 (active)
[    3.278148] pnp 00:05: Plug and Play ACPI device, IDs HPQ8002 PNP0303 (active)
[    3.278168] pnp 00:06: Plug and Play ACPI device, IDs SYN302b SYN0100 SYN0002 PNP0f13 (active)
[    3.278240] system 00:07: [io  0x0200-0x023f] has been reserved
[    3.278242] system 00:07: [mem 0xfedf0000-0xfedfffff] has been reserved
[    3.278245] system 00:07: Plug and Play ACPI device, IDs PNP0c02 (active)
[    3.278690] system 00:08: [mem 0xfed10000-0xfed17fff] has been reserved
[    3.278691] system 00:08: [mem 0xfed18000-0xfed18fff] has been reserved
[    3.278693] system 00:08: [mem 0xfed19000-0xfed19fff] has been reserved
[    3.278694] system 00:08: [mem 0xf8000000-0xfbffffff] could not be reserved
[    3.278696] system 00:08: [mem 0xfed20000-0xfed3ffff] has been reserved
[    3.278697] system 00:08: [mem 0xfed90000-0xfed93fff] has been reserved
[    3.278698] system 00:08: [mem 0xfed45000-0xfed8ffff] has been reserved
[    3.278700] system 00:08: [mem 0xff000000-0xffffffff] has been reserved
[    3.278701] system 00:08: [mem 0xfee00000-0xfeefffff] has been reserved
[    3.278703] system 00:08: [mem 0xde800000-0xde81ffff] has been reserved
[    3.278706] system 00:08: Plug and Play ACPI device, IDs PNP0c02 (active)
[    3.279107] pnp: PnP ACPI: found 9 devices
[    3.286760] clocksource: acpi_pm: mask: 0xffffff max_cycles: 0xffffff, max_idle_ns: 2085701024 ns
[    3.286781] pci 0000:00:1d.0: bridge window [io  0x1000-0x0fff] to [bus 03] add_size 1000
[    3.286783] pci 0000:00:1d.0: bridge window [mem 0x00100000-0x000fffff 64bit pref] to [bus 03] add_size 200000 add_align 100000
[    3.286791] pci 0000:00:1d.0: BAR 15: assigned [mem 0xde900000-0xdeafffff 64bit pref]
[    3.286794] pci 0000:00:1d.0: BAR 13: assigned [io  0x5000-0x5fff]
[    3.286796] pci 0000:00:1c.0: PCI bridge to [bus 01]
[    3.286798] pci 0000:00:1c.0:   bridge window [io  0x3000-0x3fff]
[    3.286802] pci 0000:00:1c.0:   bridge window [mem 0xf1000000-0xf10fffff]
[    3.286807] pci 0000:00:1c.5: PCI bridge to [bus 02]
[    3.286810] pci 0000:00:1c.5:   bridge window [mem 0xf1100000-0xf11fffff]
[    3.286816] pci 0000:00:1d.0: PCI bridge to [bus 03]
[    3.286818] pci 0000:00:1d.0:   bridge window [io  0x5000-0x5fff]
[    3.286821] pci 0000:00:1d.0:   bridge window [mem 0xf1200000-0xf12fffff]
[    3.286824] pci 0000:00:1d.0:   bridge window [mem 0xde900000-0xdeafffff 64bit pref]
[    3.286829] pci_bus 0000:00: resource 4 [io  0x0000-0x0cf7 window]
[    3.286830] pci_bus 0000:00: resource 5 [io  0x0d00-0xffff window]
[    3.286832] pci_bus 0000:00: resource 6 [mem 0x000a0000-0x000bffff window]
[    3.286833] pci_bus 0000:00: resource 7 [mem 0xde800000-0xf7ffffff window]
[    3.286834] pci_bus 0000:00: resource 8 [mem 0xfd000000-0xfe7fffff window]
[    3.286835] pci_bus 0000:01: resource 0 [io  0x3000-0x3fff]
[    3.286836] pci_bus 0000:01: resource 1 [mem 0xf1000000-0xf10fffff]
[    3.286838] pci_bus 0000:02: resource 1 [mem 0xf1100000-0xf11fffff]
[    3.286839] pci_bus 0000:03: resource 0 [io  0x5000-0x5fff]
[    3.286840] pci_bus 0000:03: resource 1 [mem 0xf1200000-0xf12fffff]
[    3.286841] pci_bus 0000:03: resource 2 [mem 0xde900000-0xdeafffff 64bit pref]
[    3.286975] NET: Registered protocol family 2
[    3.287174] TCP established hash table entries: 65536 (order: 7, 524288 bytes)
[    3.287319] TCP bind hash table entries: 65536 (order: 8, 1048576 bytes)
[    3.287532] TCP: Hash tables configured (established 65536 bind 65536)
[    3.287565] UDP hash table entries: 4096 (order: 5, 131072 bytes)
[    3.287593] UDP-Lite hash table entries: 4096 (order: 5, 131072 bytes)
[    3.287669] NET: Registered protocol family 1
[    3.287679] pci 0000:00:02.0: Video device with shadowed ROM at [mem 0x000c0000-0x000dffff]
[    3.288056] PCI: CLS 0 bytes, default 64
[    3.288095] Unpacking initramfs...
[    3.995723] Freeing initrd memory: 53220K
[    3.995748] PCI-DMA: Using software bounce buffering for IO (SWIOTLB)
[    3.995751] software IO TLB [mem 0xd4beb000-0xd8beb000] (64MB) mapped at [        (ptrval)-        (ptrval)]
[    3.996001] clocksource: tsc: mask: 0xffffffffffffffff max_cycles: 0x255cb6cc5db, max_idle_ns: 440795203504 ns
[    3.996157] Scanning for low memory corruption every 60 seconds
[    3.996840] Initialise system trusted keyrings
[    3.996848] Key type blacklist registered
[    3.996909] workingset: timestamp_bits=36 max_order=21 bucket_order=0
[    3.997973] zbud: loaded
[    3.998466] squashfs: version 4.0 (2009/01/31) Phillip Lougher
[    3.998644] fuse init (API version 7.26)
[    4.001505] Key type asymmetric registered
[    4.001506] Asymmetric key parser 'x509' registered
[    4.001528] Block layer SCSI generic (bsg) driver version 0.4 loaded (major 246)
[    4.001581] io scheduler noop registered
[    4.001582] io scheduler deadline registered
[    4.001622] io scheduler cfq registered (default)
[    4.002374] pcieport 0000:00:1c.0: AER enabled with IRQ 120
[    4.002393] pcieport 0000:00:1c.5: AER enabled with IRQ 121
[    4.002411] pcieport 0000:00:1d.0: AER enabled with IRQ 122
[    4.002421] pcieport 0000:00:1c.0: Signaling PME with IRQ 120
[    4.002430] pcieport 0000:00:1c.5: Signaling PME with IRQ 121
[    4.002438] pcieport 0000:00:1d.0: Signaling PME with IRQ 122
[    4.002453] pciehp 0000:00:1d.0:pcie004: Slot #8 AttnBtn- PwrCtrl- MRL- AttnInd- PwrInd- HotPlug+ Surprise+ Interlock- NoCompl+ LLActRep+
[    4.002513] efifb: probing for efifb
[    4.002521] efifb: framebuffer at 0xe0000000, using 3072k, total 3072k
[    4.002522] efifb: mode is 1024x768x32, linelength=4096, pages=1
[    4.002522] efifb: scrolling: redraw
[    4.002524] efifb: Truecolor: size=8:8:8:8, shift=24:16:8:0
[    4.002593] Console: switching to colour frame buffer device 128x48
[    4.002604] fb0: EFI VGA frame buffer device
[    4.002610] intel_idle: MWAIT substates: 0x11142120
[    4.002611] intel_idle: v0.4.1 model 0x4E
[    4.002793] intel_idle: lapic_timer_reliable_states 0xffffffff
[    4.003042] ACPI: AC Adapter [AC] (off-line)
[    4.003094] input: Sleep Button as /devices/LNXSYSTM:00/LNXSYBUS:00/PNP0C0E:00/input/input0
[    4.003104] ACPI: Sleep Button [SLPB]
[    4.003127] input: Lid Switch as /devices/LNXSYSTM:00/LNXSYBUS:00/PNP0C0D:00/input/input1
[    4.003135] ACPI: Lid Switch [LID]
[    4.003165] input: Power Button as /devices/LNXSYSTM:00/LNXPWRBN:00/input/input2
[    4.003218] ACPI: Power Button [PWRF]
[    4.007502] (NULL device *): hwmon_device_register() is deprecated. Please convert the driver to use hwmon_device_register_with_info().
[    4.008306] thermal LNXTHERM:00: registered as thermal_zone0
[    4.008307] ACPI: Thermal Zone [CPUZ] (21 C)
[    4.014092] thermal LNXTHERM:01: registered as thermal_zone1
[    4.014093] ACPI: Thermal Zone [GFXZ] (0 C)
[    4.016669] thermal LNXTHERM:02: registered as thermal_zone2
[    4.016670] ACPI: Thermal Zone [EXTZ] (0 C)
[    4.021212] thermal LNXTHERM:03: registered as thermal_zone3
[    4.021213] ACPI: Thermal Zone [LOCZ] (35 C)
[    4.024329] thermal LNXTHERM:04: registered as thermal_zone4
[    4.024330] ACPI: Thermal Zone [BATZ] (25 C)
[    4.024738] thermal LNXTHERM:05: registered as thermal_zone5
[    4.024739] ACPI: Thermal Zone [PCHZ] (127 C)
[    4.024904] Serial: 8250/16550 driver, 32 ports, IRQ sharing enabled
[    4.027850] Linux agpgart interface v0.103
[    4.033593] ACPI: Battery Slot [BAT0] (battery present)
[    4.044150] tpm_tis MSFT0101:00: 2.0 TPM (device-id 0x1B, rev-id 16)
[    4.133871] loop: module loaded
[    4.134004] libphy: Fixed MDIO Bus: probed
[    4.134005] tun: Universal TUN/TAP device driver, 1.6
[    4.134053] PPP generic driver version 2.4.2
[    4.134111] ehci_hcd: USB 2.0 'Enhanced' Host Controller (EHCI) Driver
[    4.134113] ehci-pci: EHCI PCI platform driver
[    4.134120] ehci-platform: EHCI generic platform driver
[    4.134127] ohci_hcd: USB 1.1 'Open' Host Controller (OHCI) Driver
[    4.134128] ohci-pci: OHCI PCI platform driver
[    4.134133] ohci-platform: OHCI generic platform driver
[    4.134139] uhci_hcd: USB Universal Host Controller Interface driver
[    4.134291] xhci_hcd 0000:00:14.0: xHCI Host Controller
[    4.134296] xhci_hcd 0000:00:14.0: new USB bus registered, assigned bus number 1
[    4.135379] xhci_hcd 0000:00:14.0: hcc params 0x200077c1 hci version 0x100 quirks 0x00109810
[    4.135383] xhci_hcd 0000:00:14.0: cache line size of 64 is not supported
[    4.135518] usb usb1: New USB device found, idVendor=1d6b, idProduct=0002
[    4.135519] usb usb1: New USB device strings: Mfr=3, Product=2, SerialNumber=1
[    4.135521] usb usb1: Product: xHCI Host Controller
[    4.135522] usb usb1: Manufacturer: Linux 4.15.0-36-generic xhci-hcd
[    4.135523] usb usb1: SerialNumber: 0000:00:14.0
[    4.135667] hub 1-0:1.0: USB hub found
[    4.135681] hub 1-0:1.0: 12 ports detected
[    4.138371] xhci_hcd 0000:00:14.0: xHCI Host Controller
[    4.138374] xhci_hcd 0000:00:14.0: new USB bus registered, assigned bus number 2
[    4.138376] xhci_hcd 0000:00:14.0: Host supports USB 3.0  SuperSpeed
[    4.138402] usb usb2: New USB device found, idVendor=1d6b, idProduct=0003
[    4.138404] usb usb2: New USB device strings: Mfr=3, Product=2, SerialNumber=1
[    4.138405] usb usb2: Product: xHCI Host Controller
[    4.138406] usb usb2: Manufacturer: Linux 4.15.0-36-generic xhci-hcd
[    4.138407] usb usb2: SerialNumber: 0000:00:14.0
[    4.138544] hub 2-0:1.0: USB hub found
[    4.138553] hub 2-0:1.0: 6 ports detected
[    4.138675] usb: port power management may be unreliable
[    4.139021] i8042: PNP: PS/2 Controller [PNP0303:PS2K,PNP0f13:PS2M] at 0x60,0x64 irq 1,12
[    4.140372] i8042: Detected active multiplexing controller, rev 1.1
[    4.140655] serio: i8042 KBD port at 0x60,0x64 irq 1
[    4.140659] serio: i8042 AUX0 port at 0x60,0x64 irq 12
[    4.140679] serio: i8042 AUX1 port at 0x60,0x64 irq 12
[    4.140695] serio: i8042 AUX2 port at 0x60,0x64 irq 12
[    4.140711] serio: i8042 AUX3 port at 0x60,0x64 irq 12
[    4.140923] mousedev: PS/2 mouse device common for all mice
[    4.141292] rtc_cmos 00:03: RTC can wake from S4
[    4.141720] rtc_cmos 00:03: rtc core: registered rtc_cmos as rtc0
[    4.141811] rtc_cmos 00:03: alarms up to one month, y3k, 242 bytes nvram, hpet irqs
[    4.141817] i2c /dev entries driver
[    4.141822] pcie_mp2_amd: AMD(R) PCI-E MP2 Communication Driver Version: 1.0
[    4.141873] device-mapper: uevent: version 1.0.3
[    4.141968] device-mapper: ioctl: 4.37.0-ioctl (2017-09-20) initialised: dm-devel@redhat.com
[    4.141972] intel_pstate: Intel P-state driver initializing
[    4.142471] intel_pstate: HWP enabled
[    4.142719] ledtrig-cpu: registered to indicate activity on CPUs
[    4.142721] EFI Variables Facility v0.08 2004-May-17
[    4.166567] input: AT Translated Set 2 keyboard as /devices/platform/i8042/serio0/input/input3
[    4.190980] intel_pmc_core:  initialized
[    4.191160] NET: Registered protocol family 10
[    4.195766] Segment Routing with IPv6
[    4.195784] NET: Registered protocol family 17
[    4.195869] Key type dns_resolver registered
[    4.196286] RAS: Correctable Errors collector initialized.
[    4.196317] microcode: sig=0x406e3, pf=0x80, revision=0xc6
[    4.196439] microcode: Microcode Update Driver: v2.2.
[    4.196447] sched_clock: Marking stable (4196435705, 0)->(4183721637, 12714068)
[    4.196769] registered taskstats version 1
[    4.196777] Loading compiled-in X.509 certificates
[    4.199054] Loaded X.509 cert 'Build time autogenerated kernel key: 5fd1c39db3adf7bafe36fc7613e1f53b7a1a61bd'
[    4.199659] Loaded UEFI:db cert 'Hewlett-Packard Company: HP UEFI Secure Boot 2013 DB key: 1d7cf2c2b92673f69c8ee1ec7063967ab9b62bec' linked to secondary sys keyring
[    4.199692] Loaded UEFI:db cert 'Microsoft Windows Production PCA 2011: a92902398e16c49778cd90f99e4f9ae17c55af53' linked to secondary sys keyring
[    4.199709] Loaded UEFI:db cert 'Microsoft Corporation UEFI CA 2011: 13adbf4309bd82709c8cd54f316ed522988a1bd4' linked to secondary sys keyring
[    4.199908] Couldn't get size: 0x800000000000000e
[    4.199911] MODSIGN: Couldn't get UEFI MokListRT
[    4.200505] zswap: loaded using pool lzo/zbud
[    4.203894] Key type big_key registered
[    4.203897] Key type trusted registered
[    4.205565] Key type encrypted registered
[    4.205568] AppArmor: AppArmor sha1 policy hashing enabled
[    4.221622] ima: Allocated hash algorithm: sha1
[    4.419809] evm: HMAC attrs: 0x1
[    4.420843]   Magic number: 6:696:363
[    4.421068] rtc_cmos 00:03: setting system clock to 2018-10-19 04:23:41 UTC (1539923021)
[    4.421320] BIOS EDD facility v0.16 2004-Jun-25, 0 devices found
[    4.421320] EDD information not available.
[    4.472066] usb 1-4: new low-speed USB device number 2 using xhci_hcd
[    4.623572] usb 1-4: New USB device found, idVendor=093a, idProduct=2510
[    4.623573] usb 1-4: New USB device strings: Mfr=1, Product=2, SerialNumber=0
[    4.623575] usb 1-4: Product: USB Optical Mouse
[    4.623576] usb 1-4: Manufacturer: PixArt
[    4.752064] usb 1-6: new high-speed USB device number 3 using xhci_hcd
[    4.784555] Freeing unused kernel memory: 2408K
[    4.792238] Write protecting the kernel read-only data: 20480k
[    4.793433] Freeing unused kernel memory: 2008K
[    4.796410] Freeing unused kernel memory: 1884K
[    4.801725] x86/mm: Checked W+X mappings: passed, no W+X pages found.
[    4.801725] x86/mm: Checking user space page tables
[    4.807039] x86/mm: Checked W+X mappings: passed, no W+X pages found.
[    4.817711] random: systemd-udevd: uninitialized urandom read (16 bytes read)
[    4.817804] random: systemd-udevd: uninitialized urandom read (16 bytes read)
[    4.817815] random: systemd-udevd: uninitialized urandom read (16 bytes read)
[    4.904418] ahci 0000:00:17.0: version 3.0
[    4.904758] ahci 0000:00:17.0: SSS flag set, parallel bus scan disabled
[    4.905265] acpi PNP0C14:01: duplicate WMI GUID 05901221-D566-11D1-B2F0-00A0C9062910 (first instance was on PNP0C14:00)
[    4.906570] rtsx_pci 0000:03:00.0: enabling device (0000 -> 0002)
[    4.907272] r8169 Gigabit Ethernet driver 2.3LK-NAPI loaded
[    4.907279] r8169 0000:01:00.0: can't disable ASPM; OS doesn't have ASPM control
[    4.914889] ahci 0000:00:17.0: AHCI 0001.0301 32 slots 3 ports 6 Gbps 0x7 impl SATA mode
[    4.914892] ahci 0000:00:17.0: flags: 64bit ncq stag pm led clo only pio slum part deso sadm sds apst 
[    4.917175] r8169 0000:01:00.0 eth0: RTL8168h/8111h at 0x        (ptrval), 80:ce:62:30:eb:30, XID 14100800 IRQ 126
[    4.917177] r8169 0000:01:00.0 eth0: jumbo features [frames: 9200 bytes, tx checksumming: ko]
[    4.917934] scsi host0: ahci
[    4.920104] scsi host1: ahci
[    4.920278] scsi host2: ahci
[    4.920318] ata1: SATA max UDMA/133 abar m2048@0xf132c000 port 0xf132c100 irq 124
[    4.920320] ata2: SATA max UDMA/133 abar m2048@0xf132c000 port 0xf132c180 irq 124
[    4.920324] ata3: SATA max UDMA/133 abar m2048@0xf132c000 port 0xf132c200 irq 124
[    4.939104] usb 1-6: New USB device found, idVendor=04ca, idProduct=7053
[    4.939107] usb 1-6: New USB device strings: Mfr=3, Product=1, SerialNumber=2
[    4.939109] usb 1-6: Product: HP HD Camera
[    4.939110] usb 1-6: Manufacturer: DETNQ019I93I4Y
[    4.939112] usb 1-6: SerialNumber: 200901010001
[    4.942397] r8169 0000:01:00.0 enp1s0: renamed from eth0
[    4.961296] [drm] Memory usable by graphics device = 4096M
[    4.961298] checking generic (e0000000 300000) vs hw (e0000000 10000000)
[    4.961298] fb: switching to inteldrmfb from EFI VGA
[    4.961315] Console: switching to colour dummy device 80x25
[    4.961563] [drm] Replacing VGA console driver
[    4.967591] [drm] Supports vblank timestamp caching Rev 2 (21.10.2013).
[    4.967591] [drm] Driver supports precise vblank timestamp query.
[    4.969759] i915 0000:00:02.0: vgaarb: changed VGA decodes: olddecodes=io+mem,decodes=io+mem:owns=io+mem
[    4.970206] [drm] Finished loading DMC firmware i915/skl_dmc_ver1_26.bin (v1.26)
[    4.979447] [drm] Initialized i915 1.6.0 20171023 for 0000:00:02.0 on minor 0
[    4.981891] ACPI: Video Device [GFX0] (multi-head: yes  rom: no  post: no)
[    4.982369] input: Video Bus as /devices/LNXSYSTM:00/LNXSYBUS:00/PNP0A08:00/LNXVIDEO:00/input/input11
[    5.020678] clocksource: Switched to clocksource tsc
[    5.025269] fbcon: inteldrmfb (fb0) is primary device
[    5.025348] Console: switching to colour frame buffer device 240x67
[    5.025370] i915 0000:00:02.0: fb0: inteldrmfb frame buffer device
[    5.080228] usb 1-7: new full-speed USB device number 4 using xhci_hcd
[    5.230366] usb 1-7: New USB device found, idVendor=8087, idProduct=0a2a
[    5.230368] usb 1-7: New USB device strings: Mfr=0, Product=0, SerialNumber=0
[    5.236881] ata1: SATA link up 6.0 Gbps (SStatus 133 SControl 300)
[    5.237570] ata1.00: ACPI cmd f5/00:00:00:00:00:e0 (SECURITY FREEZE LOCK) filtered out
[    5.237572] ata1.00: ACPI cmd b1/c1:00:00:00:00:e0 (DEVICE CONFIGURATION OVERLAY) filtered out
[    5.237721] ata1.00: ATA-9: WDC WD10JPVX-60JC3T1, 02.01A02, max UDMA/133
[    5.237722] ata1.00: 1953525168 sectors, multi 0: LBA48 NCQ (depth 31/32), AA
[    5.238499] ata1.00: ACPI cmd f5/00:00:00:00:00:e0 (SECURITY FREEZE LOCK) filtered out
[    5.238502] ata1.00: ACPI cmd b1/c1:00:00:00:00:e0 (DEVICE CONFIGURATION OVERLAY) filtered out
[    5.238650] ata1.00: configured for UDMA/133
[    5.238902] scsi 0:0:0:0: Direct-Access     ATA      WDC WD10JPVX-60J 1A02 PQ: 0 ANSI: 5
[    5.239328] sd 0:0:0:0: [sda] 1953525168 512-byte logical blocks: (1.00 TB/932 GiB)
[    5.239331] sd 0:0:0:0: [sda] 4096-byte physical blocks
[    5.239343] sd 0:0:0:0: [sda] Write Protect is off
[    5.239345] sd 0:0:0:0: [sda] Mode Sense: 00 3a 00 00
[    5.239353] sd 0:0:0:0: Attached scsi generic sg0 type 0
[    5.239358] sd 0:0:0:0: [sda] Write cache: enabled, read cache: enabled, doesn't support DPO or FUA
[    5.327101]  sda: sda1 sda2 sda3 sda4 sda5 sda6 sda7 sda8
[    5.328178] sd 0:0:0:0: [sda] Attached SCSI disk
[    5.356214] usb 1-8: new full-speed USB device number 5 using xhci_hcd
[    5.506069] usb 1-8: New USB device found, idVendor=138a, idProduct=003f
[    5.506070] usb 1-8: New USB device strings: Mfr=0, Product=0, SerialNumber=1
[    5.506072] usb 1-8: SerialNumber: 00b0884342a1
[    5.511074] hidraw: raw HID events driver (C) Jiri Kosina
[    5.514159] usbcore: registered new interface driver usbhid
[    5.514160] usbhid: USB HID core driver
[    5.515436] input: PixArt USB Optical Mouse as /devices/pci0000:00/0000:00:14.0/usb1/1-4/1-4:1.0/0003:093A:2510.0001/input/input12
[    5.515590] hid-generic 0003:093A:2510.0001: input,hidraw0: USB HID v1.11 Mouse [PixArt USB Optical Mouse] on usb-0000:00:14.0-4/input0
[    5.520455] random: fast init done
[    5.556814] ata2: SATA link up 1.5 Gbps (SStatus 113 SControl 300)
[    5.558275] ata2.00: ATAPI: hp       DVDRW GUD1N, MD00, max UDMA/133
[    5.559967] ata2.00: configured for UDMA/133
[    5.566314] scsi 1:0:0:0: CD-ROM            hp       DVDRW GUD1N      MD00 PQ: 0 ANSI: 5
[    5.599872] sr 1:0:0:0: [sr0] scsi3-mmc drive: 31x/62x writer dvd-ram cd/rw xa/form2 cdda tray
[    5.599874] cdrom: Uniform CD-ROM driver Revision: 3.20
[    5.600065] sr 1:0:0:0: Attached scsi CD-ROM sr0
[    5.600161] sr 1:0:0:0: Attached scsi generic sg1 type 5
[    5.641145] psmouse serio3: synaptics: queried max coordinates: x [..5716], y [..4886]
[    5.673263] psmouse serio3: synaptics: queried min coordinates: x [1220..], y [986..]
[    5.733495] psmouse serio3: synaptics: Touchpad model: 1, fw: 7.5, id: 0x1e0b1, caps: 0xf00173/0x640000/0xa2400/0x0, board id: 2654, fw id: 1323623
[    5.776033] input: SynPS/2 Synaptics TouchPad as /devices/platform/i8042/serio3/input/input10
[    5.913591] ata3: SATA link down (SStatus 4 SControl 300)
[    6.844348] [drm] RC6 on
[    7.645596] EXT4-fs (sda8): mounted filesystem with ordered data mode. Opts: (null)
[    8.382390] random: crng init done
[    8.382391] random: 7 urandom warning(s) missed due to ratelimiting
[    9.058542] systemd[1]: systemd 229 running in system mode. (+PAM +AUDIT +SELINUX +IMA +APPARMOR +SMACK +SYSVINIT +UTMP +LIBCRYPTSETUP +GCRYPT +GNUTLS +ACL +XZ -LZ4 +SECCOMP +BLKID +ELFUTILS +KMOD -IDN)
[    9.076104] systemd[1]: Detected architecture x86-64.
[    9.076212] systemd[1]: Set hostname to <hidehisa>.
[   11.570013] systemd[1]: Listening on Journal Audit Socket.
[   11.570084] systemd[1]: Listening on udev Kernel Socket.
[   11.570119] systemd[1]: Started Trigger resolvconf update for networkd DNS.
[   11.570148] systemd[1]: Started Forward Password Requests to Wall Directory Watch.
[   11.570179] systemd[1]: Listening on Journal Socket (/dev/log).
[   11.570197] systemd[1]: Listening on fsck to fsckd communication Socket.
[   11.570355] systemd[1]: Set up automount Arbitrary Executable File Formats File System Automount Point.
[   12.538975] lp: driver loaded but no devices found
[   12.685880] ppdev: user-space parallel port driver
[   14.791496] EXT4-fs (sda8): re-mounted. Opts: errors=remount-ro
[   15.574027] systemd-journald[255]: Received request to flush runtime journal from PID 1
[   16.749378] (NULL device *): hwmon_device_register() is deprecated. Please convert the driver to use hwmon_device_register_with_info().
[   16.847069] input: HP Wireless hotkeys as /devices/virtual/input/input14
[   17.684526] mei_me 0000:00:16.0: enabling device (0000 -> 0002)
[   17.706461] shpchp: Standard Hot Plug PCI Controller Driver version: 0.4
[   17.945701] hp_accel: laptop model unknown, using default axes configuration
[   18.068852] lis3lv02d: 8 bits 3DC sensor found
[   18.842430] Bluetooth: Core ver 2.22
[   18.842450] NET: Registered protocol family 31
[   18.842451] Bluetooth: HCI device and connection manager initialized
[   18.842454] Bluetooth: HCI socket layer initialized
[   18.842456] Bluetooth: L2CAP socket layer initialized
[   18.842460] Bluetooth: SCO socket layer initialized
[   18.878178] usbcore: registered new interface driver btusb
[   18.892172] Bluetooth: hci0: read Intel version: 370810011003110e00
[   19.098854] hp_wmi: query 0x4 returned error 0x5
[   19.101192] hp_wmi: query 0x4 returned error 0x5
[   19.103311] hp_wmi: query 0xd returned error 0x5
[   19.103346] input: HP WMI hotkeys as /devices/virtual/input/input15
[   19.380106] input: ST LIS3LV02DL Accelerometer as /devices/platform/lis3lv02d/input/input16
[   19.383697] Bluetooth: hci0: Intel Bluetooth firmware file: intel/ibt-hw-37.8.10-fw-1.10.3.11.e.bseq
[   19.500300] cfg80211: Loading compiled-in X.509 certificates for regulatory database
[   19.504274] cfg80211: Loaded X.509 cert 'sforshee: 00b28ddf47aef9cea7'
[   19.592227] Bluetooth: hci0: Intel firmware patch completed and activated
[   19.655854] Intel(R) Wireless WiFi driver for Linux
[   19.655855] Copyright(c) 2003- 2015 Intel Corporation
[   19.655948] iwlwifi 0000:02:00.0: enabling device (0000 -> 0002)
[   19.905695] iwlwifi 0000:02:00.0: loaded firmware version 29.1044073957.0 op_mode iwlmvm
[   20.103641] iwlwifi 0000:02:00.0: Detected Intel(R) Dual Band Wireless AC 3165, REV=0x210
[   20.122158] iwlwifi 0000:02:00.0: base HW address: 98:54:1b:cb:19:c5
[   20.381740] ieee80211 phy0: Selected rate control algorithm 'iwl-mvm-rs'
[   20.382535] (NULL device *): hwmon_device_register() is deprecated. Please convert the driver to use hwmon_device_register_with_info().
[   20.382555] thermal thermal_zone7: failed to read out thermal zone (-61)
[   20.968177] RAPL PMU: API unit is 2^-32 Joules, 5 fixed counters, 655360 ms ovfl timer
[   20.968178] RAPL PMU: hw unit of domain pp0-core 2^-14 Joules
[   20.968179] RAPL PMU: hw unit of domain package 2^-14 Joules
[   20.968180] RAPL PMU: hw unit of domain dram 2^-14 Joules
[   20.968181] RAPL PMU: hw unit of domain pp1-gpu 2^-14 Joules
[   20.968181] RAPL PMU: hw unit of domain psys 2^-14 Joules
[   22.287855] AVX2 version of gcm_enc/dec engaged.
[   22.287856] AES CTR mode by8 optimization enabled
[   23.340271] media: Linux media interface: v0.10
[   23.484290] Linux video capture interface: v2.00
[   23.827593] intel_rapl: Found RAPL domain package
[   23.827595] intel_rapl: Found RAPL domain core
[   23.827595] intel_rapl: Found RAPL domain uncore
[   23.827596] intel_rapl: Found RAPL domain dram
[   24.068189] iwlwifi 0000:02:00.0 wlp2s0: renamed from wlan0
[   24.592704] snd_hda_intel 0000:00:1f.3: enabling device (0000 -> 0002)
[   24.592912] snd_hda_intel 0000:00:1f.3: bound 0000:00:02.0 (ops i915_audio_component_bind_ops [i915])
[   24.601956] uvcvideo: Found UVC 1.00 device HP HD Camera (04ca:7053)
[   24.604626] uvcvideo 1-6:1.0: Entity type for entity Extension 4 was not initialized!
[   24.604628] uvcvideo 1-6:1.0: Entity type for entity Processing 2 was not initialized!
[   24.604629] uvcvideo 1-6:1.0: Entity type for entity Camera 1 was not initialized!
[   24.604729] input: HP HD Camera: HP HD Camera as /devices/pci0000:00/0000:00:14.0/usb1/1-6/1-6:1.0/input/input17
[   24.604777] usbcore: registered new interface driver uvcvideo
[   24.604778] USB Video Class driver (1.1.1)
[   25.172757] snd_hda_codec_conexant hdaudioC0D0: CX20724: BIOS auto-probing.
[   25.173276] snd_hda_codec_conexant hdaudioC0D0: autoconfig for CX20724: line_outs=1 (0x17/0x0/0x0/0x0/0x0) type:speaker
[   25.173278] snd_hda_codec_conexant hdaudioC0D0:    speaker_outs=0 (0x0/0x0/0x0/0x0/0x0)
[   25.173279] snd_hda_codec_conexant hdaudioC0D0:    hp_outs=1 (0x16/0x0/0x0/0x0/0x0)
[   25.173280] snd_hda_codec_conexant hdaudioC0D0:    mono: mono_out=0x0
[   25.173281] snd_hda_codec_conexant hdaudioC0D0:    inputs:
[   25.173282] snd_hda_codec_conexant hdaudioC0D0:      Internal Mic=0x1a
[   25.173284] snd_hda_codec_conexant hdaudioC0D0:      Mic=0x19
[   25.174233] snd_hda_codec_conexant hdaudioC0D0: Enable sync_write for stable communication
[   25.457768] input: HDA Intel PCH Mic as /devices/pci0000:00/0000:00:1f.3/sound/card0/input18
[   25.457829] input: HDA Intel PCH Headphone as /devices/pci0000:00/0000:00:1f.3/sound/card0/input19
[   25.457885] input: HDA Intel PCH HDMI/DP,pcm=3 as /devices/pci0000:00/0000:00:1f.3/sound/card0/input20
[   25.457940] input: HDA Intel PCH HDMI/DP,pcm=7 as /devices/pci0000:00/0000:00:1f.3/sound/card0/input21
[   25.457996] input: HDA Intel PCH HDMI/DP,pcm=8 as /devices/pci0000:00/0000:00:1f.3/sound/card0/input22
[   25.458051] input: HDA Intel PCH HDMI/DP,pcm=9 as /devices/pci0000:00/0000:00:1f.3/sound/card0/input23
[   25.458107] input: HDA Intel PCH HDMI/DP,pcm=10 as /devices/pci0000:00/0000:00:1f.3/sound/card0/input24
[   35.175668] Adding 7812092k swap on /dev/sda7.  Priority:-2 extents:1 across:7812092k FS
[   40.504890] audit: type=1400 audit(1539923057.579:2): apparmor="STATUS" operation="profile_load" profile="unconfined" name="/usr/lib/lightdm/lightdm-guest-session" pid=950 comm="apparmor_parser"
[   40.504893] audit: type=1400 audit(1539923057.579:3): apparmor="STATUS" operation="profile_load" profile="unconfined" name="/usr/lib/lightdm/lightdm-guest-session//chromium" pid=950 comm="apparmor_parser"
[   40.512211] audit: type=1400 audit(1539923057.587:4): apparmor="STATUS" operation="profile_load" profile="unconfined" name="/snap/core/4917/usr/lib/snapd/snap-confine" pid=952 comm="apparmor_parser"
[   40.512222] audit: type=1400 audit(1539923057.587:5): apparmor="STATUS" operation="profile_load" profile="unconfined" name="/snap/core/4917/usr/lib/snapd/snap-confine//mount-namespace-capture-helper" pid=952 comm="apparmor_parser"
[   40.524050] audit: type=1400 audit(1539923057.599:6): apparmor="STATUS" operation="profile_load" profile="unconfined" name="/sbin/dhclient" pid=951 comm="apparmor_parser"
[   40.524054] audit: type=1400 audit(1539923057.599:7): apparmor="STATUS" operation="profile_load" profile="unconfined" name="/usr/lib/NetworkManager/nm-dhcp-client.action" pid=951 comm="apparmor_parser"
[   40.524057] audit: type=1400 audit(1539923057.599:8): apparmor="STATUS" operation="profile_load" profile="unconfined" name="/usr/lib/NetworkManager/nm-dhcp-helper" pid=951 comm="apparmor_parser"
[   40.524059] audit: type=1400 audit(1539923057.599:9): apparmor="STATUS" operation="profile_load" profile="unconfined" name="/usr/lib/connman/scripts/dhclient-script" pid=951 comm="apparmor_parser"
[   40.530478] audit: type=1400 audit(1539923057.603:10): apparmor="STATUS" operation="profile_load" profile="unconfined" name="/usr/bin/evince" pid=953 comm="apparmor_parser"
[   40.530481] audit: type=1400 audit(1539923057.603:11): apparmor="STATUS" operation="profile_load" profile="unconfined" name="/usr/bin/evince//sanitized_helper" pid=953 comm="apparmor_parser"
[   47.260883] new mount options do not match the existing superblock, will be ignored
[   48.110125] Bluetooth: BNEP (Ethernet Emulation) ver 1.3
[   48.110127] Bluetooth: BNEP filters: protocol multicast
[   48.110130] Bluetooth: BNEP socket layer initialized
[   54.671571] kauditd_printk_skb: 28 callbacks suppressed
[   54.671573] audit: type=1400 audit(1539923071.743:40): apparmor="DENIED" operation="open" profile="/usr/sbin/mysqld" name="/proc/1595/status" pid=1595 comm="mysqld" requested_mask="r" denied_mask="r" fsuid=121 ouid=121
[   54.671593] audit: type=1400 audit(1539923071.743:41): apparmor="DENIED" operation="open" profile="/usr/sbin/mysqld" name="/sys/devices/system/node/" pid=1595 comm="mysqld" requested_mask="r" denied_mask="r" fsuid=121 ouid=0
[   54.671638] audit: type=1400 audit(1539923071.743:42): apparmor="DENIED" operation="open" profile="/usr/sbin/mysqld" name="/proc/1595/status" pid=1595 comm="mysqld" requested_mask="r" denied_mask="r" fsuid=121 ouid=121
[   56.917700] IPv6: ADDRCONF(NETDEV_UP): wlp2s0: link is not ready
[   57.023599] IPv6: ADDRCONF(NETDEV_UP): wlp2s0: link is not ready
[   57.322592] IPv6: ADDRCONF(NETDEV_UP): enp1s0: link is not ready
[   57.722627] r8169 0000:01:00.0 enp1s0: link down
[   57.722718] IPv6: ADDRCONF(NETDEV_UP): enp1s0: link is not ready
[   58.258047] IPv6: ADDRCONF(NETDEV_UP): wlp2s0: link is not ready
[   60.347695] ip_tables: (C) 2000-2006 Netfilter Core Team
[   60.685604] ip6_tables: (C) 2000-2006 Netfilter Core Team
[   61.019444] Ebtables v2.0 registered
[   63.061505] bridge: filtering via arp/ip/ip6tables is no longer available by default. Update your scripts to load br_netfilter if you need this.
[   63.112283] virbr0: port 1(virbr0-nic) entered blocking state
[   63.112284] virbr0: port 1(virbr0-nic) entered disabled state
[   63.112355] device virbr0-nic entered promiscuous mode
[   63.382897] NET: Registered protocol family 15
[   63.400816] Initializing XFRM netlink socket
[   66.195650] nf_conntrack version 0.5.0 (65536 buckets, 262144 max)
[   68.010665] Bluetooth: RFCOMM TTY layer initialized
[   68.010669] Bluetooth: RFCOMM socket layer initialized
[   68.010673] Bluetooth: RFCOMM ver 1.11
[   68.114038] aufs 4.15-20180219
[   68.251644] audit: type=1400 audit(1539923085.323:43): apparmor="STATUS" operation="profile_load" profile="unconfined" name="docker-default" pid=2333 comm="apparmor_parser"
[   68.590698] virbr0: port 1(virbr0-nic) entered blocking state
[   68.590702] virbr0: port 1(virbr0-nic) entered listening state
[   70.221390] virbr0: port 1(virbr0-nic) entered disabled state
[   70.223961] device virbr0-nic left promiscuous mode
[   70.223986] virbr0: port 1(virbr0-nic) entered disabled state
[   72.026424] Bridge firewalling registered
[   72.062143] Netfilter messages via NETLINK v0.30.
[   72.063808] ctnetlink v0.93: registering with nfnetlink.
[   72.090536] IPv6: ADDRCONF(NETDEV_UP): br-ea12a118fd62: link is not ready
[   72.126445] IPv6: ADDRCONF(NETDEV_UP): br-ec3093cc2b59: link is not ready
[   72.149635] IPv6: ADDRCONF(NETDEV_UP): br-1bd870f4f925: link is not ready
[   72.174438] IPv6: ADDRCONF(NETDEV_UP): docker0: link is not ready
[   72.198235] IPv6: ADDRCONF(NETDEV_UP): br-82737a092120: link is not ready
[   72.259941] IPv6: ADDRCONF(NETDEV_UP): br-e6e2e95c23e3: link is not ready
[   73.749581] br-ea12a118fd62: port 1(veth15c66f9) entered blocking state
[   73.749584] br-ea12a118fd62: port 1(veth15c66f9) entered disabled state
[   73.749694] device veth15c66f9 entered promiscuous mode
[   73.749992] IPv6: ADDRCONF(NETDEV_UP): veth15c66f9: link is not ready
[   73.749995] br-ea12a118fd62: port 1(veth15c66f9) entered blocking state
[   73.749997] br-ea12a118fd62: port 1(veth15c66f9) entered forwarding state
[   73.750691] br-ea12a118fd62: port 1(veth15c66f9) entered disabled state
[   74.351338] br-ea12a118fd62: port 1(veth15c66f9) entered disabled state
[   74.353036] device veth15c66f9 left promiscuous mode
[   74.353040] br-ea12a118fd62: port 1(veth15c66f9) entered disabled state
[  393.200827] wlp2s0: authenticate with 74:a2:e6:a7:bf:4e
[  393.205225] wlp2s0: send auth to 74:a2:e6:a7:bf:4e (try 1/3)
[  393.206247] wlp2s0: authenticated
[  393.208084] wlp2s0: associate with 74:a2:e6:a7:bf:4e (try 1/3)
[  393.212689] wlp2s0: RX AssocResp from 74:a2:e6:a7:bf:4e (capab=0x11 status=0 aid=11)
[  393.213866] wlp2s0: associated
[  393.246562] wlp2s0: Limiting TX power to 3 dBm as advertised by 74:a2:e6:a7:bf:4e
[  393.326362] IPv6: ADDRCONF(NETDEV_CHANGE): wlp2s0: link becomes ready
[  403.249087] ISO 9660 Extensions: Microsoft Joliet Level 1
[  403.257388] ISOFS: changing to secondary root
[  644.124819] audit: type=1400 audit(1539923661.394:44): apparmor="DENIED" operation="open" profile="/usr/bin/evince" name="/var/lib/snapd/desktop/applications/mimeinfo.cache" pid=6226 comm="evince" requested_mask="r" denied_mask="r" fsuid=1000 ouid=0
[  644.124898] audit: type=1400 audit(1539923661.394:45): apparmor="DENIED" operation="open" profile="/usr/bin/evince" name="/var/lib/snapd/desktop/applications/mimeinfo.cache" pid=6226 comm="evince" requested_mask="r" denied_mask="r" fsuid=1000 ouid=0
[  669.785098] audit: type=1400 audit(1539923687.052:46): apparmor="STATUS" operation="profile_load" profile="unconfined" name="/snap/core/5662/usr/lib/snapd/snap-confine" pid=6387 comm="apparmor_parser"
[  669.785317] audit: type=1400 audit(1539923687.052:47): apparmor="STATUS" operation="profile_load" profile="unconfined" name="/snap/core/5662/usr/lib/snapd/snap-confine//mount-namespace-capture-helper" pid=6387 comm="apparmor_parser"
[  669.988090] audit: type=1400 audit(1539923687.256:48): apparmor="STATUS" operation="profile_replace" profile="unconfined" name="snap.core.hook.configure" pid=6390 comm="apparmor_parser"
[  670.010347] audit: type=1400 audit(1539923687.276:49): apparmor="STATUS" operation="profile_replace" info="same as current profile, skipping" profile="unconfined" name="snap-update-ns.core" pid=6392 comm="apparmor_parser"
[  671.411128] audit: type=1400 audit(1539923688.676:50): apparmor="STATUS" operation="profile_replace" profile="unconfined" name="/snap/core/5662/usr/lib/snapd/snap-confine" pid=6455 comm="apparmor_parser"
[  671.428022] audit: type=1400 audit(1539923688.696:51): apparmor="STATUS" operation="profile_replace" profile="unconfined" name="/snap/core/5662/usr/lib/snapd/snap-confine//mount-namespace-capture-helper" pid=6455 comm="apparmor_parser"
[  671.448537] audit: type=1400 audit(1539923688.716:52): apparmor="STATUS" operation="profile_replace" info="same as current profile, skipping" profile="unconfined" name="snap-update-ns.core" pid=6459 comm="apparmor_parser"
[  671.459175] audit: type=1400 audit(1539923688.724:53): apparmor="STATUS" operation="profile_replace" info="same as current profile, skipping" profile="unconfined" name="snap.core.hook.configure" pid=6461 comm="apparmor_parser"
[  671.632540] audit: type=1400 audit(1539923688.900:54): apparmor="STATUS" operation="profile_replace" info="same as current profile, skipping" profile="unconfined" name="snap-update-ns.heroku" pid=6473 comm="apparmor_parser"
[  671.642162] audit: type=1400 audit(1539923688.908:55): apparmor="STATUS" operation="profile_replace" info="same as current profile, skipping" profile="unconfined" name="snap.heroku.heroku" pid=6475 comm="apparmor_parser"
[  688.883382] kauditd_printk_skb: 3 callbacks suppressed
[  688.883387] audit: type=1400 audit(1539923706.150:59): apparmor="STATUS" operation="profile_replace" info="same as current profile, skipping" profile="unconfined" name="snap.heroku.heroku" pid=6681 comm="apparmor_parser"
[  688.898368] audit: type=1400 audit(1539923706.166:60): apparmor="STATUS" operation="profile_replace" info="same as current profile, skipping" profile="unconfined" name="snap.heroku.hook.configure" pid=6683 comm="apparmor_parser"
[  688.906781] audit: type=1400 audit(1539923706.174:61): apparmor="STATUS" operation="profile_replace" info="same as current profile, skipping" profile="unconfined" name="snap-update-ns.heroku" pid=6685 comm="apparmor_parser"
[  725.676978] ptrace attach of "/usr/bin/python /usr/bin/x-terminal-emulator"[6776] was attempted by "strace -p 6776 -f"[6919]
[  725.677004] ptrace attach of "/usr/bin/python /usr/bin/x-terminal-emulator"[6784] was attempted by "strace -p 6776 -f"[6919]
[  725.677023] ptrace attach of "/usr/bin/python /usr/bin/x-terminal-emulator"[6785] was attempted by "strace -p 6776 -f"[6919]
[  725.677042] ptrace attach of "/usr/bin/python /usr/bin/x-terminal-emulator"[6786] was attempted by "strace -p 6776 -f"[6919]
[ 1477.783404] audit: type=1400 audit(1539924495.140:62): apparmor="DENIED" operation="open" profile="/usr/bin/evince" name="/var/lib/snapd/desktop/applications/mimeinfo.cache" pid=17177 comm="evince" requested_mask="r" denied_mask="r" fsuid=1000 ouid=0
[ 1477.783452] audit: type=1400 audit(1539924495.140:63): apparmor="DENIED" operation="open" profile="/usr/bin/evince" name="/var/lib/snapd/desktop/applications/mimeinfo.cache" pid=17177 comm="evince" requested_mask="r" denied_mask="r" fsuid=1000 ouid=0
[ 1487.005945] audit: type=1400 audit(1539924504.361:64): apparmor="DENIED" operation="open" profile="/usr/bin/evince" name="/var/lib/snapd/desktop/applications/mimeinfo.cache" pid=17207 comm="evince" requested_mask="r" denied_mask="r" fsuid=1000 ouid=0
[ 1487.005981] audit: type=1400 audit(1539924504.361:65): apparmor="DENIED" operation="open" profile="/usr/bin/evince" name="/var/lib/snapd/desktop/applications/mimeinfo.cache" pid=17207 comm="evince" requested_mask="r" denied_mask="r" fsuid=1000 ouid=0
[ 3259.564504] wlp2s0: disconnect from AP 74:a2:e6:a7:bf:4e for new auth to 74:a2:e6:b5:e8:ee
[ 3259.569982] wlp2s0: authenticate with 74:a2:e6:b5:e8:ee
[ 3259.573660] wlp2s0: send auth to 74:a2:e6:b5:e8:ee (try 1/3)
[ 3259.575058] wlp2s0: authenticated
[ 3259.578080] wlp2s0: associate with 74:a2:e6:b5:e8:ee (try 1/3)
[ 3259.583928] wlp2s0: RX ReassocResp from 74:a2:e6:b5:e8:ee (capab=0x11 status=0 aid=18)
[ 3259.584471] wlp2s0: associated
[ 3259.663156] wlp2s0: Limiting TX power to 2 dBm as advertised by 74:a2:e6:b5:e8:ee
[ 3499.622728] atkbd serio0: Unknown key pressed (translated set 2, code 0x85 on isa0060/serio0).
[ 3499.622734] atkbd serio0: Use 'setkeycodes e005 <keycode>' to make it known.
[ 3499.782890] wlp2s0: deauthenticating from 74:a2:e6:b5:e8:ee by local choice (Reason: 3=DEAUTH_LEAVING)
[ 3500.544272] PM: suspend entry (deep)
[ 3500.544273] PM: Syncing filesystems ... done.
[ 3500.948574] Freezing user space processes ... (elapsed 0.028 seconds) done.
[ 3500.977059] OOM killer disabled.
[ 3500.977061] Freezing remaining freezable tasks ... (elapsed 0.001 seconds) done.
[ 3500.978950] Suspending console(s) (use no_console_suspend to debug)
[ 3501.012360] sd 0:0:0:0: [sda] Synchronizing SCSI cache
[ 3501.122471] sd 0:0:0:0: [sda] Stopping disk
[ 3501.709611] ACPI: EC: interrupt blocked
[ 3501.753587] ACPI: Preparing to enter system sleep state S3
[ 3501.759314] ACPI: EC: event blocked
[ 3501.759315] ACPI: EC: EC stopped
[ 3501.759317] PM: Saving platform NVS memory
[ 3501.759353] Disabling non-boot CPUs ...
[ 3501.773161] IRQ 124: no longer affine to CPU1
[ 3501.775593] smpboot: CPU 1 is now offline
[ 3501.796596] IRQ 123: no longer affine to CPU2
[ 3501.796602] IRQ 127: no longer affine to CPU2
[ 3501.797615] smpboot: CPU 2 is now offline
[ 3501.820890] IRQ 1: no longer affine to CPU3
[ 3501.820905] IRQ 9: no longer affine to CPU3
[ 3501.820918] IRQ 12: no longer affine to CPU3
[ 3501.820931] IRQ 94: no longer affine to CPU3
[ 3501.820945] IRQ 129: no longer affine to CPU3
[ 3501.821977] smpboot: CPU 3 is now offline
[ 3501.827965] ACPI: Low-level resume complete
[ 3501.828080] ACPI: EC: EC started
[ 3501.828081] PM: Restoring platform NVS memory
[ 3501.828890] Enabling non-boot CPUs ...
[ 3501.828946] x86: Booting SMP configuration:
[ 3501.828947] smpboot: Booting Node 0 Processor 1 APIC 0x2
[ 3501.829464]  cache: parent cpu1 should not be sleeping
[ 3501.829643] CPU1 is up
[ 3501.829672] smpboot: Booting Node 0 Processor 2 APIC 0x1
[ 3501.830222]  cache: parent cpu2 should not be sleeping
[ 3501.830427] CPU2 is up
[ 3501.830456] smpboot: Booting Node 0 Processor 3 APIC 0x3
[ 3501.830953]  cache: parent cpu3 should not be sleeping
[ 3501.831177] CPU3 is up
[ 3501.835094] ACPI: Waking up from system sleep state S3
[ 3502.963752] ACPI: EC: interrupt unblocked
[ 3503.012107] usb usb1: root hub lost power or was reset
[ 3503.012112] usb usb2: root hub lost power or was reset
[ 3503.015943] sd 0:0:0:0: [sda] Starting disk
[ 3503.062385] r8169 0000:01:00.0 enp1s0: link down
[ 3503.327443] ata2: SATA link up 1.5 Gbps (SStatus 113 SControl 300)
[ 3503.327479] ata3: SATA link down (SStatus 4 SControl 300)
[ 3503.335710] ata2.00: configured for UDMA/133
[ 3503.367606] usb 1-6: reset high-speed USB device number 3 using xhci_hcd
[ 3503.643704] usb 1-8: reset full-speed USB device number 5 using xhci_hcd
[ 3503.919713] usb 1-7: reset full-speed USB device number 4 using xhci_hcd
[ 3504.559870] [drm] RC6 on
[ 3504.587461] ata1: SATA link up 6.0 Gbps (SStatus 133 SControl 300)
[ 3504.726857] ata1.00: ACPI cmd f5/00:00:00:00:00:e0 (SECURITY FREEZE LOCK) filtered out
[ 3504.726864] ata1.00: ACPI cmd b1/c1:00:00:00:00:e0 (DEVICE CONFIGURATION OVERLAY) filtered out
[ 3504.727720] ata1.00: ACPI cmd f5/00:00:00:00:00:e0 (SECURITY FREEZE LOCK) filtered out
[ 3504.727727] ata1.00: ACPI cmd b1/c1:00:00:00:00:e0 (DEVICE CONFIGURATION OVERLAY) filtered out
[ 3504.727880] ata1.00: configured for UDMA/133
[ 3505.607602] ACPI: EC: event unblocked
[ 3506.042005] acpi LNXPOWER:17: Turning OFF
[ 3506.042153] acpi LNXPOWER:16: Turning OFF
[ 3506.042297] acpi LNXPOWER:15: Turning OFF
[ 3506.042438] acpi LNXPOWER:14: Turning OFF
[ 3506.042577] acpi LNXPOWER:13: Turning OFF
[ 3506.042717] acpi LNXPOWER:12: Turning OFF
[ 3506.042858] acpi LNXPOWER:11: Turning OFF
[ 3506.042997] acpi LNXPOWER:10: Turning OFF
[ 3506.043138] acpi LNXPOWER:0f: Turning OFF
[ 3506.043278] acpi LNXPOWER:0e: Turning OFF
[ 3506.043478] acpi LNXPOWER:0d: Turning OFF
[ 3506.043621] acpi LNXPOWER:0c: Turning OFF
[ 3506.046757] acpi LNXPOWER:0a: Turning OFF
[ 3506.047148] acpi LNXPOWER:09: Turning OFF
[ 3506.047298] acpi LNXPOWER:08: Turning OFF
[ 3506.047470] acpi LNXPOWER:07: Turning OFF
[ 3506.047613] acpi LNXPOWER:06: Turning OFF
[ 3506.047754] acpi LNXPOWER:05: Turning OFF
[ 3506.047894] acpi LNXPOWER:04: Turning OFF
[ 3506.048035] acpi LNXPOWER:03: Turning OFF
[ 3506.048178] OOM killer enabled.
[ 3506.048179] Restarting tasks ... 
[ 3506.048319] usb 1-4: USB disconnect, device number 2
[ 3506.080239] done.
[ 3506.157526] thermal thermal_zone7: failed to read out thermal zone (-61)
[ 3506.157745] PM: suspend exit
[ 3506.187420] usb 1-5: new low-speed USB device number 6 using xhci_hcd
[ 3506.316029] psmouse serio3: synaptics: queried max coordinates: x [..5716], y [..4886]
[ 3506.338692] usb 1-5: New USB device found, idVendor=093a, idProduct=2510
[ 3506.338698] usb 1-5: New USB device strings: Mfr=1, Product=2, SerialNumber=0
[ 3506.338703] usb 1-5: Product: USB Optical Mouse
[ 3506.338706] usb 1-5: Manufacturer: PixArt
[ 3506.342338] input: PixArt USB Optical Mouse as /devices/pci0000:00/0000:00:14.0/usb1/1-5/1-5:1.0/0003:093A:2510.0002/input/input26
[ 3506.342684] hid-generic 0003:093A:2510.0002: input,hidraw0: USB HID v1.11 Mouse [PixArt USB Optical Mouse] on usb-0000:00:14.0-5/input0
[ 3506.349433] psmouse serio3: synaptics: queried min coordinates: x [1220..], y [986..]
[ 3506.522833] Bluetooth: hci0: read Intel version: 370810011003110e00
[ 3506.522839] Bluetooth: hci0: Intel Bluetooth firmware file: intel/ibt-hw-37.8.10-fw-1.10.3.11.e.bseq
[ 3506.621765] IPv6: ADDRCONF(NETDEV_UP): wlp2s0: link is not ready
[ 3506.725511] IPv6: ADDRCONF(NETDEV_UP): wlp2s0: link is not ready
[ 3506.729526] IPv6: ADDRCONF(NETDEV_UP): enp1s0: link is not ready
[ 3506.777917] r8169 0000:01:00.0 enp1s0: link down
[ 3506.778154] IPv6: ADDRCONF(NETDEV_UP): enp1s0: link is not ready
[ 3506.782874] Bluetooth: hci0: Intel firmware patch completed and activated
[ 3506.857607] IPv6: ADDRCONF(NETDEV_UP): wlp2s0: link is not ready
[ 3508.124785] VFS: busy inodes on changed media or resized disk sr0
[ 3511.172614] wlp2s0: authenticate with 98:f1:99:a4:11:db
[ 3511.176966] wlp2s0: send auth to 98:f1:99:a4:11:db (try 1/3)
[ 3511.178330] wlp2s0: authenticated
[ 3511.179348] wlp2s0: associate with 98:f1:99:a4:11:db (try 1/3)
[ 3511.180334] wlp2s0: RX AssocResp from 98:f1:99:a4:11:db (capab=0x1411 status=0 aid=3)
[ 3511.182360] wlp2s0: associated
[ 3511.215248] wlp2s0: Limiting TX power to 20 (20 - 0) dBm as advertised by 98:f1:99:a4:11:db
[ 3511.218089] IPv6: ADDRCONF(NETDEV_CHANGE): wlp2s0: link becomes ready
[ 7892.891089] perf: interrupt took too long (2551 > 2500), lowering kernel.perf_event_max_sample_rate to 78250
[10160.303510] hello: loading out-of-tree module taints kernel.
[10160.303519] hello: module license 'unspecified' taints kernel.
[10160.303521] Disabling lock debugging due to kernel taint
[10160.303672] hello: module verification failed: signature and/or required key missing - tainting kernel
[10160.304262] Hello my kernel module !! 
[10193.018373] Goodbye kernel !!
[10265.310169] perf: interrupt took too long (3225 > 3188), lowering kernel.perf_event_max_sample_rate to 62000
[11017.351416] [HIGHMEM]:Entering Module.
[11017.351419] [HIGHMEM]:array[0] = 0
[11017.351420] [HIGHMEM]:array[1] = 1
[11017.351421] [HIGHMEM]:array[2] = 2
[11017.351422] [HIGHMEM]:array[3] = 3
[11017.351423] [HIGHMEM]:array[4] = 4
[11017.351424] [HIGHMEM]:array[5] = 5
[11017.351426] [HIGHMEM]:array[6] = 6
[11017.351427] [HIGHMEM]:array[7] = 7
[11017.351428] [HIGHMEM]:array[8] = 8
[11017.351429] [HIGHMEM]:array[9] = 9
[11017.351430] [HIGHMEM]:array[10] = 10
[11017.351432] [HIGHMEM]:array[11] = 11
[11017.351433] [HIGHMEM]:array[12] = 12
[11017.351434] [HIGHMEM]:array[13] = 13
[11017.351435] [HIGHMEM]:array[14] = 14
[11017.351436] [HIGHMEM]:array[15] = 15
[11017.351438] [HIGHMEM]:array[16] = 16
[11017.351439] [HIGHMEM]:array[17] = 17
[11017.351440] [HIGHMEM]:array[18] = 18
[11017.351441] [HIGHMEM]:array[19] = 19
[11017.351443] [HIGHMEM]:array[20] = 20
[11017.351444] [HIGHMEM]:array[21] = 21
[11017.351445] [HIGHMEM]:array[22] = 22
[11017.351446] [HIGHMEM]:array[23] = 23
[11017.351447] [HIGHMEM]:array[24] = 24
[11017.351449] [HIGHMEM]:array[25] = 25
[11017.351450] [HIGHMEM]:array[26] = 26
[11017.351451] [HIGHMEM]:array[27] = 27
[11017.351452] [HIGHMEM]:array[28] = 28
[11017.351453] [HIGHMEM]:array[29] = 29
[11017.351454] [HIGHMEM]:array[30] = 30
[11017.351455] [HIGHMEM]:array[31] = 31
[11017.351456] [HIGHMEM]:array[32] = 32
[11017.351458] [HIGHMEM]:array[33] = 33
[11017.351459] [HIGHMEM]:array[34] = 34
[11017.351460] [HIGHMEM]:array[35] = 35
[11017.351461] [HIGHMEM]:array[36] = 36
[11017.351462] [HIGHMEM]:array[37] = 37
[11017.351463] [HIGHMEM]:array[38] = 38
[11017.351464] [HIGHMEM]:array[39] = 39
[11017.351465] [HIGHMEM]:array[40] = 40
[11017.351467] [HIGHMEM]:array[41] = 41
[11017.351468] [HIGHMEM]:array[42] = 42
[11017.351469] [HIGHMEM]:array[43] = 43
[11017.351470] [HIGHMEM]:array[44] = 44
[11017.351471] [HIGHMEM]:array[45] = 45
[11017.351472] [HIGHMEM]:array[46] = 46
[11017.351473] [HIGHMEM]:array[47] = 47
[11017.351475] [HIGHMEM]:array[48] = 48
[11017.351476] [HIGHMEM]:array[49] = 49
[11017.351477] [HIGHMEM]:array[50] = 50
[11017.351478] [HIGHMEM]:array[51] = 51
[11017.351479] [HIGHMEM]:array[52] = 52
[11017.351480] [HIGHMEM]:array[53] = 53
[11017.351482] [HIGHMEM]:array[54] = 54
[11017.351483] [HIGHMEM]:array[55] = 55
[11017.351484] [HIGHMEM]:array[56] = 56
[11017.351485] [HIGHMEM]:array[57] = 57
[11017.351486] [HIGHMEM]:array[58] = 58
[11017.351487] [HIGHMEM]:array[59] = 59
[11017.351489] [HIGHMEM]:array[60] = 60
[11017.351490] [HIGHMEM]:array[61] = 61
[11017.351491] [HIGHMEM]:array[62] = 62
[11017.351492] [HIGHMEM]:array[63] = 63
[11017.351493] [HIGHMEM]:array[64] = 64
[11017.351495] [HIGHMEM]:array[65] = 65
[11017.351496] [HIGHMEM]:array[66] = 66
[11017.351497] [HIGHMEM]:array[67] = 67
[11017.351498] [HIGHMEM]:array[68] = 68
[11017.351500] [HIGHMEM]:array[69] = 69
[11017.351501] [HIGHMEM]:array[70] = 70
[11017.351502] [HIGHMEM]:array[71] = 71
[11017.351503] [HIGHMEM]:array[72] = 72
[11017.351504] [HIGHMEM]:array[73] = 73
[11017.351506] [HIGHMEM]:array[74] = 74
[11017.351507] [HIGHMEM]:array[75] = 75
[11017.351508] [HIGHMEM]:array[76] = 76
[11017.351509] [HIGHMEM]:array[77] = 77
[11017.351510] [HIGHMEM]:array[78] = 78
[11017.351512] [HIGHMEM]:array[79] = 79
[11017.351513] [HIGHMEM]:array[80] = 80
[11017.351514] [HIGHMEM]:array[81] = 81
[11017.351516] [HIGHMEM]:array[82] = 82
[11017.351517] [HIGHMEM]:array[83] = 83
[11017.351518] [HIGHMEM]:array[84] = 84
[11017.351519] [HIGHMEM]:array[85] = 85
[11017.351520] [HIGHMEM]:array[86] = 86
[11017.351521] [HIGHMEM]:array[87] = 87
[11017.351523] [HIGHMEM]:array[88] = 88
[11017.351524] [HIGHMEM]:array[89] = 89
[11017.351525] [HIGHMEM]:array[90] = 90
[11017.351526] [HIGHMEM]:array[91] = 91
[11017.351528] [HIGHMEM]:array[92] = 92
[11017.351529] [HIGHMEM]:array[93] = 93
[11017.351530] [HIGHMEM]:array[94] = 94
[11017.351531] [HIGHMEM]:array[95] = 95
[11017.351532] [HIGHMEM]:array[96] = 96
[11017.351533] [HIGHMEM]:array[97] = 97
[11017.351534] [HIGHMEM]:array[98] = 98
[11017.351536] [HIGHMEM]:array[99] = 99
[11017.351537] [HIGHMEM]:array[100] = 100
[11017.351538] [HIGHMEM]:array[101] = 101
[11017.351539] [HIGHMEM]:array[102] = 102
[11017.351541] [HIGHMEM]:array[103] = 103
[11017.351542] [HIGHMEM]:array[104] = 104
[11017.351543] [HIGHMEM]:array[105] = 105
[11017.351544] [HIGHMEM]:array[106] = 106
[11017.351546] [HIGHMEM]:array[107] = 107
[11017.351547] [HIGHMEM]:array[108] = 108
[11017.351548] [HIGHMEM]:array[109] = 109
[11017.351550] [HIGHMEM]:array[110] = 110
[11017.351551] [HIGHMEM]:array[111] = 111
[11017.351552] [HIGHMEM]:array[112] = 112
[11017.351553] [HIGHMEM]:array[113] = 113
[11017.351555] [HIGHMEM]:array[114] = 114
[11017.351556] [HIGHMEM]:array[115] = 115
[11017.351557] [HIGHMEM]:array[116] = 116
[11017.351558] [HIGHMEM]:array[117] = 117
[11017.351560] [HIGHMEM]:array[118] = 118
[11017.351561] [HIGHMEM]:array[119] = 119
[11017.351562] [HIGHMEM]:array[120] = 120
[11017.351563] [HIGHMEM]:array[121] = 121
[11017.351565] [HIGHMEM]:array[122] = 122
[11017.351566] [HIGHMEM]:array[123] = 123
[11017.351567] [HIGHMEM]:array[124] = 124
[11017.351568] [HIGHMEM]:array[125] = 125
[11017.351570] [HIGHMEM]:array[126] = 126
[11017.351571] [HIGHMEM]:array[127] = 127
[11017.351572] [HIGHMEM]:array[128] = 128
[11017.351574] [HIGHMEM]:array[129] = 129
[11017.351575] [HIGHMEM]:array[130] = 130
[11017.351576] [HIGHMEM]:array[131] = 131
[11017.351578] [HIGHMEM]:array[132] = 132
[11017.351579] [HIGHMEM]:array[133] = 133
[11017.351581] [HIGHMEM]:array[134] = 134
[11017.351582] [HIGHMEM]:array[135] = 135
[11017.351583] [HIGHMEM]:array[136] = 136
[11017.351585] [HIGHMEM]:array[137] = 137
[11017.351586] [HIGHMEM]:array[138] = 138
[11017.351587] [HIGHMEM]:array[139] = 139
[11017.351589] [HIGHMEM]:array[140] = 140
[11017.351590] [HIGHMEM]:array[141] = 141
[11017.351591] [HIGHMEM]:array[142] = 142
[11017.351593] [HIGHMEM]:array[143] = 143
[11017.351594] [HIGHMEM]:array[144] = 144
[11017.351595] [HIGHMEM]:array[145] = 145
[11017.351597] [HIGHMEM]:array[146] = 146
[11017.351598] [HIGHMEM]:array[147] = 147
[11017.351599] [HIGHMEM]:array[148] = 148
[11017.351600] [HIGHMEM]:array[149] = 149
[11017.351602] [HIGHMEM]:array[150] = 150
[11017.351603] [HIGHMEM]:array[151] = 151
[11017.351604] [HIGHMEM]:array[152] = 152
[11017.351605] [HIGHMEM]:array[153] = 153
[11017.351607] [HIGHMEM]:array[154] = 154
[11017.351608] [HIGHMEM]:array[155] = 155
[11017.351609] [HIGHMEM]:array[156] = 156
[11017.351610] [HIGHMEM]:array[157] = 157
[11017.351611] [HIGHMEM]:array[158] = 158
[11017.351613] [HIGHMEM]:array[159] = 159
[11017.351614] [HIGHMEM]:array[160] = 160
[11017.351615] [HIGHMEM]:array[161] = 161
[11017.351616] [HIGHMEM]:array[162] = 162
[11017.351617] [HIGHMEM]:array[163] = 163
[11017.351619] [HIGHMEM]:array[164] = 164
[11017.351620] [HIGHMEM]:array[165] = 165
[11017.351621] [HIGHMEM]:array[166] = 166
[11017.351622] [HIGHMEM]:array[167] = 167
[11017.351623] [HIGHMEM]:array[168] = 168
[11017.351625] [HIGHMEM]:array[169] = 169
[11017.351626] [HIGHMEM]:array[170] = 170
[11017.351627] [HIGHMEM]:array[171] = 171
[11017.351629] [HIGHMEM]:array[172] = 172
[11017.351630] [HIGHMEM]:array[173] = 173
[11017.351631] [HIGHMEM]:array[174] = 174
[11017.351632] [HIGHMEM]:array[175] = 175
[11017.351643] [HIGHMEM]:array[176] = 176
[11017.351644] [HIGHMEM]:array[177] = 177
[11017.351645] [HIGHMEM]:array[178] = 178
[11017.351646] [HIGHMEM]:array[179] = 179
[11017.351648] [HIGHMEM]:array[180] = 180
[11017.351649] [HIGHMEM]:array[181] = 181
[11017.351650] [HIGHMEM]:array[182] = 182
[11017.351651] [HIGHMEM]:array[183] = 183
[11017.351652] [HIGHMEM]:array[184] = 184
[11017.351654] [HIGHMEM]:array[185] = 185
[11017.351655] [HIGHMEM]:array[186] = 186
[11017.351656] [HIGHMEM]:array[187] = 187
[11017.351657] [HIGHMEM]:array[188] = 188
[11017.351659] [HIGHMEM]:array[189] = 189
[11017.351660] [HIGHMEM]:array[190] = 190
[11017.351661] [HIGHMEM]:array[191] = 191
[11017.351663] [HIGHMEM]:array[192] = 192
[11017.351664] [HIGHMEM]:array[193] = 193
[11017.351665] [HIGHMEM]:array[194] = 194
[11017.351667] [HIGHMEM]:array[195] = 195
[11017.351668] [HIGHMEM]:array[196] = 196
[11017.351669] [HIGHMEM]:array[197] = 197
[11017.351670] [HIGHMEM]:array[198] = 198
[11017.351672] [HIGHMEM]:array[199] = 199
[11017.351673] [HIGHMEM]:array[200] = 200
[11017.351674] [HIGHMEM]:array[201] = 201
[11017.351676] [HIGHMEM]:array[202] = 202
[11017.351677] [HIGHMEM]:array[203] = 203
[11017.351678] [HIGHMEM]:array[204] = 204
[11017.351679] [HIGHMEM]:array[205] = 205
[11017.351681] [HIGHMEM]:array[206] = 206
[11017.351682] [HIGHMEM]:array[207] = 207
[11017.351683] [HIGHMEM]:array[208] = 208
[11017.351684] [HIGHMEM]:array[209] = 209
[11017.351686] [HIGHMEM]:array[210] = 210
[11017.351687] [HIGHMEM]:array[211] = 211
[11017.351688] [HIGHMEM]:array[212] = 212
[11017.351689] [HIGHMEM]:array[213] = 213
[11017.351690] [HIGHMEM]:array[214] = 214
[11017.351692] [HIGHMEM]:array[215] = 215
[11017.351693] [HIGHMEM]:array[216] = 216
[11017.351694] [HIGHMEM]:array[217] = 217
[11017.351695] [HIGHMEM]:array[218] = 218
[11017.351696] [HIGHMEM]:array[219] = 219
[11017.351698] [HIGHMEM]:array[220] = 220
[11017.351699] [HIGHMEM]:array[221] = 221
[11017.351700] [HIGHMEM]:array[222] = 222
[11017.351701] [HIGHMEM]:array[223] = 223
[11017.351702] [HIGHMEM]:array[224] = 224
[11017.351704] [HIGHMEM]:array[225] = 225
[11017.351705] [HIGHMEM]:array[226] = 226
[11017.351706] [HIGHMEM]:array[227] = 227
[11017.351708] [HIGHMEM]:array[228] = 228
[11017.351709] [HIGHMEM]:array[229] = 229
[11017.351710] [HIGHMEM]:array[230] = 230
[11017.351712] [HIGHMEM]:array[231] = 231
[11017.351713] [HIGHMEM]:array[232] = 232
[11017.351715] [HIGHMEM]:array[233] = 233
[11017.351716] [HIGHMEM]:array[234] = 234
[11017.351717] [HIGHMEM]:array[235] = 235
[11017.351719] [HIGHMEM]:array[236] = 236
[11017.351720] [HIGHMEM]:array[237] = 237
[11017.351722] [HIGHMEM]:array[238] = 238
[11017.351723] [HIGHMEM]:array[239] = 239
[11017.351724] [HIGHMEM]:array[240] = 240
[11017.351726] [HIGHMEM]:array[241] = 241
[11017.351727] [HIGHMEM]:array[242] = 242
[11017.351728] [HIGHMEM]:array[243] = 243
[11017.351729] [HIGHMEM]:array[244] = 244
[11017.351731] [HIGHMEM]:array[245] = 245
[11017.351732] [HIGHMEM]:array[246] = 246
[11017.351733] [HIGHMEM]:array[247] = 247
[11017.351735] [HIGHMEM]:array[248] = 248
[11017.351736] [HIGHMEM]:array[249] = 249
[11017.351737] [HIGHMEM]:array[250] = 250
[11017.351738] [HIGHMEM]:array[251] = 251
[11017.351739] [HIGHMEM]:array[252] = 252
[11017.351740] [HIGHMEM]:array[253] = 253
[11017.351742] [HIGHMEM]:array[254] = 254
[11017.351743] [HIGHMEM]:array[255] = 255
[11017.351744] [HIGHMEM]:array[256] = 256
[11017.351745] [HIGHMEM]:array[257] = 257
[11017.351747] [HIGHMEM]:array[258] = 258
[11017.351748] [HIGHMEM]:array[259] = 259
[11017.351749] [HIGHMEM]:array[260] = 260
[11017.351750] [HIGHMEM]:array[261] = 261
[11017.351751] [HIGHMEM]:array[262] = 262
[11017.351753] [HIGHMEM]:array[263] = 263
[11017.351754] [HIGHMEM]:array[264] = 264
[11017.351755] [HIGHMEM]:array[265] = 265
[11017.351756] [HIGHMEM]:array[266] = 266
[11017.351757] [HIGHMEM]:array[267] = 267
[11017.351759] [HIGHMEM]:array[268] = 268
[11017.351760] [HIGHMEM]:array[269] = 269
[11017.351761] [HIGHMEM]:array[270] = 270
[11017.351762] [HIGHMEM]:array[271] = 271
[11017.351763] [HIGHMEM]:array[272] = 272
[11017.351765] [HIGHMEM]:array[273] = 273
[11017.351766] [HIGHMEM]:array[274] = 274
[11017.351767] [HIGHMEM]:array[275] = 275
[11017.351769] [HIGHMEM]:array[276] = 276
[11017.351770] [HIGHMEM]:array[277] = 277
[11017.351771] [HIGHMEM]:array[278] = 278
[11017.351772] [HIGHMEM]:array[279] = 279
[11017.351773] [HIGHMEM]:array[280] = 280
[11017.351774] [HIGHMEM]:array[281] = 281
[11017.351776] [HIGHMEM]:array[282] = 282
[11017.351777] [HIGHMEM]:array[283] = 283
[11017.351778] [HIGHMEM]:array[284] = 284
[11017.351779] [HIGHMEM]:array[285] = 285
[11017.351780] [HIGHMEM]:array[286] = 286
[11017.351781] [HIGHMEM]:array[287] = 287
[11017.351782] [HIGHMEM]:array[288] = 288
[11017.351784] [HIGHMEM]:array[289] = 289
[11017.351785] [HIGHMEM]:array[290] = 290
[11017.351786] [HIGHMEM]:array[291] = 291
[11017.351788] [HIGHMEM]:array[292] = 292
[11017.351789] [HIGHMEM]:array[293] = 293
[11017.351790] [HIGHMEM]:array[294] = 294
[11017.351792] [HIGHMEM]:array[295] = 295
[11017.351793] [HIGHMEM]:array[296] = 296
[11017.351794] [HIGHMEM]:array[297] = 297
[11017.351796] [HIGHMEM]:array[298] = 298
[11017.351797] [HIGHMEM]:array[299] = 299
[11017.351798] [HIGHMEM]:array[300] = 300
[11017.351799] [HIGHMEM]:array[301] = 301
[11017.351801] [HIGHMEM]:array[302] = 302
[11017.351802] [HIGHMEM]:array[303] = 303
[11017.351803] [HIGHMEM]:array[304] = 304
[11017.351804] [HIGHMEM]:array[305] = 305
[11017.351805] [HIGHMEM]:array[306] = 306
[11017.351806] [HIGHMEM]:array[307] = 307
[11017.351808] [HIGHMEM]:array[308] = 308
[11017.351809] [HIGHMEM]:array[309] = 309
[11017.351810] [HIGHMEM]:array[310] = 310
[11017.351811] [HIGHMEM]:array[311] = 311
[11017.351812] [HIGHMEM]:array[312] = 312
[11017.351813] [HIGHMEM]:array[313] = 313
[11017.351815] [HIGHMEM]:array[314] = 314
[11017.351816] [HIGHMEM]:array[315] = 315
[11017.351817] [HIGHMEM]:array[316] = 316
[11017.351818] [HIGHMEM]:array[317] = 317
[11017.351820] [HIGHMEM]:array[318] = 318
[11017.351821] [HIGHMEM]:array[319] = 319
[11017.351822] [HIGHMEM]:array[320] = 320
[11017.351823] [HIGHMEM]:array[321] = 321
[11017.351825] [HIGHMEM]:array[322] = 322
[11017.351826] [HIGHMEM]:array[323] = 323
[11017.351827] [HIGHMEM]:array[324] = 324
[11017.351828] [HIGHMEM]:array[325] = 325
[11017.351830] [HIGHMEM]:array[326] = 326
[11017.351831] [HIGHMEM]:array[327] = 327
[11017.351832] [HIGHMEM]:array[328] = 328
[11017.351834] [HIGHMEM]:array[329] = 329
[11017.351835] [HIGHMEM]:array[330] = 330
[11017.351836] [HIGHMEM]:array[331] = 331
[11017.351837] [HIGHMEM]:array[332] = 332
[11017.351839] [HIGHMEM]:array[333] = 333
[11017.351840] [HIGHMEM]:array[334] = 334
[11017.351841] [HIGHMEM]:array[335] = 335
[11017.351842] [HIGHMEM]:array[336] = 336
[11017.351844] [HIGHMEM]:array[337] = 337
[11017.351845] [HIGHMEM]:array[338] = 338
[11017.351846] [HIGHMEM]:array[339] = 339
[11017.351847] [HIGHMEM]:array[340] = 340
[11017.351849] [HIGHMEM]:array[341] = 341
[11017.351850] [HIGHMEM]:array[342] = 342
[11017.351851] [HIGHMEM]:array[343] = 343
[11017.351852] [HIGHMEM]:array[344] = 344
[11017.351854] [HIGHMEM]:array[345] = 345
[11017.351855] [HIGHMEM]:array[346] = 346
[11017.351856] [HIGHMEM]:array[347] = 347
[11017.351857] [HIGHMEM]:array[348] = 348
[11017.351859] [HIGHMEM]:array[349] = 349
[11017.351860] [HIGHMEM]:array[350] = 350
[11017.351861] [HIGHMEM]:array[351] = 351
[11017.351863] [HIGHMEM]:array[352] = 352
[11017.351864] [HIGHMEM]:array[353] = 353
[11017.351865] [HIGHMEM]:array[354] = 354
[11017.351866] [HIGHMEM]:array[355] = 355
[11017.351868] [HIGHMEM]:array[356] = 356
[11017.351869] [HIGHMEM]:array[357] = 357
[11017.351870] [HIGHMEM]:array[358] = 358
[11017.351872] [HIGHMEM]:array[359] = 359
[11017.351873] [HIGHMEM]:array[360] = 360
[11017.351874] [HIGHMEM]:array[361] = 361
[11017.351876] [HIGHMEM]:array[362] = 362
[11017.351877] [HIGHMEM]:array[363] = 363
[11017.351878] [HIGHMEM]:array[364] = 364
[11017.351879] [HIGHMEM]:array[365] = 365
[11017.351881] [HIGHMEM]:array[366] = 366
[11017.351882] [HIGHMEM]:array[367] = 367
[11017.351883] [HIGHMEM]:array[368] = 368
[11017.351884] [HIGHMEM]:array[369] = 369
[11017.351886] [HIGHMEM]:array[370] = 370
[11017.351887] [HIGHMEM]:array[371] = 371
[11017.351888] [HIGHMEM]:array[372] = 372
[11017.351890] [HIGHMEM]:array[373] = 373
[11017.351891] [HIGHMEM]:array[374] = 374
[11017.351892] [HIGHMEM]:array[375] = 375
[11017.351894] [HIGHMEM]:array[376] = 376
[11017.351895] [HIGHMEM]:array[377] = 377
[11017.351896] [HIGHMEM]:array[378] = 378
[11017.351898] [HIGHMEM]:array[379] = 379
[11017.351899] [HIGHMEM]:array[380] = 380
[11017.351901] [HIGHMEM]:array[381] = 381
[11017.351902] [HIGHMEM]:array[382] = 382
[11017.351903] [HIGHMEM]:array[383] = 383
[11017.351904] [HIGHMEM]:array[384] = 384
[11017.351906] [HIGHMEM]:array[385] = 385
[11017.351907] [HIGHMEM]:array[386] = 386
[11017.351908] [HIGHMEM]:array[387] = 387
[11017.351910] [HIGHMEM]:array[388] = 388
[11017.351911] [HIGHMEM]:array[389] = 389
[11017.351912] [HIGHMEM]:array[390] = 390
[11017.351913] [HIGHMEM]:array[391] = 391
[11017.351915] [HIGHMEM]:array[392] = 392
[11017.351916] [HIGHMEM]:array[393] = 393
[11017.351917] [HIGHMEM]:array[394] = 394
[11017.351919] [HIGHMEM]:array[395] = 395
[11017.351920] [HIGHMEM]:array[396] = 396
[11017.351921] [HIGHMEM]:array[397] = 397
[11017.351923] [HIGHMEM]:array[398] = 398
[11017.351924] [HIGHMEM]:array[399] = 399
[11017.351925] [HIGHMEM]:array[400] = 400
[11017.351927] [HIGHMEM]:array[401] = 401
[11017.351928] [HIGHMEM]:array[402] = 402
[11017.351929] [HIGHMEM]:array[403] = 403
[11017.351930] [HIGHMEM]:array[404] = 404
[11017.351932] [HIGHMEM]:array[405] = 405
[11017.351933] [HIGHMEM]:array[406] = 406
[11017.351934] [HIGHMEM]:array[407] = 407
[11017.351936] [HIGHMEM]:array[408] = 408
[11017.351937] [HIGHMEM]:array[409] = 409
[11017.351938] [HIGHMEM]:array[410] = 410
[11017.351939] [HIGHMEM]:array[411] = 411
[11017.351941] [HIGHMEM]:array[412] = 412
[11017.351942] [HIGHMEM]:array[413] = 413
[11017.351943] [HIGHMEM]:array[414] = 414
[11017.351944] [HIGHMEM]:array[415] = 415
[11017.351946] [HIGHMEM]:array[416] = 416
[11017.351947] [HIGHMEM]:array[417] = 417
[11017.351948] [HIGHMEM]:array[418] = 418
[11017.351949] [HIGHMEM]:array[419] = 419
[11017.351951] [HIGHMEM]:array[420] = 420
[11017.351952] [HIGHMEM]:array[421] = 421
[11017.351953] [HIGHMEM]:array[422] = 422
[11017.351954] [HIGHMEM]:array[423] = 423
[11017.351956] [HIGHMEM]:array[424] = 424
[11017.351957] [HIGHMEM]:array[425] = 425
[11017.351958] [HIGHMEM]:array[426] = 426
[11017.351960] [HIGHMEM]:array[427] = 427
[11017.351961] [HIGHMEM]:array[428] = 428
[11017.351962] [HIGHMEM]:array[429] = 429
[11017.351963] [HIGHMEM]:array[430] = 430
[11017.351964] [HIGHMEM]:array[431] = 431
[11017.351966] [HIGHMEM]:array[432] = 432
[11017.351967] [HIGHMEM]:array[433] = 433
[11017.351968] [HIGHMEM]:array[434] = 434
[11017.351969] [HIGHMEM]:array[435] = 435
[11017.351971] [HIGHMEM]:array[436] = 436
[11017.351972] [HIGHMEM]:array[437] = 437
[11017.351973] [HIGHMEM]:array[438] = 438
[11017.351974] [HIGHMEM]:array[439] = 439
[11017.351976] [HIGHMEM]:array[440] = 440
[11017.351977] [HIGHMEM]:array[441] = 441
[11017.351978] [HIGHMEM]:array[442] = 442
[11017.351980] [HIGHMEM]:array[443] = 443
[11017.351981] [HIGHMEM]:array[444] = 444
[11017.351982] [HIGHMEM]:array[445] = 445
[11017.351983] [HIGHMEM]:array[446] = 446
[11017.351985] [HIGHMEM]:array[447] = 447
[11017.351986] [HIGHMEM]:array[448] = 448
[11017.351987] [HIGHMEM]:array[449] = 449
[11017.351988] [HIGHMEM]:array[450] = 450
[11017.351990] [HIGHMEM]:array[451] = 451
[11017.351991] [HIGHMEM]:array[452] = 452
[11017.351992] [HIGHMEM]:array[453] = 453
[11017.351994] [HIGHMEM]:array[454] = 454
[11017.351995] [HIGHMEM]:array[455] = 455
[11017.351996] [HIGHMEM]:array[456] = 456
[11017.351997] [HIGHMEM]:array[457] = 457
[11017.351999] [HIGHMEM]:array[458] = 458
[11017.352000] [HIGHMEM]:array[459] = 459
[11017.352001] [HIGHMEM]:array[460] = 460
[11017.352002] [HIGHMEM]:array[461] = 461
[11017.352004] [HIGHMEM]:array[462] = 462
[11017.352005] [HIGHMEM]:array[463] = 463
[11017.352006] [HIGHMEM]:array[464] = 464
[11017.352007] [HIGHMEM]:array[465] = 465
[11017.352009] [HIGHMEM]:array[466] = 466
[11017.352010] [HIGHMEM]:array[467] = 467
[11017.352011] [HIGHMEM]:array[468] = 468
[11017.352013] [HIGHMEM]:array[469] = 469
[11017.352014] [HIGHMEM]:array[470] = 470
[11017.352015] [HIGHMEM]:array[471] = 471
[11017.352016] [HIGHMEM]:array[472] = 472
[11017.352018] [HIGHMEM]:array[473] = 473
[11017.352019] [HIGHMEM]:array[474] = 474
[11017.352020] [HIGHMEM]:array[475] = 475
[11017.352022] [HIGHMEM]:array[476] = 476
[11017.352023] [HIGHMEM]:array[477] = 477
[11017.352024] [HIGHMEM]:array[478] = 478
[11017.352025] [HIGHMEM]:array[479] = 479
[11017.352027] [HIGHMEM]:array[480] = 480
[11017.352028] [HIGHMEM]:array[481] = 481
[11017.352029] [HIGHMEM]:array[482] = 482
[11017.352030] [HIGHMEM]:array[483] = 483
[11017.352032] [HIGHMEM]:array[484] = 484
[11017.352033] [HIGHMEM]:array[485] = 485
[11017.352034] [HIGHMEM]:array[486] = 486
[11017.352035] [HIGHMEM]:array[487] = 487
[11017.352037] [HIGHMEM]:array[488] = 488
[11017.352038] [HIGHMEM]:array[489] = 489
[11017.352039] [HIGHMEM]:array[490] = 490
[11017.352040] [HIGHMEM]:array[491] = 491
[11017.352042] [HIGHMEM]:array[492] = 492
[11017.352043] [HIGHMEM]:array[493] = 493
[11017.352044] [HIGHMEM]:array[494] = 494
[11017.352045] [HIGHMEM]:array[495] = 495
[11017.352046] [HIGHMEM]:array[496] = 496
[11017.352048] [HIGHMEM]:array[497] = 497
[11017.352049] [HIGHMEM]:array[498] = 498
[11017.352050] [HIGHMEM]:array[499] = 499
[11017.352052] [HIGHMEM]:array[500] = 500
[11017.352053] [HIGHMEM]:array[501] = 501
[11017.352054] [HIGHMEM]:array[502] = 502
[11017.352055] [HIGHMEM]:array[503] = 503
[11017.352056] [HIGHMEM]:array[504] = 504
[11017.352058] [HIGHMEM]:array[505] = 505
[11017.352059] [HIGHMEM]:array[506] = 506
[11017.352060] [HIGHMEM]:array[507] = 507
[11017.352061] [HIGHMEM]:array[508] = 508
[11017.352062] [HIGHMEM]:array[509] = 509
[11017.352063] [HIGHMEM]:array[510] = 510
[11017.352064] [HIGHMEM]:array[511] = 511
[11017.352065] [HIGHMEM]:array[512] = 512
[11017.352065] [HIGHMEM]:array[513] = 513
[11017.352066] [HIGHMEM]:array[514] = 514
[11017.352067] [HIGHMEM]:array[515] = 515
[11017.352068] [HIGHMEM]:array[516] = 516
[11017.352069] [HIGHMEM]:array[517] = 517
[11017.352070] [HIGHMEM]:array[518] = 518
[11017.352071] [HIGHMEM]:array[519] = 519
[11017.352072] [HIGHMEM]:array[520] = 520
[11017.352073] [HIGHMEM]:array[521] = 521
[11017.352073] [HIGHMEM]:array[522] = 522
[11017.352074] [HIGHMEM]:array[523] = 523
[11017.352075] [HIGHMEM]:array[524] = 524
[11017.352076] [HIGHMEM]:array[525] = 525
[11017.352077] [HIGHMEM]:array[526] = 526
[11017.352078] [HIGHMEM]:array[527] = 527
[11017.352079] [HIGHMEM]:array[528] = 528
[11017.352080] [HIGHMEM]:array[529] = 529
[11017.352081] [HIGHMEM]:array[530] = 530
[11017.352081] [HIGHMEM]:array[531] = 531
[11017.352082] [HIGHMEM]:array[532] = 532
[11017.352083] [HIGHMEM]:array[533] = 533
[11017.352084] [HIGHMEM]:array[534] = 534
[11017.352085] [HIGHMEM]:array[535] = 535
[11017.352086] [HIGHMEM]:array[536] = 536
[11017.352087] [HIGHMEM]:array[537] = 537
[11017.352088] [HIGHMEM]:array[538] = 538
[11017.352089] [HIGHMEM]:array[539] = 539
[11017.352090] [HIGHMEM]:array[540] = 540
[11017.352091] [HIGHMEM]:array[541] = 541
[11017.352091] [HIGHMEM]:array[542] = 542
[11017.352092] [HIGHMEM]:array[543] = 543
[11017.352093] [HIGHMEM]:array[544] = 544
[11017.352094] [HIGHMEM]:array[545] = 545
